In file included from /root/maturo_project/leap_low_v1/managed_components/micro_ros_espidf_component/micro_ros_src/src/rcutils/src/filesystem.c:22:
/root/esp/esp-idf/components/newlib/platform_include/stdio.h:10:2: warning: #include_next is a GCC extension
   10 | #include_next <stdio.h>
      |  ^~~~~~~~~~~~
In file included from /root/maturo_project/leap_low_v1/managed_components/micro_ros_espidf_component/micro_ros_src/src/rcutils/src/find.c:21:
/root/esp/esp-idf/components/newlib/platform_include/stdio.h:10:2: warning: #include_next is a GCC extension
   10 | #include_next <stdio.h>
      |  ^~~~~~~~~~~~
In file included from /root/maturo_project/leap_low_v1/managed_components/micro_ros_espidf_component/micro_ros_src/src/rcutils/src/shared_library.c:19:
/root/esp/esp-idf/components/newlib/platform_include/stdio.h:10:2: warning: #include_next is a GCC extension
   10 | #include_next <stdio.h>
      |  ^~~~~~~~~~~~
In file included from /root/maturo_project/leap_low_v1/managed_components/micro_ros_espidf_component/micro_ros_src/src/rcutils/src/env.c:21:
/root/esp/esp-idf/components/newlib/platform_include/stdio.h:10:2: warning: #include_next is a GCC extension
   10 | #include_next <stdio.h>
      |  ^~~~~~~~~~~~
In file included from /root/maturo_project/leap_low_v1/managed_components/micro_ros_espidf_component/micro_ros_src/src/rcutils/src/allocator.c:16:
/root/esp/esp-idf/components/newlib/platform_include/stdio.h:10:2: warning: #include_next is a GCC extension
   10 | #include_next <stdio.h>
      |  ^~~~~~~~~~~~
In file included from /root/maturo_project/leap_low_v1/managed_components/micro_ros_espidf_component/micro_ros_src/src/rcutils/include/rcutils/error_handling.h:32,
                 from /root/maturo_project/leap_low_v1/managed_components/micro_ros_espidf_component/micro_ros_src/src/rcutils/src/array_list.c:23:
/root/esp/esp-idf/components/newlib/platform_include/stdio.h:10:2: warning: #include_next is a GCC extension
   10 | #include_next <stdio.h>
      |  ^~~~~~~~~~~~
In file included from /root/maturo_project/leap_low_v1/managed_components/micro_ros_espidf_component/micro_ros_src/src/rcutils/include/rcutils/error_handling.h:28,
                 from /root/maturo_project/leap_low_v1/managed_components/micro_ros_espidf_component/micro_ros_src/src/rcutils/src/error_handling.c:22:
/root/esp/esp-idf/components/newlib/platform_include/assert.h:15:2: warning: #include_next is a GCC extension
   15 | #include_next <assert.h>
      |  ^~~~~~~~~~~~
In file included from /root/maturo_project/leap_low_v1/managed_components/micro_ros_espidf_component/micro_ros_src/src/rcutils/include/rcutils/error_handling.h:32:
/root/esp/esp-idf/components/newlib/platform_include/stdio.h:10:2: warning: #include_next is a GCC extension
   10 | #include_next <stdio.h>
      |  ^~~~~~~~~~~~
In file included from /root/maturo_project/leap_low_v1/managed_components/micro_ros_espidf_component/micro_ros_src/src/rcutils/src/split.c:20:
/root/esp/esp-idf/components/newlib/platform_include/stdio.h:10:2: warning: #include_next is a GCC extension
   10 | #include_next <stdio.h>
      |  ^~~~~~~~~~~~
In file included from /root/maturo_project/leap_low_v1/managed_components/micro_ros_espidf_component/micro_ros_src/src/rcutils/include/rcutils/error_handling.h:28,
                 from /root/maturo_project/leap_low_v1/managed_components/micro_ros_espidf_component/micro_ros_src/src/rcutils/src/char_array.c:16:
/root/esp/esp-idf/components/newlib/platform_include/assert.h:15:2: warning: #include_next is a GCC extension
   15 | #include_next <assert.h>
      |  ^~~~~~~~~~~~
In file included from /root/maturo_project/leap_low_v1/managed_components/micro_ros_espidf_component/micro_ros_src/src/rcutils/include/rcutils/error_handling.h:32:
/root/esp/esp-idf/components/newlib/platform_include/stdio.h:10:2: warning: #include_next is a GCC extension
   10 | #include_next <stdio.h>
      |  ^~~~~~~~~~~~
In file included from /root/maturo_project/leap_low_v1/managed_components/micro_ros_espidf_component/micro_ros_src/src/rcutils/include/rcutils/error_handling.h:32,
                 from /root/maturo_project/leap_low_v1/managed_components/micro_ros_espidf_component/micro_ros_src/src/rcutils/src/./common.h:23,
                 from /root/maturo_project/leap_low_v1/managed_components/micro_ros_espidf_component/micro_ros_src/src/rcutils/src/string_map.c:27:
/root/esp/esp-idf/components/newlib/platform_include/stdio.h:10:2: warning: #include_next is a GCC extension
   10 | #include_next <stdio.h>
      |  ^~~~~~~~~~~~
In file included from /root/maturo_project/leap_low_v1/managed_components/micro_ros_espidf_component/micro_ros_src/src/rcutils/include/rcutils/error_handling.h:32,
                 from /root/maturo_project/leap_low_v1/managed_components/micro_ros_espidf_component/micro_ros_src/src/rcutils/src/qsort.c:22:
/root/esp/esp-idf/components/newlib/platform_include/stdio.h:10:2: warning: #include_next is a GCC extension
   10 | #include_next <stdio.h>
      |  ^~~~~~~~~~~~
In file included from /root/maturo_project/leap_low_v1/managed_components/micro_ros_espidf_component/micro_ros_src/src/rcutils/src/error_handling.c:35:
/root/maturo_project/leap_low_v1/managed_components/micro_ros_espidf_component/micro_ros_src/src/rcutils/src/./error_handling_helpers.h: In function '__rcutils_convert_uint64_t_into_c_str':
/root/maturo_project/leap_low_v1/managed_components/micro_ros_espidf_component/micro_ros_src/src/rcutils/src/./error_handling_helpers.h:109:48: warning: unused parameter 'number' [-Wunused-parameter]
  109 | __rcutils_convert_uint64_t_into_c_str(uint64_t number, char * buffer, size_t buffer_size)
      |                                       ~~~~~~~~~^~~~~~
/root/maturo_project/leap_low_v1/managed_components/micro_ros_espidf_component/micro_ros_src/src/rcutils/src/./error_handling_helpers.h:109:63: warning: unused parameter 'buffer' [-Wunused-parameter]
  109 | __rcutils_convert_uint64_t_into_c_str(uint64_t number, char * buffer, size_t buffer_size)
      |                                                        ~~~~~~~^~~~~~
/root/maturo_project/leap_low_v1/managed_components/micro_ros_espidf_component/micro_ros_src/src/rcutils/src/./error_handling_helpers.h:109:78: warning: unused parameter 'buffer_size' [-Wunused-parameter]
  109 | __rcutils_convert_uint64_t_into_c_str(uint64_t number, char * buffer, size_t buffer_size)
      |                                                                       ~~~~~~~^~~~~~~~~~~
/root/maturo_project/leap_low_v1/managed_components/micro_ros_espidf_component/micro_ros_src/src/rcutils/src/./error_handling_helpers.h: In function '__rcutils_format_error_string':
/root/maturo_project/leap_low_v1/managed_components/micro_ros_espidf_component/micro_ros_src/src/rcutils/src/./error_handling_helpers.h:142:28: warning: unused parameter 'error_string' [-Wunused-parameter]
  142 |   rcutils_error_string_t * error_string,
      |   ~~~~~~~~~~~~~~~~~~~~~~~~~^~~~~~~~~~~~
/root/maturo_project/leap_low_v1/managed_components/micro_ros_espidf_component/micro_ros_src/src/rcutils/src/./error_handling_helpers.h:143:33: warning: unused parameter 'error_state' [-Wunused-parameter]
  143 |   const rcutils_error_state_t * error_state)
      |   ~~~~~~~~~~~~~~~~~~~~~~~~~~~~~~^~~~~~~~~~~
In file included from /root/maturo_project/leap_low_v1/managed_components/micro_ros_espidf_component/micro_ros_src/src/rcutils/src/hash_map.c:21:
/root/esp/esp-idf/components/newlib/platform_include/stdio.h:10:2: warning: #include_next is a GCC extension
   10 | #include_next <stdio.h>
      |  ^~~~~~~~~~~~
/root/maturo_project/leap_low_v1/managed_components/micro_ros_espidf_component/micro_ros_src/src/rcutils/src/error_handling.c: In function 'rcutils_get_error_string':
/root/maturo_project/leap_low_v1/managed_components/micro_ros_espidf_component/micro_ros_src/src/rcutils/src/error_handling.c:240:38: warning: initializer-string for array of 'char' is too long
  240 |     return (rcutils_error_string_t) {"error not set"};  // NOLINT(readability/braces)
      |                                      ^~~~~~~~~~~~~~~
/root/maturo_project/leap_low_v1/managed_components/micro_ros_espidf_component/micro_ros_src/src/rcutils/src/error_handling.c:240:38: note: (near initialization for '(anonymous).str')
In file included from /root/maturo_project/leap_low_v1/managed_components/micro_ros_espidf_component/micro_ros_src/src/rcutils/include/rcutils/testing/fault_injection.h:18,
                 from /root/maturo_project/leap_low_v1/managed_components/micro_ros_espidf_component/micro_ros_src/src/rcutils/src/testing/fault_injection.c:15:
/root/esp/esp-idf/components/newlib/platform_include/stdio.h:10:2: warning: #include_next is a GCC extension
   10 | #include_next <stdio.h>
      |  ^~~~~~~~~~~~
/root/maturo_project/leap_low_v1/managed_components/micro_ros_espidf_component/micro_ros_src/src/rcutils/src/./error_handling_helpers.h: At top level:
/root/maturo_project/leap_low_v1/managed_components/micro_ros_espidf_component/micro_ros_src/src/rcutils/src/./error_handling_helpers.h:109:1: warning: '__rcutils_convert_uint64_t_into_c_str' defined but not used [-Wunused-function]
  109 | __rcutils_convert_uint64_t_into_c_str(uint64_t number, char * buffer, size_t buffer_size)
      | ^~~~~~~~~~~~~~~~~~~~~~~~~~~~~~~~~~~~~
/root/maturo_project/leap_low_v1/managed_components/micro_ros_espidf_component/micro_ros_src/src/rcutils/src/./error_handling_helpers.h:91:1: warning: '__rcutils_reverse_str' defined but not used [-Wunused-function]
   91 | __rcutils_reverse_str(char * string_in, size_t string_len)
      | ^~~~~~~~~~~~~~~~~~~~~
In file included from /root/maturo_project/leap_low_v1/managed_components/micro_ros_espidf_component/micro_ros_src/src/rcutils/src/snprintf.c:27:
/root/esp/esp-idf/components/newlib/platform_include/stdio.h:10:2: warning: #include_next is a GCC extension
   10 | #include_next <stdio.h>
      |  ^~~~~~~~~~~~
In file included from /root/maturo_project/leap_low_v1/managed_components/micro_ros_espidf_component/micro_ros_src/src/rcutils/include/rcutils/error_handling.h:32,
                 from /root/maturo_project/leap_low_v1/managed_components/micro_ros_espidf_component/micro_ros_src/src/rcutils/src/./common.h:23,
                 from /root/maturo_project/leap_low_v1/managed_components/micro_ros_espidf_component/micro_ros_src/src/rcutils/src/strdup.c:25:
/root/esp/esp-idf/components/newlib/platform_include/stdio.h:10:2: warning: #include_next is a GCC extension
   10 | #include_next <stdio.h>
      |  ^~~~~~~~~~~~
In file included from /root/maturo_project/leap_low_v1/managed_components/micro_ros_espidf_component/micro_ros_src/src/rcutils/include/rcutils/error_handling.h:32,
                 from /root/maturo_project/leap_low_v1/managed_components/micro_ros_espidf_component/micro_ros_src/src/rcutils/src/process.c:43:
/root/esp/esp-idf/components/newlib/platform_include/stdio.h:10:2: warning: #include_next is a GCC extension
   10 | #include_next <stdio.h>
      |  ^~~~~~~~~~~~
In file included from /root/maturo_project/leap_low_v1/managed_components/micro_ros_espidf_component/micro_ros_src/src/rcutils/src/logging.c:24:
/root/esp/esp-idf/components/newlib/platform_include/stdio.h:10:2: warning: #include_next is a GCC extension
   10 | #include_next <stdio.h>
      |  ^~~~~~~~~~~~
In file included from /root/maturo_project/leap_low_v1/managed_components/micro_ros_espidf_component/micro_ros_src/src/rcutils/include/rcutils/error_handling.h:32,
                 from /root/maturo_project/leap_low_v1/managed_components/micro_ros_espidf_component/micro_ros_src/src/rcutils/src/string_array.c:24:
/root/esp/esp-idf/components/newlib/platform_include/stdio.h:10:2: warning: #include_next is a GCC extension
   10 | #include_next <stdio.h>
      |  ^~~~~~~~~~~~
In file included from /root/maturo_project/leap_low_v1/managed_components/micro_ros_espidf_component/micro_ros_src/src/rcutils/include/rcutils/logging.h:22,
                 from /root/maturo_project/leap_low_v1/managed_components/micro_ros_espidf_component/micro_ros_src/build/rcutils/include/rcutils/logging_macros.h:22,
                 from /root/maturo_project/leap_low_v1/managed_components/micro_ros_espidf_component/micro_ros_src/src/rcutils/src/time_unix.c:24:
/root/esp/esp-idf/components/newlib/platform_include/stdio.h:10:2: warning: #include_next is a GCC extension
   10 | #include_next <stdio.h>
      |  ^~~~~~~~~~~~
In file included from /root/maturo_project/leap_low_v1/managed_components/micro_ros_espidf_component/micro_ros_src/src/rcutils/include/rcutils/error_handling.h:28,
                 from /root/maturo_project/leap_low_v1/managed_components/micro_ros_espidf_component/micro_ros_src/src/rcutils/src/uint8_array.c:15:
/root/esp/esp-idf/components/newlib/platform_include/assert.h:15:2: warning: #include_next is a GCC extension
   15 | #include_next <assert.h>
      |  ^~~~~~~~~~~~
In file included from /root/maturo_project/leap_low_v1/managed_components/micro_ros_espidf_component/micro_ros_src/src/rcutils/include/rcutils/error_handling.h:32:
/root/esp/esp-idf/components/newlib/platform_include/stdio.h:10:2: warning: #include_next is a GCC extension
   10 | #include_next <stdio.h>
      |  ^~~~~~~~~~~~
In file included from /root/maturo_project/leap_low_v1/managed_components/micro_ros_espidf_component/micro_ros_src/src/rcutils/include/rcutils/error_handling.h:32,
                 from /root/maturo_project/leap_low_v1/managed_components/micro_ros_espidf_component/micro_ros_src/src/rcutils/include/rcutils/types/string_array.h:28,
                 from /root/maturo_project/leap_low_v1/managed_components/micro_ros_espidf_component/micro_ros_src/src/rcutils/include/rcutils/types.h:26,
                 from /root/maturo_project/leap_low_v1/managed_components/micro_ros_espidf_component/micro_ros_src/src/rcutils/include/rcutils/time.h:28,
                 from /root/maturo_project/leap_low_v1/managed_components/micro_ros_espidf_component/micro_ros_src/src/rcutils/src/time.c:20:
/root/esp/esp-idf/components/newlib/platform_include/stdio.h:10:2: warning: #include_next is a GCC extension
   10 | #include_next <stdio.h>
      |  ^~~~~~~~~~~~
/root/maturo_project/leap_low_v1/managed_components/micro_ros_espidf_component/micro_ros_src/src/rcutils/src/logging.c: In function 'rcutils_get_env_var_zero_or_one':
/root/maturo_project/leap_low_v1/managed_components/micro_ros_espidf_component/micro_ros_src/src/rcutils/src/logging.c:130:35: warning: unused parameter 'zero_semantic' [-Wunused-parameter]
  130 |   const char * name, const char * zero_semantic,
      |                      ~~~~~~~~~~~~~^~~~~~~~~~~~~
/root/maturo_project/leap_low_v1/managed_components/micro_ros_espidf_component/micro_ros_src/src/rcutils/src/logging.c:131:16: warning: unused parameter 'one_semantic' [-Wunused-parameter]
  131 |   const char * one_semantic)
      |   ~~~~~~~~~~~~~^~~~~~~~~~~~
In file included from /root/maturo_project/leap_low_v1/managed_components/micro_ros_espidf_component/micro_ros_src/src/rcutils/src/time.c:25:
/root/esp/esp-idf/components/newlib/platform_include/time.h:11:2: warning: #include_next is a GCC extension
   11 | #include_next <time.h>
      |  ^~~~~~~~~~~~
In file included from /root/maturo_project/leap_low_v1/managed_components/micro_ros_espidf_component/micro_ros_src/src/rcutils/src/time_unix.c:42:
/root/esp/esp-idf/components/newlib/platform_include/time.h:11:2: warning: #include_next is a GCC extension
   11 | #include_next <time.h>
      |  ^~~~~~~~~~~~
