Not searching for unused variables given on the command line.
-- The C compiler identification is GNU 14.2.0
-- The CXX compiler identification is GNU 14.2.0
-- Detecting C compiler ABI info
-- Detecting C compiler ABI info - done
-- Check for working C compiler: /root/.espressif/tools/xtensa-esp-elf/esp-14.2.0_20251107/xtensa-esp-elf/bin/xtensa-esp32s3-elf-gcc - skipped
-- Detecting C compile features
-- Detecting C compile features - done
-- Detecting CXX compiler ABI info
-- Detecting CXX compiler ABI info - done
-- Check for working CXX compiler: /root/.espressif/tools/xtensa-esp-elf/esp-14.2.0_20251107/xtensa-esp-elf/bin/xtensa-esp32s3-elf-g++ - skipped
-- Detecting CXX compile features
-- Detecting CXX compile features - done
-- Found ament_cmake_python: 1.3.14 (/root/maturo_project/leap_low_v1/managed_components/micro_ros_espidf_component/micro_ros_dev/install/ament_cmake_python/share/ament_cmake_python/cmake)
-- Found ament_cmake_ros: 0.10.0 (/root/maturo_project/leap_low_v1/managed_components/micro_ros_espidf_component/micro_ros_dev/install/ament_cmake_ros/share/ament_cmake_ros/cmake)
-- Found Python3: /root/.espressif/python_env/idf5.5_py3.13_env/bin/python3 (found version "3.13.5") found components: Interpreter
-- Looking for __atomic_load_8 in atomic
-- Looking for __atomic_load_8 in atomic - found
-- Configuring done (2.6s)
-- Generating done (0.1s)
-- Build files have been written to: /root/maturo_project/leap_low_v1/managed_components/micro_ros_espidf_component/micro_ros_src/build/rcutils
gmake[1]: Entering directory '/root/maturo_project/leap_low_v1/managed_components/micro_ros_espidf_component/micro_ros_src/build/rcutils'
[  3%] Expanding logging_macros.h.em
[  3%] Built target ament_cmake_python_copy_rcutils
[  7%] Building C object CMakeFiles/rcutils.dir/src/array_list.c.obj
[ 10%] Building C object CMakeFiles/rcutils.dir/src/char_array.c.obj
[ 14%] Building C object CMakeFiles/rcutils.dir/src/allocator.c.obj
[ 17%] Building C object CMakeFiles/rcutils.dir/src/error_handling.c.obj
[ 21%] Building C object CMakeFiles/rcutils.dir/src/filesystem.c.obj
[ 25%] Building C object CMakeFiles/rcutils.dir/src/env.c.obj
[ 28%] Building C object CMakeFiles/rcutils.dir/src/find.c.obj
[ 32%] Building C object CMakeFiles/rcutils.dir/src/cmdline_parser.c.obj
[ 35%] Building C object CMakeFiles/rcutils.dir/src/hash_map.c.obj
[ 39%] Building C object CMakeFiles/rcutils.dir/src/process.c.obj
[ 42%] Building C object CMakeFiles/rcutils.dir/src/qsort.c.obj
[ 46%] Building C object CMakeFiles/rcutils.dir/src/format_string.c.obj
[ 50%] Building C object CMakeFiles/rcutils.dir/src/shared_library.c.obj
[ 53%] Building C object CMakeFiles/rcutils.dir/src/split.c.obj
In file included from /root/maturo_project/leap_low_v1/managed_components/micro_ros_espidf_component/micro_ros_src/src/rcutils/src/filesystem.c:22:
/root/esp/esp-idf/components/newlib/platform_include/stdio.h:10:2: warning: #include_next is a GCC extension
   10 | #include_next <stdio.h>
      |  ^~~~~~~~~~~~
[ 60%] Building C object CMakeFiles/rcutils.dir/src/logging.c.obj
[ 60%] Building C object CMakeFiles/rcutils.dir/src/snprintf.c.obj
[ 64%] Building C object CMakeFiles/rcutils.dir/src/repl_str.c.obj
In file included from /root/maturo_project/leap_low_v1/managed_components/micro_ros_espidf_component/micro_ros_src/src/rcutils/src/find.c:21:
/root/esp/esp-idf/components/newlib/platform_include/stdio.h:10:2: warning: #include_next is a GCC extension
   10 | #include_next <stdio.h>
      |  ^~~~~~~~~~~~
In file included from /root/maturo_project/leap_low_v1/managed_components/micro_ros_espidf_component/micro_ros_src/src/rcutils/src/shared_library.c:19:
/root/esp/esp-idf/components/newlib/platform_include/stdio.h:10:2: warning: #include_next is a GCC extension
   10 | #include_next <stdio.h>
      |  ^~~~~~~~~~~~
[ 67%] Building C object CMakeFiles/rcutils.dir/src/strerror.c.obj
[ 71%] Building C object CMakeFiles/rcutils.dir/src/strcasecmp.c.obj
[ 75%] Building C object CMakeFiles/rcutils.dir/src/string_map.c.obj
In file included from /root/maturo_project/leap_low_v1/managed_components/micro_ros_espidf_component/micro_ros_src/src/rcutils/src/env.c:21:
/root/esp/esp-idf/components/newlib/platform_include/stdio.h:10:2: warning: #include_next is a GCC extension
   10 | #include_next <stdio.h>
      |  ^~~~~~~~~~~~
In file included from /root/maturo_project/leap_low_v1/managed_components/micro_ros_espidf_component/micro_ros_src/src/rcutils/src/allocator.c:16:
/root/esp/esp-idf/components/newlib/platform_include/stdio.h:10:2: warning: #include_next is a GCC extension
   10 | #include_next <stdio.h>
      |  ^~~~~~~~~~~~
In file included from /root/maturo_project/leap_low_v1/managed_components/micro_ros_espidf_component/micro_ros_src/src/rcutils/include/rcutils/error_handling.h:32,
                 from /root/maturo_project/leap_low_v1/managed_components/micro_ros_espidf_component/micro_ros_src/src/rcutils/src/array_list.c:23:
/root/esp/esp-idf/components/newlib/platform_include/stdio.h:10:2: warning: #include_next is a GCC extension
   10 | #include_next <stdio.h>
      |  ^~~~~~~~~~~~
In file included from /root/maturo_project/leap_low_v1/managed_components/micro_ros_espidf_component/micro_ros_src/src/rcutils/include/rcutils/error_handling.h:28,
                 from /root/maturo_project/leap_low_v1/managed_components/micro_ros_espidf_component/micro_ros_src/src/rcutils/src/error_handling.c:22:
/root/esp/esp-idf/components/newlib/platform_include/assert.h:15:2: warning: #include_next is a GCC extension
   15 | #include_next <assert.h>
      |  ^~~~~~~~~~~~
In file included from /root/maturo_project/leap_low_v1/managed_components/micro_ros_espidf_component/micro_ros_src/src/rcutils/include/rcutils/error_handling.h:32:
/root/esp/esp-idf/components/newlib/platform_include/stdio.h:10:2: warning: #include_next is a GCC extension
   10 | #include_next <stdio.h>
      |  ^~~~~~~~~~~~
In file included from /root/maturo_project/leap_low_v1/managed_components/micro_ros_espidf_component/micro_ros_src/src/rcutils/src/split.c:20:
/root/esp/esp-idf/components/newlib/platform_include/stdio.h:10:2: warning: #include_next is a GCC extension
   10 | #include_next <stdio.h>
      |  ^~~~~~~~~~~~
In file included from /root/maturo_project/leap_low_v1/managed_components/micro_ros_espidf_component/micro_ros_src/src/rcutils/include/rcutils/error_handling.h:28,
                 from /root/maturo_project/leap_low_v1/managed_components/micro_ros_espidf_component/micro_ros_src/src/rcutils/src/char_array.c:16:
/root/esp/esp-idf/components/newlib/platform_include/assert.h:15:2: warning: #include_next is a GCC extension
   15 | #include_next <assert.h>
      |  ^~~~~~~~~~~~
In file included from /root/maturo_project/leap_low_v1/managed_components/micro_ros_espidf_component/micro_ros_src/src/rcutils/include/rcutils/error_handling.h:32:
/root/esp/esp-idf/components/newlib/platform_include/stdio.h:10:2: warning: #include_next is a GCC extension
   10 | #include_next <stdio.h>
      |  ^~~~~~~~~~~~
[ 78%] Building C object CMakeFiles/rcutils.dir/src/strdup.c.obj
[ 82%] Building C object CMakeFiles/rcutils.dir/src/string_array.c.obj
[ 85%] Building C object CMakeFiles/rcutils.dir/src/time.c.obj
[ 89%] Building C object CMakeFiles/rcutils.dir/src/testing/fault_injection.c.obj
[ 92%] Building C object CMakeFiles/rcutils.dir/src/time_unix.c.obj
In file included from /root/maturo_project/leap_low_v1/managed_components/micro_ros_espidf_component/micro_ros_src/src/rcutils/include/rcutils/error_handling.h:32,
                 from /root/maturo_project/leap_low_v1/managed_components/micro_ros_espidf_component/micro_ros_src/src/rcutils/src/./common.h:23,
                 from /root/maturo_project/leap_low_v1/managed_components/micro_ros_espidf_component/micro_ros_src/src/rcutils/src/string_map.c:27:
/root/esp/esp-idf/components/newlib/platform_include/stdio.h:10:2: warning: #include_next is a GCC extension
   10 | #include_next <stdio.h>
      |  ^~~~~~~~~~~~
In file included from /root/maturo_project/leap_low_v1/managed_components/micro_ros_espidf_component/micro_ros_src/src/rcutils/include/rcutils/error_handling.h:32,
                 from /root/maturo_project/leap_low_v1/managed_components/micro_ros_espidf_component/micro_ros_src/src/rcutils/src/qsort.c:22:
/root/esp/esp-idf/components/newlib/platform_include/stdio.h:10:2: warning: #include_next is a GCC extension
   10 | #include_next <stdio.h>
      |  ^~~~~~~~~~~~
In file included from /root/maturo_project/leap_low_v1/managed_components/micro_ros_espidf_component/micro_ros_src/src/rcutils/src/error_handling.c:35:
/root/maturo_project/leap_low_v1/managed_components/micro_ros_espidf_component/micro_ros_src/src/rcutils/src/./error_handling_helpers.h: In function '__rcutils_convert_uint64_t_into_c_str':
/root/maturo_project/leap_low_v1/managed_components/micro_ros_espidf_component/micro_ros_src/src/rcutils/src/./error_handling_helpers.h:109:48: warning: unused parameter 'number' [-Wunused-parameter]
  109 | __rcutils_convert_uint64_t_into_c_str(uint64_t number, char * buffer, size_t buffer_size)
      |                                       ~~~~~~~~~^~~~~~
/root/maturo_project/leap_low_v1/managed_components/micro_ros_espidf_component/micro_ros_src/src/rcutils/src/./error_handling_helpers.h:109:63: warning: unused parameter 'buffer' [-Wunused-parameter]
  109 | __rcutils_convert_uint64_t_into_c_str(uint64_t number, char * buffer, size_t buffer_size)
      |                                                        ~~~~~~~^~~~~~
/root/maturo_project/leap_low_v1/managed_components/micro_ros_espidf_component/micro_ros_src/src/rcutils/src/./error_handling_helpers.h:109:78: warning: unused parameter 'buffer_size' [-Wunused-parameter]
  109 | __rcutils_convert_uint64_t_into_c_str(uint64_t number, char * buffer, size_t buffer_size)
      |                                                                       ~~~~~~~^~~~~~~~~~~
/root/maturo_project/leap_low_v1/managed_components/micro_ros_espidf_component/micro_ros_src/src/rcutils/src/./error_handling_helpers.h: In function '__rcutils_format_error_string':
/root/maturo_project/leap_low_v1/managed_components/micro_ros_espidf_component/micro_ros_src/src/rcutils/src/./error_handling_helpers.h:142:28: warning: unused parameter 'error_string' [-Wunused-parameter]
  142 |   rcutils_error_string_t * error_string,
      |   ~~~~~~~~~~~~~~~~~~~~~~~~~^~~~~~~~~~~~
/root/maturo_project/leap_low_v1/managed_components/micro_ros_espidf_component/micro_ros_src/src/rcutils/src/./error_handling_helpers.h:143:33: warning: unused parameter 'error_state' [-Wunused-parameter]
  143 |   const rcutils_error_state_t * error_state)
      |   ~~~~~~~~~~~~~~~~~~~~~~~~~~~~~~^~~~~~~~~~~
In file included from /root/maturo_project/leap_low_v1/managed_components/micro_ros_espidf_component/micro_ros_src/src/rcutils/src/hash_map.c:21:
/root/esp/esp-idf/components/newlib/platform_include/stdio.h:10:2: warning: #include_next is a GCC extension
   10 | #include_next <stdio.h>
      |  ^~~~~~~~~~~~
/root/maturo_project/leap_low_v1/managed_components/micro_ros_espidf_component/micro_ros_src/src/rcutils/src/error_handling.c: In function 'rcutils_get_error_string':
/root/maturo_project/leap_low_v1/managed_components/micro_ros_espidf_component/micro_ros_src/src/rcutils/src/error_handling.c:240:38: warning: initializer-string for array of 'char' is too long
  240 |     return (rcutils_error_string_t) {"error not set"};  // NOLINT(readability/braces)
      |                                      ^~~~~~~~~~~~~~~
/root/maturo_project/leap_low_v1/managed_components/micro_ros_espidf_component/micro_ros_src/src/rcutils/src/error_handling.c:240:38: note: (near initialization for '(anonymous).str')
[ 96%] Building C object CMakeFiles/rcutils.dir/src/uint8_array.c.obj
In file included from /root/maturo_project/leap_low_v1/managed_components/micro_ros_espidf_component/micro_ros_src/src/rcutils/include/rcutils/testing/fault_injection.h:18,
                 from /root/maturo_project/leap_low_v1/managed_components/micro_ros_espidf_component/micro_ros_src/src/rcutils/src/testing/fault_injection.c:15:
/root/esp/esp-idf/components/newlib/platform_include/stdio.h:10:2: warning: #include_next is a GCC extension
   10 | #include_next <stdio.h>
      |  ^~~~~~~~~~~~
/root/maturo_project/leap_low_v1/managed_components/micro_ros_espidf_component/micro_ros_src/src/rcutils/src/./error_handling_helpers.h: At top level:
/root/maturo_project/leap_low_v1/managed_components/micro_ros_espidf_component/micro_ros_src/src/rcutils/src/./error_handling_helpers.h:109:1: warning: '__rcutils_convert_uint64_t_into_c_str' defined but not used [-Wunused-function]
  109 | __rcutils_convert_uint64_t_into_c_str(uint64_t number, char * buffer, size_t buffer_size)
      | ^~~~~~~~~~~~~~~~~~~~~~~~~~~~~~~~~~~~~
/root/maturo_project/leap_low_v1/managed_components/micro_ros_espidf_component/micro_ros_src/src/rcutils/src/./error_handling_helpers.h:91:1: warning: '__rcutils_reverse_str' defined but not used [-Wunused-function]
   91 | __rcutils_reverse_str(char * string_in, size_t string_len)
      | ^~~~~~~~~~~~~~~~~~~~~
In file included from /root/maturo_project/leap_low_v1/managed_components/micro_ros_espidf_component/micro_ros_src/src/rcutils/src/snprintf.c:27:
/root/esp/esp-idf/components/newlib/platform_include/stdio.h:10:2: warning: #include_next is a GCC extension
   10 | #include_next <stdio.h>
      |  ^~~~~~~~~~~~
In file included from /root/maturo_project/leap_low_v1/managed_components/micro_ros_espidf_component/micro_ros_src/src/rcutils/include/rcutils/error_handling.h:32,
                 from /root/maturo_project/leap_low_v1/managed_components/micro_ros_espidf_component/micro_ros_src/src/rcutils/src/./common.h:23,
                 from /root/maturo_project/leap_low_v1/managed_components/micro_ros_espidf_component/micro_ros_src/src/rcutils/src/strdup.c:25:
/root/esp/esp-idf/components/newlib/platform_include/stdio.h:10:2: warning: #include_next is a GCC extension
   10 | #include_next <stdio.h>
      |  ^~~~~~~~~~~~
In file included from /root/maturo_project/leap_low_v1/managed_components/micro_ros_espidf_component/micro_ros_src/src/rcutils/include/rcutils/error_handling.h:32,
                 from /root/maturo_project/leap_low_v1/managed_components/micro_ros_espidf_component/micro_ros_src/src/rcutils/src/process.c:43:
/root/esp/esp-idf/components/newlib/platform_include/stdio.h:10:2: warning: #include_next is a GCC extension
   10 | #include_next <stdio.h>
      |  ^~~~~~~~~~~~
In file included from /root/maturo_project/leap_low_v1/managed_components/micro_ros_espidf_component/micro_ros_src/src/rcutils/src/logging.c:24:
/root/esp/esp-idf/components/newlib/platform_include/stdio.h:10:2: warning: #include_next is a GCC extension
   10 | #include_next <stdio.h>
      |  ^~~~~~~~~~~~
In file included from /root/maturo_project/leap_low_v1/managed_components/micro_ros_espidf_component/micro_ros_src/src/rcutils/include/rcutils/error_handling.h:32,
                 from /root/maturo_project/leap_low_v1/managed_components/micro_ros_espidf_component/micro_ros_src/src/rcutils/src/string_array.c:24:
/root/esp/esp-idf/components/newlib/platform_include/stdio.h:10:2: warning: #include_next is a GCC extension
   10 | #include_next <stdio.h>
      |  ^~~~~~~~~~~~
In file included from /root/maturo_project/leap_low_v1/managed_components/micro_ros_espidf_component/micro_ros_src/src/rcutils/include/rcutils/logging.h:22,
                 from /root/maturo_project/leap_low_v1/managed_components/micro_ros_espidf_component/micro_ros_src/build/rcutils/include/rcutils/logging_macros.h:22,
                 from /root/maturo_project/leap_low_v1/managed_components/micro_ros_espidf_component/micro_ros_src/src/rcutils/src/time_unix.c:24:
/root/esp/esp-idf/components/newlib/platform_include/stdio.h:10:2: warning: #include_next is a GCC extension
   10 | #include_next <stdio.h>
      |  ^~~~~~~~~~~~
In file included from /root/maturo_project/leap_low_v1/managed_components/micro_ros_espidf_component/micro_ros_src/src/rcutils/include/rcutils/error_handling.h:28,
                 from /root/maturo_project/leap_low_v1/managed_components/micro_ros_espidf_component/micro_ros_src/src/rcutils/src/uint8_array.c:15:
/root/esp/esp-idf/components/newlib/platform_include/assert.h:15:2: warning: #include_next is a GCC extension
   15 | #include_next <assert.h>
      |  ^~~~~~~~~~~~
In file included from /root/maturo_project/leap_low_v1/managed_components/micro_ros_espidf_component/micro_ros_src/src/rcutils/include/rcutils/error_handling.h:32:
/root/esp/esp-idf/components/newlib/platform_include/stdio.h:10:2: warning: #include_next is a GCC extension
   10 | #include_next <stdio.h>
      |  ^~~~~~~~~~~~
In file included from /root/maturo_project/leap_low_v1/managed_components/micro_ros_espidf_component/micro_ros_src/src/rcutils/include/rcutils/error_handling.h:32,
                 from /root/maturo_project/leap_low_v1/managed_components/micro_ros_espidf_component/micro_ros_src/src/rcutils/include/rcutils/types/string_array.h:28,
                 from /root/maturo_project/leap_low_v1/managed_components/micro_ros_espidf_component/micro_ros_src/src/rcutils/include/rcutils/types.h:26,
                 from /root/maturo_project/leap_low_v1/managed_components/micro_ros_espidf_component/micro_ros_src/src/rcutils/include/rcutils/time.h:28,
                 from /root/maturo_project/leap_low_v1/managed_components/micro_ros_espidf_component/micro_ros_src/src/rcutils/src/time.c:20:
/root/esp/esp-idf/components/newlib/platform_include/stdio.h:10:2: warning: #include_next is a GCC extension
   10 | #include_next <stdio.h>
      |  ^~~~~~~~~~~~
/root/maturo_project/leap_low_v1/managed_components/micro_ros_espidf_component/micro_ros_src/src/rcutils/src/logging.c: In function 'rcutils_get_env_var_zero_or_one':
/root/maturo_project/leap_low_v1/managed_components/micro_ros_espidf_component/micro_ros_src/src/rcutils/src/logging.c:130:35: warning: unused parameter 'zero_semantic' [-Wunused-parameter]
  130 |   const char * name, const char * zero_semantic,
      |                      ~~~~~~~~~~~~~^~~~~~~~~~~~~
/root/maturo_project/leap_low_v1/managed_components/micro_ros_espidf_component/micro_ros_src/src/rcutils/src/logging.c:131:16: warning: unused parameter 'one_semantic' [-Wunused-parameter]
  131 |   const char * one_semantic)
      |   ~~~~~~~~~~~~~^~~~~~~~~~~~
In file included from /root/maturo_project/leap_low_v1/managed_components/micro_ros_espidf_component/micro_ros_src/src/rcutils/src/time.c:25:
/root/esp/esp-idf/components/newlib/platform_include/time.h:11:2: warning: #include_next is a GCC extension
   11 | #include_next <time.h>
      |  ^~~~~~~~~~~~
In file included from /root/maturo_project/leap_low_v1/managed_components/micro_ros_espidf_component/micro_ros_src/src/rcutils/src/time_unix.c:42:
/root/esp/esp-idf/components/newlib/platform_include/time.h:11:2: warning: #include_next is a GCC extension
   11 | #include_next <time.h>
      |  ^~~~~~~~~~~~
running egg_info
creating rcutils.egg-info
writing rcutils.egg-info/PKG-INFO
writing dependency_links to rcutils.egg-info/dependency_links.txt
writing top-level names to rcutils.egg-info/top_level.txt
writing manifest file 'rcutils.egg-info/SOURCES.txt'
reading manifest file 'rcutils.egg-info/SOURCES.txt'
writing manifest file 'rcutils.egg-info/SOURCES.txt'
[ 96%] Built target ament_cmake_python_build_rcutils_egg
[100%] Linking C static library librcutils.a
[100%] Built target rcutils
gmake[1]: Leaving directory '/root/maturo_project/leap_low_v1/managed_components/micro_ros_espidf_component/micro_ros_src/build/rcutils'
-- Install configuration: "Release"
-- Installing: /root/maturo_project/leap_low_v1/managed_components/micro_ros_espidf_component/micro_ros_src/install/share/rcutils/environment/pythonpath.sh
-- Installing: /root/maturo_project/leap_low_v1/managed_components/micro_ros_espidf_component/micro_ros_src/install/share/rcutils/environment/pythonpath.dsv
-- Installing: /root/maturo_project/leap_low_v1/managed_components/micro_ros_espidf_component/micro_ros_src/install/lib/python3.13/site-packages/rcutils-5.1.7-py3.13.egg-info
-- Installing: /root/maturo_project/leap_low_v1/managed_components/micro_ros_espidf_component/micro_ros_src/install/lib/python3.13/site-packages/rcutils-5.1.7-py3.13.egg-info/PKG-INFO
-- Installing: /root/maturo_project/leap_low_v1/managed_components/micro_ros_espidf_component/micro_ros_src/install/lib/python3.13/site-packages/rcutils-5.1.7-py3.13.egg-info/top_level.txt
-- Installing: /root/maturo_project/leap_low_v1/managed_components/micro_ros_espidf_component/micro_ros_src/install/lib/python3.13/site-packages/rcutils-5.1.7-py3.13.egg-info/dependency_links.txt
-- Installing: /root/maturo_project/leap_low_v1/managed_components/micro_ros_espidf_component/micro_ros_src/install/lib/python3.13/site-packages/rcutils-5.1.7-py3.13.egg-info/SOURCES.txt
-- Installing: /root/maturo_project/leap_low_v1/managed_components/micro_ros_espidf_component/micro_ros_src/install/lib/python3.13/site-packages/rcutils
-- Installing: /root/maturo_project/leap_low_v1/managed_components/micro_ros_espidf_component/micro_ros_src/install/lib/python3.13/site-packages/rcutils/__init__.py
-- Installing: /root/maturo_project/leap_low_v1/managed_components/micro_ros_espidf_component/micro_ros_src/install/lib/python3.13/site-packages/rcutils/logging.py
Listing '/root/maturo_project/leap_low_v1/managed_components/micro_ros_espidf_component/micro_ros_src/install/lib/python3.13/site-packages/rcutils'...
Compiling '/root/maturo_project/leap_low_v1/managed_components/micro_ros_espidf_component/micro_ros_src/install/lib/python3.13/site-packages/rcutils/__init__.py'...
Compiling '/root/maturo_project/leap_low_v1/managed_components/micro_ros_espidf_component/micro_ros_src/install/lib/python3.13/site-packages/rcutils/logging.py'...
-- Installing: /root/maturo_project/leap_low_v1/managed_components/micro_ros_espidf_component/micro_ros_src/install/lib/librcutils.a
-- Installing: /root/maturo_project/leap_low_v1/managed_components/micro_ros_espidf_component/micro_ros_src/install/share/ament_index/resource_index/package_run_dependencies/rcutils
-- Installing: /root/maturo_project/leap_low_v1/managed_components/micro_ros_espidf_component/micro_ros_src/install/share/ament_index/resource_index/parent_prefix_path/rcutils
-- Installing: /root/maturo_project/leap_low_v1/managed_components/micro_ros_espidf_component/micro_ros_src/install/share/rcutils/environment/ament_prefix_path.sh
-- Installing: /root/maturo_project/leap_low_v1/managed_components/micro_ros_espidf_component/micro_ros_src/install/share/rcutils/environment/ament_prefix_path.dsv
-- Installing: /root/maturo_project/leap_low_v1/managed_components/micro_ros_espidf_component/micro_ros_src/install/share/rcutils/environment/path.sh
-- Installing: /root/maturo_project/leap_low_v1/managed_components/micro_ros_espidf_component/micro_ros_src/install/share/rcutils/environment/path.dsv
-- Installing: /root/maturo_project/leap_low_v1/managed_components/micro_ros_espidf_component/micro_ros_src/install/share/rcutils/local_setup.bash
-- Installing: /root/maturo_project/leap_low_v1/managed_components/micro_ros_espidf_component/micro_ros_src/install/share/rcutils/local_setup.sh
-- Installing: /root/maturo_project/leap_low_v1/managed_components/micro_ros_espidf_component/micro_ros_src/install/share/rcutils/local_setup.zsh
-- Installing: /root/maturo_project/leap_low_v1/managed_components/micro_ros_espidf_component/micro_ros_src/install/share/rcutils/local_setup.dsv
-- Installing: /root/maturo_project/leap_low_v1/managed_components/micro_ros_espidf_component/micro_ros_src/install/share/rcutils/package.dsv
-- Installing: /root/maturo_project/leap_low_v1/managed_components/micro_ros_espidf_component/micro_ros_src/install/share/ament_index/resource_index/packages/rcutils
-- Installing: /root/maturo_project/leap_low_v1/managed_components/micro_ros_espidf_component/micro_ros_src/install/share/rcutils/cmake/rcutilsExport.cmake
-- Installing: /root/maturo_project/leap_low_v1/managed_components/micro_ros_espidf_component/micro_ros_src/install/share/rcutils/cmake/rcutilsExport-release.cmake
-- Installing: /root/maturo_project/leap_low_v1/managed_components/micro_ros_espidf_component/micro_ros_src/install/share/rcutils/cmake/ament_cmake_export_link_flags-extras.cmake
-- Installing: /root/maturo_project/leap_low_v1/managed_components/micro_ros_espidf_component/micro_ros_src/install/share/rcutils/cmake/ament_cmake_export_include_directories-extras.cmake
-- Installing: /root/maturo_project/leap_low_v1/managed_components/micro_ros_espidf_component/micro_ros_src/install/share/rcutils/cmake/ament_cmake_export_targets-extras.cmake
-- Installing: /root/maturo_project/leap_low_v1/managed_components/micro_ros_espidf_component/micro_ros_src/install/share/rcutils/cmake/ament_cmake_export_dependencies-extras.cmake
-- Installing: /root/maturo_project/leap_low_v1/managed_components/micro_ros_espidf_component/micro_ros_src/install/share/rcutils/cmake/rcutilsConfig.cmake
-- Installing: /root/maturo_project/leap_low_v1/managed_components/micro_ros_espidf_component/micro_ros_src/install/share/rcutils/cmake/rcutilsConfig-version.cmake
-- Installing: /root/maturo_project/leap_low_v1/managed_components/micro_ros_espidf_component/micro_ros_src/install/share/rcutils/package.xml
-- Installing: /root/maturo_project/leap_low_v1/managed_components/micro_ros_espidf_component/micro_ros_src/install/include/rcutils
-- Installing: /root/maturo_project/leap_low_v1/managed_components/micro_ros_espidf_component/micro_ros_src/install/include/rcutils/rcutils
-- Installing: /root/maturo_project/leap_low_v1/managed_components/micro_ros_espidf_component/micro_ros_src/install/include/rcutils/rcutils/allocator.h
-- Installing: /root/maturo_project/leap_low_v1/managed_components/micro_ros_espidf_component/micro_ros_src/install/include/rcutils/rcutils/stdatomic_helper.h
-- Installing: /root/maturo_project/leap_low_v1/managed_components/micro_ros_espidf_component/micro_ros_src/install/include/rcutils/rcutils/snprintf.h
-- Installing: /root/maturo_project/leap_low_v1/managed_components/micro_ros_espidf_component/micro_ros_src/install/include/rcutils/rcutils/isalnum_no_locale.h
-- Installing: /root/maturo_project/leap_low_v1/managed_components/micro_ros_espidf_component/micro_ros_src/install/include/rcutils/rcutils/shared_library.h
-- Installing: /root/maturo_project/leap_low_v1/managed_components/micro_ros_espidf_component/micro_ros_src/install/include/rcutils/rcutils/testing
-- Installing: /root/maturo_project/leap_low_v1/managed_components/micro_ros_espidf_component/micro_ros_src/install/include/rcutils/rcutils/testing/fault_injection.h
-- Installing: /root/maturo_project/leap_low_v1/managed_components/micro_ros_espidf_component/micro_ros_src/install/include/rcutils/rcutils/find.h
-- Installing: /root/maturo_project/leap_low_v1/managed_components/micro_ros_espidf_component/micro_ros_src/install/include/rcutils/rcutils/types.h
-- Installing: /root/maturo_project/leap_low_v1/managed_components/micro_ros_espidf_component/micro_ros_src/install/include/rcutils/rcutils/visibility_control_macros.h
-- Installing: /root/maturo_project/leap_low_v1/managed_components/micro_ros_espidf_component/micro_ros_src/install/include/rcutils/rcutils/macros.h
-- Installing: /root/maturo_project/leap_low_v1/managed_components/micro_ros_espidf_component/micro_ros_src/install/include/rcutils/rcutils/process.h
-- Installing: /root/maturo_project/leap_low_v1/managed_components/micro_ros_espidf_component/micro_ros_src/install/include/rcutils/rcutils/format_string.h
-- Installing: /root/maturo_project/leap_low_v1/managed_components/micro_ros_espidf_component/micro_ros_src/install/include/rcutils/rcutils/get_env.h
-- Installing: /root/maturo_project/leap_low_v1/managed_components/micro_ros_espidf_component/micro_ros_src/install/include/rcutils/rcutils/security_directory.h
-- Installing: /root/maturo_project/leap_low_v1/managed_components/micro_ros_espidf_component/micro_ros_src/install/include/rcutils/rcutils/time.h
-- Installing: /root/maturo_project/leap_low_v1/managed_components/micro_ros_espidf_component/micro_ros_src/install/include/rcutils/rcutils/strdup.h
-- Installing: /root/maturo_project/leap_low_v1/managed_components/micro_ros_espidf_component/micro_ros_src/install/include/rcutils/rcutils/error_handling.h
-- Installing: /root/maturo_project/leap_low_v1/managed_components/micro_ros_espidf_component/micro_ros_src/install/include/rcutils/rcutils/strcasecmp.h
-- Installing: /root/maturo_project/leap_low_v1/managed_components/micro_ros_espidf_component/micro_ros_src/install/include/rcutils/rcutils/split.h
-- Installing: /root/maturo_project/leap_low_v1/managed_components/micro_ros_espidf_component/micro_ros_src/install/include/rcutils/rcutils/types
-- Installing: /root/maturo_project/leap_low_v1/managed_components/micro_ros_espidf_component/micro_ros_src/install/include/rcutils/rcutils/types/string_array.h
-- Installing: /root/maturo_project/leap_low_v1/managed_components/micro_ros_espidf_component/micro_ros_src/install/include/rcutils/rcutils/types/rcutils_ret.h
-- Installing: /root/maturo_project/leap_low_v1/managed_components/micro_ros_espidf_component/micro_ros_src/install/include/rcutils/rcutils/types/array_list.h
-- Installing: /root/maturo_project/leap_low_v1/managed_components/micro_ros_espidf_component/micro_ros_src/install/include/rcutils/rcutils/types/char_array.h
-- Installing: /root/maturo_project/leap_low_v1/managed_components/micro_ros_espidf_component/micro_ros_src/install/include/rcutils/rcutils/types/string_map.h
-- Installing: /root/maturo_project/leap_low_v1/managed_components/micro_ros_espidf_component/micro_ros_src/install/include/rcutils/rcutils/types/uint8_array.h
-- Installing: /root/maturo_project/leap_low_v1/managed_components/micro_ros_espidf_component/micro_ros_src/install/include/rcutils/rcutils/types/hash_map.h
-- Installing: /root/maturo_project/leap_low_v1/managed_components/micro_ros_espidf_component/micro_ros_src/install/include/rcutils/rcutils/strerror.h
-- Installing: /root/maturo_project/leap_low_v1/managed_components/micro_ros_espidf_component/micro_ros_src/install/include/rcutils/rcutils/filesystem.h
-- Installing: /root/maturo_project/leap_low_v1/managed_components/micro_ros_espidf_component/micro_ros_src/install/include/rcutils/rcutils/visibility_control.h
-- Installing: /root/maturo_project/leap_low_v1/managed_components/micro_ros_espidf_component/micro_ros_src/install/include/rcutils/rcutils/configuration_flags.h.in
-- Installing: /root/maturo_project/leap_low_v1/managed_components/micro_ros_espidf_component/micro_ros_src/install/include/rcutils/rcutils/stdatomic_helper
-- Installing: /root/maturo_project/leap_low_v1/managed_components/micro_ros_espidf_component/micro_ros_src/install/include/rcutils/rcutils/stdatomic_helper/win32
-- Installing: /root/maturo_project/leap_low_v1/managed_components/micro_ros_espidf_component/micro_ros_src/install/include/rcutils/rcutils/stdatomic_helper/win32/stdatomic.h
-- Installing: /root/maturo_project/leap_low_v1/managed_components/micro_ros_espidf_component/micro_ros_src/install/include/rcutils/rcutils/stdatomic_helper/gcc
-- Installing: /root/maturo_project/leap_low_v1/managed_components/micro_ros_espidf_component/micro_ros_src/install/include/rcutils/rcutils/stdatomic_helper/gcc/stdatomic.h
-- Installing: /root/maturo_project/leap_low_v1/managed_components/micro_ros_espidf_component/micro_ros_src/install/include/rcutils/rcutils/qsort.h
-- Installing: /root/maturo_project/leap_low_v1/managed_components/micro_ros_espidf_component/micro_ros_src/install/include/rcutils/rcutils/env.h
-- Installing: /root/maturo_project/leap_low_v1/managed_components/micro_ros_espidf_component/micro_ros_src/install/include/rcutils/rcutils/cmdline_parser.h
-- Installing: /root/maturo_project/leap_low_v1/managed_components/micro_ros_espidf_component/micro_ros_src/install/include/rcutils/rcutils/repl_str.h
-- Installing: /root/maturo_project/leap_low_v1/managed_components/micro_ros_espidf_component/micro_ros_src/install/include/rcutils/rcutils/logging.h
-- Up-to-date: /root/maturo_project/leap_low_v1/managed_components/micro_ros_espidf_component/micro_ros_src/install/include/rcutils
-- Up-to-date: /root/maturo_project/leap_low_v1/managed_components/micro_ros_espidf_component/micro_ros_src/install/include/rcutils/rcutils
-- Installing: /root/maturo_project/leap_low_v1/managed_components/micro_ros_espidf_component/micro_ros_src/install/include/rcutils/rcutils/logging_macros.h
-- Installing: /root/maturo_project/leap_low_v1/managed_components/micro_ros_espidf_component/micro_ros_src/install/include/rcutils/rcutils/configuration_flags.h
