[1.239s] Invoking command in '/root/maturo_project/leap_low_v1/managed_components/micro_ros_espidf_component/micro_ros_src/src/ros2_tracing/tracetools_launch': AMENT_PREFIX_PATH=/root/maturo_project/leap_low_v1/managed_components/micro_ros_espidf_component/micro_ros_src/install:${AMENT_PREFIX_PATH} CMAKE_PREFIX_PATH=/root/maturo_project/leap_low_v1/managed_components/micro_ros_espidf_component/micro_ros_src/install:${CMAKE_PREFIX_PATH} PATH=/root/maturo_project/leap_low_v1/managed_components/micro_ros_espidf_component/micro_ros_src/install/bin:${PATH} PYTHONPATH=/root/maturo_project/leap_low_v1/managed_components/micro_ros_espidf_component/micro_ros_src/build/tracetools_launch/prefix_override:/root/.espressif/python_env/idf5.5_py3.13_env/lib/python3.13/site-packages/colcon_core/task/python/colcon_distutils_commands:/root/maturo_project/leap_low_v1/managed_components/micro_ros_espidf_component/micro_ros_src/install/lib/python3.13/site-packages:/root/maturo_project/leap_low_v1/managed_components/micro_ros_espidf_component/micro_ros_src/install/lib/python3.13/site-packages:${PYTHONPATH} /root/.espressif/python_env/idf5.5_py3.13_env/bin/python -W ignore:setup.py install is deprecated -W ignore:easy_install command is deprecated setup.py egg_info --egg-base ../../../build/tracetools_launch build --build-base /root/maturo_project/leap_low_v1/managed_components/micro_ros_espidf_component/micro_ros_src/build/tracetools_launch/build install --record /root/maturo_project/leap_low_v1/managed_components/micro_ros_espidf_component/micro_ros_src/build/tracetools_launch/install.log --install-scripts $base/lib/tracetools_launch --single-version-externally-managed install_data
[1.587s] /root/.espressif/python_env/idf5.5_py3.13_env/lib/python3.13/site-packages/setuptools/_distutils/dist.py:289: UserWarning: Unknown distribution option: 'tests_require'
[1.587s]   warnings.warn(msg)
[1.745s] running egg_info
[1.770s] creating ../../../build/tracetools_launch/tracetools_launch.egg-info
[1.771s] writing ../../../build/tracetools_launch/tracetools_launch.egg-info/PKG-INFO
[1.780s] writing dependency_links to ../../../build/tracetools_launch/tracetools_launch.egg-info/dependency_links.txt
[1.780s] writing entry points to ../../../build/tracetools_launch/tracetools_launch.egg-info/entry_points.txt
[1.780s] writing requirements to ../../../build/tracetools_launch/tracetools_launch.egg-info/requires.txt
[1.780s] writing top-level names to ../../../build/tracetools_launch/tracetools_launch.egg-info/top_level.txt
[1.780s] writing manifest file '../../../build/tracetools_launch/tracetools_launch.egg-info/SOURCES.txt'
[1.821s] reading manifest file '../../../build/tracetools_launch/tracetools_launch.egg-info/SOURCES.txt'
[1.821s] writing manifest file '../../../build/tracetools_launch/tracetools_launch.egg-info/SOURCES.txt'
[1.821s] running build
[1.821s] running build_py
[1.821s] creating /root/maturo_project/leap_low_v1/managed_components/micro_ros_espidf_component/micro_ros_src/build/tracetools_launch/build/lib/tracetools_launch
[1.822s] copying tracetools_launch/__init__.py -> /root/maturo_project/leap_low_v1/managed_components/micro_ros_espidf_component/micro_ros_src/build/tracetools_launch/build/lib/tracetools_launch
[1.822s] copying tracetools_launch/action.py -> /root/maturo_project/leap_low_v1/managed_components/micro_ros_espidf_component/micro_ros_src/build/tracetools_launch/build/lib/tracetools_launch
[1.822s] creating /root/maturo_project/leap_low_v1/managed_components/micro_ros_espidf_component/micro_ros_src/build/tracetools_launch/build/lib/tracetools_launch/actions
[1.823s] copying tracetools_launch/actions/ld_preload.py -> /root/maturo_project/leap_low_v1/managed_components/micro_ros_espidf_component/micro_ros_src/build/tracetools_launch/build/lib/tracetools_launch/actions
[1.823s] copying tracetools_launch/actions/__init__.py -> /root/maturo_project/leap_low_v1/managed_components/micro_ros_espidf_component/micro_ros_src/build/tracetools_launch/build/lib/tracetools_launch/actions
[1.824s] running install
[1.832s] running install_lib
[1.846s] creating /root/maturo_project/leap_low_v1/managed_components/micro_ros_espidf_component/micro_ros_src/install/lib/python3.13/site-packages/tracetools_launch
[1.846s] creating /root/maturo_project/leap_low_v1/managed_components/micro_ros_espidf_component/micro_ros_src/install/lib/python3.13/site-packages/tracetools_launch/actions
[1.846s] copying /root/maturo_project/leap_low_v1/managed_components/micro_ros_espidf_component/micro_ros_src/build/tracetools_launch/build/lib/tracetools_launch/actions/ld_preload.py -> /root/maturo_project/leap_low_v1/managed_components/micro_ros_espidf_component/micro_ros_src/install/lib/python3.13/site-packages/tracetools_launch/actions
[1.847s] copying /root/maturo_project/leap_low_v1/managed_components/micro_ros_espidf_component/micro_ros_src/build/tracetools_launch/build/lib/tracetools_launch/actions/__init__.py -> /root/maturo_project/leap_low_v1/managed_components/micro_ros_espidf_component/micro_ros_src/install/lib/python3.13/site-packages/tracetools_launch/actions
[1.847s] copying /root/maturo_project/leap_low_v1/managed_components/micro_ros_espidf_component/micro_ros_src/build/tracetools_launch/build/lib/tracetools_launch/__init__.py -> /root/maturo_project/leap_low_v1/managed_components/micro_ros_espidf_component/micro_ros_src/install/lib/python3.13/site-packages/tracetools_launch
[1.847s] copying /root/maturo_project/leap_low_v1/managed_components/micro_ros_espidf_component/micro_ros_src/build/tracetools_launch/build/lib/tracetools_launch/action.py -> /root/maturo_project/leap_low_v1/managed_components/micro_ros_espidf_component/micro_ros_src/install/lib/python3.13/site-packages/tracetools_launch
[1.849s] byte-compiling /root/maturo_project/leap_low_v1/managed_components/micro_ros_espidf_component/micro_ros_src/install/lib/python3.13/site-packages/tracetools_launch/actions/ld_preload.py to ld_preload.cpython-313.pyc
[1.860s] byte-compiling /root/maturo_project/leap_low_v1/managed_components/micro_ros_espidf_component/micro_ros_src/install/lib/python3.13/site-packages/tracetools_launch/actions/__init__.py to __init__.cpython-313.pyc
[1.864s] byte-compiling /root/maturo_project/leap_low_v1/managed_components/micro_ros_espidf_component/micro_ros_src/install/lib/python3.13/site-packages/tracetools_launch/__init__.py to __init__.cpython-313.pyc
[1.864s] byte-compiling /root/maturo_project/leap_low_v1/managed_components/micro_ros_espidf_component/micro_ros_src/install/lib/python3.13/site-packages/tracetools_launch/action.py to action.cpython-313.pyc
[1.872s] running install_data
[1.872s] copying package.xml -> /root/maturo_project/leap_low_v1/managed_components/micro_ros_espidf_component/micro_ros_src/install/share/tracetools_launch
[1.872s] creating /root/maturo_project/leap_low_v1/managed_components/micro_ros_espidf_component/micro_ros_src/install/share/tracetools_launch/launch
[1.872s] copying launch/example.launch.yaml -> /root/maturo_project/leap_low_v1/managed_components/micro_ros_espidf_component/micro_ros_src/install/share/tracetools_launch/launch
[1.872s] copying launch/example.launch.py -> /root/maturo_project/leap_low_v1/managed_components/micro_ros_espidf_component/micro_ros_src/install/share/tracetools_launch/launch
[1.874s] copying launch/example.launch.xml -> /root/maturo_project/leap_low_v1/managed_components/micro_ros_espidf_component/micro_ros_src/install/share/tracetools_launch/launch
[1.880s] copying resource/tracetools_launch -> /root/maturo_project/leap_low_v1/managed_components/micro_ros_espidf_component/micro_ros_src/install/share/ament_index/resource_index/packages
[1.880s] running install_egg_info
[1.898s] Copying ../../../build/tracetools_launch/tracetools_launch.egg-info to /root/maturo_project/leap_low_v1/managed_components/micro_ros_espidf_component/micro_ros_src/install/lib/python3.13/site-packages/tracetools_launch-4.1.1-py3.13.egg-info
[1.899s] running install_scripts
[1.990s] writing list of installed files to '/root/maturo_project/leap_low_v1/managed_components/micro_ros_espidf_component/micro_ros_src/build/tracetools_launch/install.log'
[2.099s] Invoked command in '/root/maturo_project/leap_low_v1/managed_components/micro_ros_espidf_component/micro_ros_src/src/ros2_tracing/tracetools_launch' returned '0': AMENT_PREFIX_PATH=/root/maturo_project/leap_low_v1/managed_components/micro_ros_espidf_component/micro_ros_src/install:${AMENT_PREFIX_PATH} CMAKE_PREFIX_PATH=/root/maturo_project/leap_low_v1/managed_components/micro_ros_espidf_component/micro_ros_src/install:${CMAKE_PREFIX_PATH} PATH=/root/maturo_project/leap_low_v1/managed_components/micro_ros_espidf_component/micro_ros_src/install/bin:${PATH} PYTHONPATH=/root/maturo_project/leap_low_v1/managed_components/micro_ros_espidf_component/micro_ros_src/build/tracetools_launch/prefix_override:/root/.espressif/python_env/idf5.5_py3.13_env/lib/python3.13/site-packages/colcon_core/task/python/colcon_distutils_commands:/root/maturo_project/leap_low_v1/managed_components/micro_ros_espidf_component/micro_ros_src/install/lib/python3.13/site-packages:/root/maturo_project/leap_low_v1/managed_components/micro_ros_espidf_component/micro_ros_src/install/lib/python3.13/site-packages:${PYTHONPATH} /root/.espressif/python_env/idf5.5_py3.13_env/bin/python -W ignore:setup.py install is deprecated -W ignore:easy_install command is deprecated setup.py egg_info --egg-base ../../../build/tracetools_launch build --build-base /root/maturo_project/leap_low_v1/managed_components/micro_ros_espidf_component/micro_ros_src/build/tracetools_launch/build install --record /root/maturo_project/leap_low_v1/managed_components/micro_ros_espidf_component/micro_ros_src/build/tracetools_launch/install.log --install-scripts $base/lib/tracetools_launch --single-version-externally-managed install_data
