CMake Deprecation Warning at CMakeLists.txt:1 (cmake_minimum_required):
  Compatibility with CMake < 3.10 will be removed from a future version of
  CMake.

  Update the VERSION argument <min> value.  Or, use the <min>...<max> syntax
  to tell CMake that the project requires at least <min> but has been updated
  to work with policies introduced by <max> or earlier.

Not searching for unused variables given on the command line.

-- The C compiler identification is GNU 14.2.0
-- The CXX compiler identification is GNU 14.2.0
-- Detecting C compiler ABI info
-- Detecting C compiler ABI info - done
-- Check for working C compiler: /root/.espressif/tools/xtensa-esp-elf/esp-14.2.0_20251107/xtensa-esp-elf/bin/xtensa-esp32s3-elf-gcc - skipped
-- Detecting C compile features
-- Detecting C compile features - done
-- Detecting CXX compiler ABI info
-- Detecting CXX compiler ABI info - done
-- Check for working CXX compiler: /root/.espressif/tools/xtensa-esp-elf/esp-14.2.0_20251107/xtensa-esp-elf/bin/xtensa-esp32s3-elf-g++ - skipped
-- Detecting CXX compile features
-- Detecting CXX compile features - done
-- Found ament_cmake: 1.3.14 (/root/maturo_project/leap_low_v1/managed_components/micro_ros_espidf_component/micro_ros_dev/install/ament_cmake/share/ament_cmake/cmake)
-- Found Python3: /root/.espressif/python_env/idf5.5_py3.13_env/bin/python3 (found version "3.13.5") found components: Interpreter
-- Found builtin_interfaces: 1.2.3 (/root/maturo_project/leap_low_v1/managed_components/micro_ros_espidf_component/micro_ros_src/install/share/builtin_interfaces/cmake)
-- Using all available rosidl_typesupport_c: rosidl_typesupport_introspection_c;rosidl_typesupport_microxrcedds_c
-- Found rosidl_adapter: 3.1.9 (/root/maturo_project/leap_low_v1/managed_components/micro_ros_espidf_component/micro_ros_src/install/share/rosidl_adapter/cmake)
-- Found rosidl_default_generators: 1.2.1 (/root/maturo_project/leap_low_v1/managed_components/micro_ros_espidf_component/micro_ros_src/install/share/rosidl_default_generators/cmake)
-- Found std_msgs: 4.9.2 (/root/maturo_project/leap_low_v1/managed_components/micro_ros_espidf_component/micro_ros_src/install/share/std_msgs/cmake)
-- Found ament_cmake_ros: 0.10.0 (/root/maturo_project/leap_low_v1/managed_components/micro_ros_espidf_component/micro_ros_dev/install/ament_cmake_ros/share/ament_cmake_ros/cmake)
-- Using all available rosidl_typesupport_c: rosidl_typesupport_introspection_c;rosidl_typesupport_microxrcedds_c
-- Configuring done (2.9s)
-- Generating done (0.0s)
-- Build files have been written to: /root/maturo_project/leap_low_v1/managed_components/micro_ros_espidf_component/micro_ros_src/build/actionlib_msgs
gmake[1]: Entering directory '/root/maturo_project/leap_low_v1/managed_components/micro_ros_espidf_component/micro_ros_src/build/actionlib_msgs'
[  5%] Generating C code for ROS interfaces
[ 10%] Building C object CMakeFiles/actionlib_msgs__rosidl_generator_c.dir/rosidl_generator_c/actionlib_msgs/msg/detail/goal_status__functions.c.obj
[ 20%] Building C object CMakeFiles/actionlib_msgs__rosidl_generator_c.dir/rosidl_generator_c/actionlib_msgs/msg/detail/goal_id__functions.c.obj
[ 20%] Building C object CMakeFiles/actionlib_msgs__rosidl_generator_c.dir/rosidl_generator_c/actionlib_msgs/msg/detail/goal_status_array__functions.c.obj
[ 25%] Linking C static library libactionlib_msgs__rosidl_generator_c.a
[ 25%] Built target actionlib_msgs__rosidl_generator_c
[ 30%] Generating C introspection for ROS interfaces
[ 35%] Generating C type support dispatch for ROS interfaces
[ 40%] Generating C type support for eProsima Micro XRCE-DDS
[ 45%] Building CXX object CMakeFiles/actionlib_msgs__rosidl_typesupport_c.dir/rosidl_typesupport_c/actionlib_msgs/msg/goal_id__type_support.cpp.obj
[ 50%] Building CXX object CMakeFiles/actionlib_msgs__rosidl_typesupport_c.dir/rosidl_typesupport_c/actionlib_msgs/msg/goal_status_array__type_support.cpp.obj
[ 55%] Building CXX object CMakeFiles/actionlib_msgs__rosidl_typesupport_c.dir/rosidl_typesupport_c/actionlib_msgs/msg/goal_status__type_support.cpp.obj
[ 60%] Building C object CMakeFiles/actionlib_msgs__rosidl_typesupport_introspection_c.dir/rosidl_typesupport_introspection_c/actionlib_msgs/msg/detail/goal_id__type_support.c.obj
[ 70%] Building C object CMakeFiles/actionlib_msgs__rosidl_typesupport_microxrcedds_c.dir/rosidl_typesupport_microxrcedds_c/actionlib_msgs/msg/detail/microxrcedds/goal_status__type_support_c.c.obj
[ 75%] Building C object CMakeFiles/actionlib_msgs__rosidl_typesupport_introspection_c.dir/rosidl_typesupport_introspection_c/actionlib_msgs/msg/detail/goal_status_array__type_support.c.obj
[ 80%] Building C object CMakeFiles/actionlib_msgs__rosidl_typesupport_microxrcedds_c.dir/rosidl_typesupport_microxrcedds_c/actionlib_msgs/msg/detail/microxrcedds/goal_id__type_support_c.c.obj
[ 65%] Building C object CMakeFiles/actionlib_msgs__rosidl_typesupport_introspection_c.dir/rosidl_typesupport_introspection_c/actionlib_msgs/msg/detail/goal_status__type_support.c.obj
[ 85%] Building C object CMakeFiles/actionlib_msgs__rosidl_typesupport_microxrcedds_c.dir/rosidl_typesupport_microxrcedds_c/actionlib_msgs/msg/detail/microxrcedds/goal_status_array__type_support_c.c.obj
In file included from /root/maturo_project/leap_low_v1/managed_components/micro_ros_espidf_component/micro_ros_src/build/actionlib_msgs/rosidl_typesupport_microxrcedds_c/actionlib_msgs/msg/detail/microxrcedds/goal_status__type_support_c.c:8:
/root/esp/esp-idf/components/newlib/platform_include/stdio.h:10:2: warning: #include_next is a GCC extension
   10 | #include_next <stdio.h>
      |  ^~~~~~~~~~~~
In file included from /root/maturo_project/leap_low_v1/managed_components/micro_ros_espidf_component/micro_ros_src/build/actionlib_msgs/rosidl_typesupport_microxrcedds_c/actionlib_msgs/msg/detail/microxrcedds/goal_id__type_support_c.c:8:
/root/esp/esp-idf/components/newlib/platform_include/stdio.h:10:2: warning: #include_next is a GCC extension
   10 | #include_next <stdio.h>
      |  ^~~~~~~~~~~~
In file included from /root/maturo_project/leap_low_v1/managed_components/micro_ros_espidf_component/micro_ros_src/build/actionlib_msgs/rosidl_typesupport_microxrcedds_c/actionlib_msgs/msg/detail/microxrcedds/goal_status_array__type_support_c.c:8:
/root/esp/esp-idf/components/newlib/platform_include/stdio.h:10:2: warning: #include_next is a GCC extension
   10 | #include_next <stdio.h>
      |  ^~~~~~~~~~~~
[ 90%] Linking CXX static library libactionlib_msgs__rosidl_typesupport_c.a
[ 90%] Built target actionlib_msgs__rosidl_typesupport_c
[ 95%] Linking C static library libactionlib_msgs__rosidl_typesupport_introspection_c.a
[100%] Linking CXX static library libactionlib_msgs__rosidl_typesupport_microxrcedds_c.a
[100%] Built target actionlib_msgs__rosidl_typesupport_introspection_c
[100%] Built target actionlib_msgs__rosidl_typesupport_microxrcedds_c
[100%] Built target actionlib_msgs
gmake[1]: Leaving directory '/root/maturo_project/leap_low_v1/managed_components/micro_ros_espidf_component/micro_ros_src/build/actionlib_msgs'
-- Install configuration: "Release"
-- Installing: /root/maturo_project/leap_low_v1/managed_components/micro_ros_espidf_component/micro_ros_src/install/share/ament_index/resource_index/rosidl_interfaces/actionlib_msgs
-- Installing: /root/maturo_project/leap_low_v1/managed_components/micro_ros_espidf_component/micro_ros_src/install/include/actionlib_msgs/actionlib_msgs
-- Installing: /root/maturo_project/leap_low_v1/managed_components/micro_ros_espidf_component/micro_ros_src/install/include/actionlib_msgs/actionlib_msgs/msg
-- Installing: /root/maturo_project/leap_low_v1/managed_components/micro_ros_espidf_component/micro_ros_src/install/include/actionlib_msgs/actionlib_msgs/msg/rosidl_generator_c__visibility_control.h
-- Installing: /root/maturo_project/leap_low_v1/managed_components/micro_ros_espidf_component/micro_ros_src/install/include/actionlib_msgs/actionlib_msgs/msg/goal_id.h
-- Installing: /root/maturo_project/leap_low_v1/managed_components/micro_ros_espidf_component/micro_ros_src/install/include/actionlib_msgs/actionlib_msgs/msg/detail
-- Installing: /root/maturo_project/leap_low_v1/managed_components/micro_ros_espidf_component/micro_ros_src/install/include/actionlib_msgs/actionlib_msgs/msg/detail/goal_status__functions.c
-- Installing: /root/maturo_project/leap_low_v1/managed_components/micro_ros_espidf_component/micro_ros_src/install/include/actionlib_msgs/actionlib_msgs/msg/detail/goal_id__functions.h
-- Installing: /root/maturo_project/leap_low_v1/managed_components/micro_ros_espidf_component/micro_ros_src/install/include/actionlib_msgs/actionlib_msgs/msg/detail/goal_id__struct.h
-- Installing: /root/maturo_project/leap_low_v1/managed_components/micro_ros_espidf_component/micro_ros_src/install/include/actionlib_msgs/actionlib_msgs/msg/detail/goal_id__type_support.h
-- Installing: /root/maturo_project/leap_low_v1/managed_components/micro_ros_espidf_component/micro_ros_src/install/include/actionlib_msgs/actionlib_msgs/msg/detail/goal_status_array__functions.c
-- Installing: /root/maturo_project/leap_low_v1/managed_components/micro_ros_espidf_component/micro_ros_src/install/include/actionlib_msgs/actionlib_msgs/msg/detail/goal_status_array__type_support.h
-- Installing: /root/maturo_project/leap_low_v1/managed_components/micro_ros_espidf_component/micro_ros_src/install/include/actionlib_msgs/actionlib_msgs/msg/detail/goal_status_array__struct.h
-- Installing: /root/maturo_project/leap_low_v1/managed_components/micro_ros_espidf_component/micro_ros_src/install/include/actionlib_msgs/actionlib_msgs/msg/detail/goal_status__type_support.h
-- Installing: /root/maturo_project/leap_low_v1/managed_components/micro_ros_espidf_component/micro_ros_src/install/include/actionlib_msgs/actionlib_msgs/msg/detail/goal_status_array__functions.h
-- Installing: /root/maturo_project/leap_low_v1/managed_components/micro_ros_espidf_component/micro_ros_src/install/include/actionlib_msgs/actionlib_msgs/msg/detail/goal_status__functions.h
-- Installing: /root/maturo_project/leap_low_v1/managed_components/micro_ros_espidf_component/micro_ros_src/install/include/actionlib_msgs/actionlib_msgs/msg/detail/goal_id__functions.c
-- Installing: /root/maturo_project/leap_low_v1/managed_components/micro_ros_espidf_component/micro_ros_src/install/include/actionlib_msgs/actionlib_msgs/msg/detail/goal_status__struct.h
-- Installing: /root/maturo_project/leap_low_v1/managed_components/micro_ros_espidf_component/micro_ros_src/install/include/actionlib_msgs/actionlib_msgs/msg/goal_status.h
-- Installing: /root/maturo_project/leap_low_v1/managed_components/micro_ros_espidf_component/micro_ros_src/install/include/actionlib_msgs/actionlib_msgs/msg/goal_status_array.h
-- Installing: /root/maturo_project/leap_low_v1/managed_components/micro_ros_espidf_component/micro_ros_src/install/share/actionlib_msgs/environment/library_path.sh
-- Installing: /root/maturo_project/leap_low_v1/managed_components/micro_ros_espidf_component/micro_ros_src/install/share/actionlib_msgs/environment/library_path.dsv
-- Installing: /root/maturo_project/leap_low_v1/managed_components/micro_ros_espidf_component/micro_ros_src/install/lib/libactionlib_msgs__rosidl_generator_c.a
-- Up-to-date: /root/maturo_project/leap_low_v1/managed_components/micro_ros_espidf_component/micro_ros_src/install/include/actionlib_msgs/actionlib_msgs
-- Up-to-date: /root/maturo_project/leap_low_v1/managed_components/micro_ros_espidf_component/micro_ros_src/install/include/actionlib_msgs/actionlib_msgs/msg
-- Installing: /root/maturo_project/leap_low_v1/managed_components/micro_ros_espidf_component/micro_ros_src/install/include/actionlib_msgs/actionlib_msgs/msg/rosidl_typesupport_introspection_c__visibility_control.h
-- Up-to-date: /root/maturo_project/leap_low_v1/managed_components/micro_ros_espidf_component/micro_ros_src/install/include/actionlib_msgs/actionlib_msgs/msg/detail
-- Installing: /root/maturo_project/leap_low_v1/managed_components/micro_ros_espidf_component/micro_ros_src/install/include/actionlib_msgs/actionlib_msgs/msg/detail/goal_status_array__rosidl_typesupport_introspection_c.h
-- Installing: /root/maturo_project/leap_low_v1/managed_components/micro_ros_espidf_component/micro_ros_src/install/include/actionlib_msgs/actionlib_msgs/msg/detail/goal_status__type_support.c
-- Installing: /root/maturo_project/leap_low_v1/managed_components/micro_ros_espidf_component/micro_ros_src/install/include/actionlib_msgs/actionlib_msgs/msg/detail/goal_id__rosidl_typesupport_introspection_c.h
-- Installing: /root/maturo_project/leap_low_v1/managed_components/micro_ros_espidf_component/micro_ros_src/install/include/actionlib_msgs/actionlib_msgs/msg/detail/goal_status__rosidl_typesupport_introspection_c.h
-- Installing: /root/maturo_project/leap_low_v1/managed_components/micro_ros_espidf_component/micro_ros_src/install/include/actionlib_msgs/actionlib_msgs/msg/detail/goal_status_array__type_support.c
-- Installing: /root/maturo_project/leap_low_v1/managed_components/micro_ros_espidf_component/micro_ros_src/install/include/actionlib_msgs/actionlib_msgs/msg/detail/goal_id__type_support.c
-- Installing: /root/maturo_project/leap_low_v1/managed_components/micro_ros_espidf_component/micro_ros_src/install/lib/libactionlib_msgs__rosidl_typesupport_introspection_c.a
-- Up-to-date: /root/maturo_project/leap_low_v1/managed_components/micro_ros_espidf_component/micro_ros_src/install/include/actionlib_msgs/actionlib_msgs
-- Up-to-date: /root/maturo_project/leap_low_v1/managed_components/micro_ros_espidf_component/micro_ros_src/install/include/actionlib_msgs/actionlib_msgs/msg
-- Installing: /root/maturo_project/leap_low_v1/managed_components/micro_ros_espidf_component/micro_ros_src/install/include/actionlib_msgs/actionlib_msgs/msg/rosidl_typesupport_microxrcedds_c__visibility_control.h
-- Up-to-date: /root/maturo_project/leap_low_v1/managed_components/micro_ros_espidf_component/micro_ros_src/install/include/actionlib_msgs/actionlib_msgs/msg/detail
-- Installing: /root/maturo_project/leap_low_v1/managed_components/micro_ros_espidf_component/micro_ros_src/install/include/actionlib_msgs/actionlib_msgs/msg/detail/microxrcedds
-- Installing: /root/maturo_project/leap_low_v1/managed_components/micro_ros_espidf_component/micro_ros_src/install/include/actionlib_msgs/actionlib_msgs/msg/detail/goal_id__rosidl_typesupport_microxrcedds_c.h
-- Installing: /root/maturo_project/leap_low_v1/managed_components/micro_ros_espidf_component/micro_ros_src/install/include/actionlib_msgs/actionlib_msgs/msg/detail/goal_status__rosidl_typesupport_microxrcedds_c.h
-- Installing: /root/maturo_project/leap_low_v1/managed_components/micro_ros_espidf_component/micro_ros_src/install/include/actionlib_msgs/actionlib_msgs/msg/detail/goal_status_array__rosidl_typesupport_microxrcedds_c.h
-- Installing: /root/maturo_project/leap_low_v1/managed_components/micro_ros_espidf_component/micro_ros_src/install/lib/libactionlib_msgs__rosidl_typesupport_microxrcedds_c.a
-- Installing: /root/maturo_project/leap_low_v1/managed_components/micro_ros_espidf_component/micro_ros_src/install/lib/libactionlib_msgs__rosidl_typesupport_c.a
-- Installing: /root/maturo_project/leap_low_v1/managed_components/micro_ros_espidf_component/micro_ros_src/install/share/actionlib_msgs/msg/GoalID.idl
-- Installing: /root/maturo_project/leap_low_v1/managed_components/micro_ros_espidf_component/micro_ros_src/install/share/actionlib_msgs/msg/GoalStatus.idl
-- Installing: /root/maturo_project/leap_low_v1/managed_components/micro_ros_espidf_component/micro_ros_src/install/share/actionlib_msgs/msg/GoalStatusArray.idl
-- Installing: /root/maturo_project/leap_low_v1/managed_components/micro_ros_espidf_component/micro_ros_src/install/share/actionlib_msgs/msg/GoalID.msg
-- Installing: /root/maturo_project/leap_low_v1/managed_components/micro_ros_espidf_component/micro_ros_src/install/share/actionlib_msgs/msg/GoalStatus.msg
-- Installing: /root/maturo_project/leap_low_v1/managed_components/micro_ros_espidf_component/micro_ros_src/install/share/actionlib_msgs/msg/GoalStatusArray.msg
-- Installing: /root/maturo_project/leap_low_v1/managed_components/micro_ros_espidf_component/micro_ros_src/install/share/ament_index/resource_index/package_run_dependencies/actionlib_msgs
-- Installing: /root/maturo_project/leap_low_v1/managed_components/micro_ros_espidf_component/micro_ros_src/install/share/ament_index/resource_index/parent_prefix_path/actionlib_msgs
-- Installing: /root/maturo_project/leap_low_v1/managed_components/micro_ros_espidf_component/micro_ros_src/install/share/actionlib_msgs/environment/ament_prefix_path.sh
-- Installing: /root/maturo_project/leap_low_v1/managed_components/micro_ros_espidf_component/micro_ros_src/install/share/actionlib_msgs/environment/ament_prefix_path.dsv
-- Installing: /root/maturo_project/leap_low_v1/managed_components/micro_ros_espidf_component/micro_ros_src/install/share/actionlib_msgs/environment/path.sh
-- Installing: /root/maturo_project/leap_low_v1/managed_components/micro_ros_espidf_component/micro_ros_src/install/share/actionlib_msgs/environment/path.dsv
-- Installing: /root/maturo_project/leap_low_v1/managed_components/micro_ros_espidf_component/micro_ros_src/install/share/actionlib_msgs/local_setup.bash
-- Installing: /root/maturo_project/leap_low_v1/managed_components/micro_ros_espidf_component/micro_ros_src/install/share/actionlib_msgs/local_setup.sh
-- Installing: /root/maturo_project/leap_low_v1/managed_components/micro_ros_espidf_component/micro_ros_src/install/share/actionlib_msgs/local_setup.zsh
-- Installing: /root/maturo_project/leap_low_v1/managed_components/micro_ros_espidf_component/micro_ros_src/install/share/actionlib_msgs/local_setup.dsv
-- Installing: /root/maturo_project/leap_low_v1/managed_components/micro_ros_espidf_component/micro_ros_src/install/share/actionlib_msgs/package.dsv
-- Installing: /root/maturo_project/leap_low_v1/managed_components/micro_ros_espidf_component/micro_ros_src/install/share/ament_index/resource_index/packages/actionlib_msgs
-- Installing: /root/maturo_project/leap_low_v1/managed_components/micro_ros_espidf_component/micro_ros_src/install/share/actionlib_msgs/cmake/export_actionlib_msgs__rosidl_generator_cExport.cmake
-- Installing: /root/maturo_project/leap_low_v1/managed_components/micro_ros_espidf_component/micro_ros_src/install/share/actionlib_msgs/cmake/export_actionlib_msgs__rosidl_generator_cExport-release.cmake
-- Installing: /root/maturo_project/leap_low_v1/managed_components/micro_ros_espidf_component/micro_ros_src/install/share/actionlib_msgs/cmake/actionlib_msgs__rosidl_typesupport_introspection_cExport.cmake
-- Installing: /root/maturo_project/leap_low_v1/managed_components/micro_ros_espidf_component/micro_ros_src/install/share/actionlib_msgs/cmake/actionlib_msgs__rosidl_typesupport_introspection_cExport-release.cmake
-- Installing: /root/maturo_project/leap_low_v1/managed_components/micro_ros_espidf_component/micro_ros_src/install/share/actionlib_msgs/cmake/actionlib_msgs__rosidl_typesupport_cExport.cmake
-- Installing: /root/maturo_project/leap_low_v1/managed_components/micro_ros_espidf_component/micro_ros_src/install/share/actionlib_msgs/cmake/actionlib_msgs__rosidl_typesupport_cExport-release.cmake
-- Installing: /root/maturo_project/leap_low_v1/managed_components/micro_ros_espidf_component/micro_ros_src/install/share/actionlib_msgs/cmake/rosidl_cmake-extras.cmake
-- Installing: /root/maturo_project/leap_low_v1/managed_components/micro_ros_espidf_component/micro_ros_src/install/share/actionlib_msgs/cmake/ament_cmake_export_dependencies-extras.cmake
-- Installing: /root/maturo_project/leap_low_v1/managed_components/micro_ros_espidf_component/micro_ros_src/install/share/actionlib_msgs/cmake/ament_cmake_export_include_directories-extras.cmake
-- Installing: /root/maturo_project/leap_low_v1/managed_components/micro_ros_espidf_component/micro_ros_src/install/share/actionlib_msgs/cmake/ament_cmake_export_libraries-extras.cmake
-- Installing: /root/maturo_project/leap_low_v1/managed_components/micro_ros_espidf_component/micro_ros_src/install/share/actionlib_msgs/cmake/ament_cmake_export_targets-extras.cmake
-- Installing: /root/maturo_project/leap_low_v1/managed_components/micro_ros_espidf_component/micro_ros_src/install/share/actionlib_msgs/cmake/rosidl_cmake_export_typesupport_targets-extras.cmake
-- Installing: /root/maturo_project/leap_low_v1/managed_components/micro_ros_espidf_component/micro_ros_src/install/share/actionlib_msgs/cmake/rosidl_cmake_export_typesupport_libraries-extras.cmake
-- Installing: /root/maturo_project/leap_low_v1/managed_components/micro_ros_espidf_component/micro_ros_src/install/share/actionlib_msgs/cmake/rosidl_cmake_aggregate_target-extras.cmake
-- Installing: /root/maturo_project/leap_low_v1/managed_components/micro_ros_espidf_component/micro_ros_src/install/share/actionlib_msgs/cmake/actionlib_msgsConfig.cmake
-- Installing: /root/maturo_project/leap_low_v1/managed_components/micro_ros_espidf_component/micro_ros_src/install/share/actionlib_msgs/cmake/actionlib_msgsConfig-version.cmake
-- Installing: /root/maturo_project/leap_low_v1/managed_components/micro_ros_espidf_component/micro_ros_src/install/share/actionlib_msgs/package.xml
