CMake Deprecation Warning at CMakeLists.txt:1 (cmake_minimum_required):
  Compatibility with CMake < 3.10 will be removed from a future version of
  CMake.

  Update the VERSION argument <min> value.  Or, use the <min>...<max> syntax
  to tell CMake that the project requires at least <min> but has been updated
  to work with policies introduced by <max> or earlier.


Not searching for unused variables given on the command line.
-- The C compiler identification is GNU 14.2.0
-- The CXX compiler identification is GNU 14.2.0
-- Detecting C compiler ABI info
-- Detecting C compiler ABI info - done
-- Check for working C compiler: /root/.espressif/tools/xtensa-esp-elf/esp-14.2.0_20251107/xtensa-esp-elf/bin/xtensa-esp32s3-elf-gcc - skipped
-- Detecting C compile features
-- Detecting C compile features - done
-- Detecting CXX compiler ABI info
-- Detecting CXX compiler ABI info - done
-- Check for working CXX compiler: /root/.espressif/tools/xtensa-esp-elf/esp-14.2.0_20251107/xtensa-esp-elf/bin/xtensa-esp32s3-elf-g++ - skipped
-- Detecting CXX compile features
-- Detecting CXX compile features - done
-- Found ament_cmake: 1.3.14 (/root/maturo_project/leap_low_v1/managed_components/micro_ros_espidf_component/micro_ros_dev/install/ament_cmake/share/ament_cmake/cmake)
-- Found Python3: /root/.espressif/python_env/idf5.5_py3.13_env/bin/python3 (found version "3.13.5") found components: Interpreter
-- Found rosidl_default_generators: 1.2.1 (/root/maturo_project/leap_low_v1/managed_components/micro_ros_espidf_component/micro_ros_src/install/share/rosidl_default_generators/cmake)
-- Using all available rosidl_typesupport_c: rosidl_typesupport_introspection_c;rosidl_typesupport_microxrcedds_c
-- Found rosidl_adapter: 3.1.9 (/root/maturo_project/leap_low_v1/managed_components/micro_ros_espidf_component/micro_ros_src/install/share/rosidl_adapter/cmake)
-- Found std_msgs: 4.9.2 (/root/maturo_project/leap_low_v1/managed_components/micro_ros_espidf_component/micro_ros_src/install/share/std_msgs/cmake)
-- Found ament_cmake_ros: 0.10.0 (/root/maturo_project/leap_low_v1/managed_components/micro_ros_espidf_component/micro_ros_dev/install/ament_cmake_ros/share/ament_cmake_ros/cmake)
-- Using all available rosidl_typesupport_c: rosidl_typesupport_introspection_c;rosidl_typesupport_microxrcedds_c
-- Configuring done (3.5s)
-- Generating done (0.1s)
-- Build files have been written to: /root/maturo_project/leap_low_v1/managed_components/micro_ros_espidf_component/micro_ros_src/build/diagnostic_msgs
gmake[1]: Entering directory '/root/maturo_project/leap_low_v1/managed_components/micro_ros_espidf_component/micro_ros_src/build/diagnostic_msgs'
[  3%] Generating C code for ROS interfaces
[  7%] Building C object CMakeFiles/diagnostic_msgs__rosidl_generator_c.dir/rosidl_generator_c/diagnostic_msgs/msg/detail/diagnostic_array__functions.c.obj
[ 10%] Building C object CMakeFiles/diagnostic_msgs__rosidl_generator_c.dir/rosidl_generator_c/diagnostic_msgs/msg/detail/key_value__functions.c.obj
[ 14%] Building C object CMakeFiles/diagnostic_msgs__rosidl_generator_c.dir/rosidl_generator_c/diagnostic_msgs/srv/detail/add_diagnostics__functions.c.obj
[ 17%] Building C object CMakeFiles/diagnostic_msgs__rosidl_generator_c.dir/rosidl_generator_c/diagnostic_msgs/srv/detail/self_test__functions.c.obj
[ 21%] Building C object CMakeFiles/diagnostic_msgs__rosidl_generator_c.dir/rosidl_generator_c/diagnostic_msgs/msg/detail/diagnostic_status__functions.c.obj
[ 25%] Linking C static library libdiagnostic_msgs__rosidl_generator_c.a
[ 25%] Built target diagnostic_msgs__rosidl_generator_c
[ 28%] Generating C introspection for ROS interfaces
[ 32%] Generating C type support for eProsima Micro XRCE-DDS
[ 35%] Generating C type support dispatch for ROS interfaces
[ 39%] Building C object CMakeFiles/diagnostic_msgs__rosidl_typesupport_microxrcedds_c.dir/rosidl_typesupport_microxrcedds_c/diagnostic_msgs/msg/detail/microxrcedds/diagnostic_array__type_support_c.c.obj
[ 42%] Building C object CMakeFiles/diagnostic_msgs__rosidl_typesupport_microxrcedds_c.dir/rosidl_typesupport_microxrcedds_c/diagnostic_msgs/msg/detail/microxrcedds/key_value__type_support_c.c.obj
[ 46%] Building C object CMakeFiles/diagnostic_msgs__rosidl_typesupport_microxrcedds_c.dir/rosidl_typesupport_microxrcedds_c/diagnostic_msgs/msg/detail/microxrcedds/diagnostic_status__type_support_c.c.obj
[ 50%] Building C object CMakeFiles/diagnostic_msgs__rosidl_typesupport_microxrcedds_c.dir/rosidl_typesupport_microxrcedds_c/diagnostic_msgs/srv/detail/microxrcedds/self_test__type_support_c.c.obj
[ 53%] Building C object CMakeFiles/diagnostic_msgs__rosidl_typesupport_microxrcedds_c.dir/rosidl_typesupport_microxrcedds_c/diagnostic_msgs/srv/detail/microxrcedds/add_diagnostics__type_support_c.c.obj
In file included from /root/maturo_project/leap_low_v1/managed_components/micro_ros_espidf_component/micro_ros_src/build/diagnostic_msgs/rosidl_typesupport_microxrcedds_c/diagnostic_msgs/msg/detail/microxrcedds/diagnostic_array__type_support_c.c:8:
/root/esp/esp-idf/components/newlib/platform_include/stdio.h:10:2: warning: #include_next is a GCC extension
   10 | #include_next <stdio.h>
      |  ^~~~~~~~~~~~
In file included from /root/maturo_project/leap_low_v1/managed_components/micro_ros_espidf_component/micro_ros_src/build/diagnostic_msgs/rosidl_typesupport_microxrcedds_c/diagnostic_msgs/srv/detail/microxrcedds/self_test__type_support_c.c:8:
/root/esp/esp-idf/components/newlib/platform_include/stdio.h:10:2: warning: #include_next is a GCC extension
   10 | #include_next <stdio.h>
      |  ^~~~~~~~~~~~
In file included from /root/maturo_project/leap_low_v1/managed_components/micro_ros_espidf_component/micro_ros_src/build/diagnostic_msgs/rosidl_typesupport_microxrcedds_c/diagnostic_msgs/msg/detail/microxrcedds/key_value__type_support_c.c:8:
/root/esp/esp-idf/components/newlib/platform_include/stdio.h:10:2: warning: #include_next is a GCC extension
   10 | #include_next <stdio.h>
      |  ^~~~~~~~~~~~
In file included from /root/maturo_project/leap_low_v1/managed_components/micro_ros_espidf_component/micro_ros_src/build/diagnostic_msgs/rosidl_typesupport_microxrcedds_c/diagnostic_msgs/msg/detail/microxrcedds/diagnostic_status__type_support_c.c:8:
/root/esp/esp-idf/components/newlib/platform_include/stdio.h:10:2: warning: #include_next is a GCC extension
   10 | #include_next <stdio.h>
      |  ^~~~~~~~~~~~
[ 57%] Building CXX object CMakeFiles/diagnostic_msgs__rosidl_typesupport_c.dir/rosidl_typesupport_c/diagnostic_msgs/msg/diagnostic_array__type_support.cpp.obj
In file included from /root/maturo_project/leap_low_v1/managed_components/micro_ros_espidf_component/micro_ros_src/build/diagnostic_msgs/rosidl_typesupport_microxrcedds_c/diagnostic_msgs/srv/detail/microxrcedds/add_diagnostics__type_support_c.c:8:
/root/esp/esp-idf/components/newlib/platform_include/stdio.h:10:2: warning: #include_next is a GCC extension
   10 | #include_next <stdio.h>
      |  ^~~~~~~~~~~~
[ 60%] Building CXX object CMakeFiles/diagnostic_msgs__rosidl_typesupport_c.dir/rosidl_typesupport_c/diagnostic_msgs/msg/diagnostic_status__type_support.cpp.obj
[ 64%] Building CXX object CMakeFiles/diagnostic_msgs__rosidl_typesupport_c.dir/rosidl_typesupport_c/diagnostic_msgs/msg/key_value__type_support.cpp.obj
[ 67%] Building CXX object CMakeFiles/diagnostic_msgs__rosidl_typesupport_c.dir/rosidl_typesupport_c/diagnostic_msgs/srv/add_diagnostics__type_support.cpp.obj
[ 71%] Building CXX object CMakeFiles/diagnostic_msgs__rosidl_typesupport_c.dir/rosidl_typesupport_c/diagnostic_msgs/srv/self_test__type_support.cpp.obj
[ 75%] Linking CXX static library libdiagnostic_msgs__rosidl_typesupport_c.a
[ 75%] Built target diagnostic_msgs__rosidl_typesupport_c
[ 78%] Linking CXX static library libdiagnostic_msgs__rosidl_typesupport_microxrcedds_c.a
[ 82%] Building C object CMakeFiles/diagnostic_msgs__rosidl_typesupport_introspection_c.dir/rosidl_typesupport_introspection_c/diagnostic_msgs/msg/detail/diagnostic_array__type_support.c.obj
[ 85%] Building C object CMakeFiles/diagnostic_msgs__rosidl_typesupport_introspection_c.dir/rosidl_typesupport_introspection_c/diagnostic_msgs/srv/detail/add_diagnostics__type_support.c.obj
[ 92%] Building C object CMakeFiles/diagnostic_msgs__rosidl_typesupport_introspection_c.dir/rosidl_typesupport_introspection_c/diagnostic_msgs/msg/detail/key_value__type_support.c.obj
[ 92%] Building C object CMakeFiles/diagnostic_msgs__rosidl_typesupport_introspection_c.dir/rosidl_typesupport_introspection_c/diagnostic_msgs/srv/detail/self_test__type_support.c.obj
[ 96%] Building C object CMakeFiles/diagnostic_msgs__rosidl_typesupport_introspection_c.dir/rosidl_typesupport_introspection_c/diagnostic_msgs/msg/detail/diagnostic_status__type_support.c.obj
[ 96%] Built target diagnostic_msgs__rosidl_typesupport_microxrcedds_c
[100%] Linking C static library libdiagnostic_msgs__rosidl_typesupport_introspection_c.a
[100%] Built target diagnostic_msgs__rosidl_typesupport_introspection_c
[100%] Built target diagnostic_msgs
gmake[1]: Leaving directory '/root/maturo_project/leap_low_v1/managed_components/micro_ros_espidf_component/micro_ros_src/build/diagnostic_msgs'
-- Install configuration: "Release"
-- Installing: /root/maturo_project/leap_low_v1/managed_components/micro_ros_espidf_component/micro_ros_src/install/share/ament_index/resource_index/rosidl_interfaces/diagnostic_msgs
-- Installing: /root/maturo_project/leap_low_v1/managed_components/micro_ros_espidf_component/micro_ros_src/install/include/diagnostic_msgs/diagnostic_msgs
-- Installing: /root/maturo_project/leap_low_v1/managed_components/micro_ros_espidf_component/micro_ros_src/install/include/diagnostic_msgs/diagnostic_msgs/srv
-- Installing: /root/maturo_project/leap_low_v1/managed_components/micro_ros_espidf_component/micro_ros_src/install/include/diagnostic_msgs/diagnostic_msgs/srv/self_test.h
-- Installing: /root/maturo_project/leap_low_v1/managed_components/micro_ros_espidf_component/micro_ros_src/install/include/diagnostic_msgs/diagnostic_msgs/srv/detail
-- Installing: /root/maturo_project/leap_low_v1/managed_components/micro_ros_espidf_component/micro_ros_src/install/include/diagnostic_msgs/diagnostic_msgs/srv/detail/add_diagnostics__functions.h
-- Installing: /root/maturo_project/leap_low_v1/managed_components/micro_ros_espidf_component/micro_ros_src/install/include/diagnostic_msgs/diagnostic_msgs/srv/detail/self_test__functions.h
-- Installing: /root/maturo_project/leap_low_v1/managed_components/micro_ros_espidf_component/micro_ros_src/install/include/diagnostic_msgs/diagnostic_msgs/srv/detail/self_test__struct.h
-- Installing: /root/maturo_project/leap_low_v1/managed_components/micro_ros_espidf_component/micro_ros_src/install/include/diagnostic_msgs/diagnostic_msgs/srv/detail/add_diagnostics__struct.h
-- Installing: /root/maturo_project/leap_low_v1/managed_components/micro_ros_espidf_component/micro_ros_src/install/include/diagnostic_msgs/diagnostic_msgs/srv/detail/add_diagnostics__functions.c
-- Installing: /root/maturo_project/leap_low_v1/managed_components/micro_ros_espidf_component/micro_ros_src/install/include/diagnostic_msgs/diagnostic_msgs/srv/detail/self_test__type_support.h
-- Installing: /root/maturo_project/leap_low_v1/managed_components/micro_ros_espidf_component/micro_ros_src/install/include/diagnostic_msgs/diagnostic_msgs/srv/detail/self_test__functions.c
-- Installing: /root/maturo_project/leap_low_v1/managed_components/micro_ros_espidf_component/micro_ros_src/install/include/diagnostic_msgs/diagnostic_msgs/srv/detail/add_diagnostics__type_support.h
-- Installing: /root/maturo_project/leap_low_v1/managed_components/micro_ros_espidf_component/micro_ros_src/install/include/diagnostic_msgs/diagnostic_msgs/srv/add_diagnostics.h
-- Installing: /root/maturo_project/leap_low_v1/managed_components/micro_ros_espidf_component/micro_ros_src/install/include/diagnostic_msgs/diagnostic_msgs/msg
-- Installing: /root/maturo_project/leap_low_v1/managed_components/micro_ros_espidf_component/micro_ros_src/install/include/diagnostic_msgs/diagnostic_msgs/msg/rosidl_generator_c__visibility_control.h
-- Installing: /root/maturo_project/leap_low_v1/managed_components/micro_ros_espidf_component/micro_ros_src/install/include/diagnostic_msgs/diagnostic_msgs/msg/detail
-- Installing: /root/maturo_project/leap_low_v1/managed_components/micro_ros_espidf_component/micro_ros_src/install/include/diagnostic_msgs/diagnostic_msgs/msg/detail/key_value__type_support.h
-- Installing: /root/maturo_project/leap_low_v1/managed_components/micro_ros_espidf_component/micro_ros_src/install/include/diagnostic_msgs/diagnostic_msgs/msg/detail/diagnostic_status__struct.h
-- Installing: /root/maturo_project/leap_low_v1/managed_components/micro_ros_espidf_component/micro_ros_src/install/include/diagnostic_msgs/diagnostic_msgs/msg/detail/key_value__functions.c
-- Installing: /root/maturo_project/leap_low_v1/managed_components/micro_ros_espidf_component/micro_ros_src/install/include/diagnostic_msgs/diagnostic_msgs/msg/detail/diagnostic_array__functions.h
-- Installing: /root/maturo_project/leap_low_v1/managed_components/micro_ros_espidf_component/micro_ros_src/install/include/diagnostic_msgs/diagnostic_msgs/msg/detail/diagnostic_status__type_support.h
-- Installing: /root/maturo_project/leap_low_v1/managed_components/micro_ros_espidf_component/micro_ros_src/install/include/diagnostic_msgs/diagnostic_msgs/msg/detail/key_value__functions.h
-- Installing: /root/maturo_project/leap_low_v1/managed_components/micro_ros_espidf_component/micro_ros_src/install/include/diagnostic_msgs/diagnostic_msgs/msg/detail/diagnostic_array__functions.c
-- Installing: /root/maturo_project/leap_low_v1/managed_components/micro_ros_espidf_component/micro_ros_src/install/include/diagnostic_msgs/diagnostic_msgs/msg/detail/diagnostic_status__functions.h
-- Installing: /root/maturo_project/leap_low_v1/managed_components/micro_ros_espidf_component/micro_ros_src/install/include/diagnostic_msgs/diagnostic_msgs/msg/detail/diagnostic_array__type_support.h
-- Installing: /root/maturo_project/leap_low_v1/managed_components/micro_ros_espidf_component/micro_ros_src/install/include/diagnostic_msgs/diagnostic_msgs/msg/detail/diagnostic_array__struct.h
-- Installing: /root/maturo_project/leap_low_v1/managed_components/micro_ros_espidf_component/micro_ros_src/install/include/diagnostic_msgs/diagnostic_msgs/msg/detail/diagnostic_status__functions.c
-- Installing: /root/maturo_project/leap_low_v1/managed_components/micro_ros_espidf_component/micro_ros_src/install/include/diagnostic_msgs/diagnostic_msgs/msg/detail/key_value__struct.h
-- Installing: /root/maturo_project/leap_low_v1/managed_components/micro_ros_espidf_component/micro_ros_src/install/include/diagnostic_msgs/diagnostic_msgs/msg/diagnostic_status.h
-- Installing: /root/maturo_project/leap_low_v1/managed_components/micro_ros_espidf_component/micro_ros_src/install/include/diagnostic_msgs/diagnostic_msgs/msg/diagnostic_array.h
-- Installing: /root/maturo_project/leap_low_v1/managed_components/micro_ros_espidf_component/micro_ros_src/install/include/diagnostic_msgs/diagnostic_msgs/msg/key_value.h
-- Installing: /root/maturo_project/leap_low_v1/managed_components/micro_ros_espidf_component/micro_ros_src/install/share/diagnostic_msgs/environment/library_path.sh
-- Installing: /root/maturo_project/leap_low_v1/managed_components/micro_ros_espidf_component/micro_ros_src/install/share/diagnostic_msgs/environment/library_path.dsv
-- Installing: /root/maturo_project/leap_low_v1/managed_components/micro_ros_espidf_component/micro_ros_src/install/lib/libdiagnostic_msgs__rosidl_generator_c.a
-- Up-to-date: /root/maturo_project/leap_low_v1/managed_components/micro_ros_espidf_component/micro_ros_src/install/include/diagnostic_msgs/diagnostic_msgs
-- Up-to-date: /root/maturo_project/leap_low_v1/managed_components/micro_ros_espidf_component/micro_ros_src/install/include/diagnostic_msgs/diagnostic_msgs/srv
-- Up-to-date: /root/maturo_project/leap_low_v1/managed_components/micro_ros_espidf_component/micro_ros_src/install/include/diagnostic_msgs/diagnostic_msgs/srv/detail
-- Installing: /root/maturo_project/leap_low_v1/managed_components/micro_ros_espidf_component/micro_ros_src/install/include/diagnostic_msgs/diagnostic_msgs/srv/detail/add_diagnostics__type_support.c
-- Installing: /root/maturo_project/leap_low_v1/managed_components/micro_ros_espidf_component/micro_ros_src/install/include/diagnostic_msgs/diagnostic_msgs/srv/detail/self_test__type_support.c
-- Installing: /root/maturo_project/leap_low_v1/managed_components/micro_ros_espidf_component/micro_ros_src/install/include/diagnostic_msgs/diagnostic_msgs/srv/detail/add_diagnostics__rosidl_typesupport_introspection_c.h
-- Installing: /root/maturo_project/leap_low_v1/managed_components/micro_ros_espidf_component/micro_ros_src/install/include/diagnostic_msgs/diagnostic_msgs/srv/detail/self_test__rosidl_typesupport_introspection_c.h
-- Up-to-date: /root/maturo_project/leap_low_v1/managed_components/micro_ros_espidf_component/micro_ros_src/install/include/diagnostic_msgs/diagnostic_msgs/msg
-- Installing: /root/maturo_project/leap_low_v1/managed_components/micro_ros_espidf_component/micro_ros_src/install/include/diagnostic_msgs/diagnostic_msgs/msg/rosidl_typesupport_introspection_c__visibility_control.h
-- Up-to-date: /root/maturo_project/leap_low_v1/managed_components/micro_ros_espidf_component/micro_ros_src/install/include/diagnostic_msgs/diagnostic_msgs/msg/detail
-- Installing: /root/maturo_project/leap_low_v1/managed_components/micro_ros_espidf_component/micro_ros_src/install/include/diagnostic_msgs/diagnostic_msgs/msg/detail/key_value__rosidl_typesupport_introspection_c.h
-- Installing: /root/maturo_project/leap_low_v1/managed_components/micro_ros_espidf_component/micro_ros_src/install/include/diagnostic_msgs/diagnostic_msgs/msg/detail/key_value__type_support.c
-- Installing: /root/maturo_project/leap_low_v1/managed_components/micro_ros_espidf_component/micro_ros_src/install/include/diagnostic_msgs/diagnostic_msgs/msg/detail/diagnostic_array__rosidl_typesupport_introspection_c.h
-- Installing: /root/maturo_project/leap_low_v1/managed_components/micro_ros_espidf_component/micro_ros_src/install/include/diagnostic_msgs/diagnostic_msgs/msg/detail/diagnostic_array__type_support.c
-- Installing: /root/maturo_project/leap_low_v1/managed_components/micro_ros_espidf_component/micro_ros_src/install/include/diagnostic_msgs/diagnostic_msgs/msg/detail/diagnostic_status__rosidl_typesupport_introspection_c.h
-- Installing: /root/maturo_project/leap_low_v1/managed_components/micro_ros_espidf_component/micro_ros_src/install/include/diagnostic_msgs/diagnostic_msgs/msg/detail/diagnostic_status__type_support.c
-- Installing: /root/maturo_project/leap_low_v1/managed_components/micro_ros_espidf_component/micro_ros_src/install/lib/libdiagnostic_msgs__rosidl_typesupport_introspection_c.a
-- Up-to-date: /root/maturo_project/leap_low_v1/managed_components/micro_ros_espidf_component/micro_ros_src/install/include/diagnostic_msgs/diagnostic_msgs
-- Up-to-date: /root/maturo_project/leap_low_v1/managed_components/micro_ros_espidf_component/micro_ros_src/install/include/diagnostic_msgs/diagnostic_msgs/srv
-- Up-to-date: /root/maturo_project/leap_low_v1/managed_components/micro_ros_espidf_component/micro_ros_src/install/include/diagnostic_msgs/diagnostic_msgs/srv/detail
-- Installing: /root/maturo_project/leap_low_v1/managed_components/micro_ros_espidf_component/micro_ros_src/install/include/diagnostic_msgs/diagnostic_msgs/srv/detail/self_test__rosidl_typesupport_microxrcedds_c.h
-- Installing: /root/maturo_project/leap_low_v1/managed_components/micro_ros_espidf_component/micro_ros_src/install/include/diagnostic_msgs/diagnostic_msgs/srv/detail/microxrcedds
-- Installing: /root/maturo_project/leap_low_v1/managed_components/micro_ros_espidf_component/micro_ros_src/install/include/diagnostic_msgs/diagnostic_msgs/srv/detail/add_diagnostics__rosidl_typesupport_microxrcedds_c.h
-- Up-to-date: /root/maturo_project/leap_low_v1/managed_components/micro_ros_espidf_component/micro_ros_src/install/include/diagnostic_msgs/diagnostic_msgs/msg
-- Installing: /root/maturo_project/leap_low_v1/managed_components/micro_ros_espidf_component/micro_ros_src/install/include/diagnostic_msgs/diagnostic_msgs/msg/rosidl_typesupport_microxrcedds_c__visibility_control.h
-- Up-to-date: /root/maturo_project/leap_low_v1/managed_components/micro_ros_espidf_component/micro_ros_src/install/include/diagnostic_msgs/diagnostic_msgs/msg/detail
-- Installing: /root/maturo_project/leap_low_v1/managed_components/micro_ros_espidf_component/micro_ros_src/install/include/diagnostic_msgs/diagnostic_msgs/msg/detail/diagnostic_status__rosidl_typesupport_microxrcedds_c.h
-- Installing: /root/maturo_project/leap_low_v1/managed_components/micro_ros_espidf_component/micro_ros_src/install/include/diagnostic_msgs/diagnostic_msgs/msg/detail/microxrcedds
-- Installing: /root/maturo_project/leap_low_v1/managed_components/micro_ros_espidf_component/micro_ros_src/install/include/diagnostic_msgs/diagnostic_msgs/msg/detail/diagnostic_array__rosidl_typesupport_microxrcedds_c.h
-- Installing: /root/maturo_project/leap_low_v1/managed_components/micro_ros_espidf_component/micro_ros_src/install/include/diagnostic_msgs/diagnostic_msgs/msg/detail/key_value__rosidl_typesupport_microxrcedds_c.h
-- Installing: /root/maturo_project/leap_low_v1/managed_components/micro_ros_espidf_component/micro_ros_src/install/lib/libdiagnostic_msgs__rosidl_typesupport_microxrcedds_c.a
-- Installing: /root/maturo_project/leap_low_v1/managed_components/micro_ros_espidf_component/micro_ros_src/install/lib/libdiagnostic_msgs__rosidl_typesupport_c.a
-- Installing: /root/maturo_project/leap_low_v1/managed_components/micro_ros_espidf_component/micro_ros_src/install/share/diagnostic_msgs/msg/DiagnosticArray.idl
-- Installing: /root/maturo_project/leap_low_v1/managed_components/micro_ros_espidf_component/micro_ros_src/install/share/diagnostic_msgs/msg/DiagnosticStatus.idl
-- Installing: /root/maturo_project/leap_low_v1/managed_components/micro_ros_espidf_component/micro_ros_src/install/share/diagnostic_msgs/msg/KeyValue.idl
-- Installing: /root/maturo_project/leap_low_v1/managed_components/micro_ros_espidf_component/micro_ros_src/install/share/diagnostic_msgs/srv/AddDiagnostics.idl
-- Installing: /root/maturo_project/leap_low_v1/managed_components/micro_ros_espidf_component/micro_ros_src/install/share/diagnostic_msgs/srv/SelfTest.idl
-- Installing: /root/maturo_project/leap_low_v1/managed_components/micro_ros_espidf_component/micro_ros_src/install/share/diagnostic_msgs/msg/DiagnosticArray.msg
-- Installing: /root/maturo_project/leap_low_v1/managed_components/micro_ros_espidf_component/micro_ros_src/install/share/diagnostic_msgs/msg/DiagnosticStatus.msg
-- Installing: /root/maturo_project/leap_low_v1/managed_components/micro_ros_espidf_component/micro_ros_src/install/share/diagnostic_msgs/msg/KeyValue.msg
-- Installing: /root/maturo_project/leap_low_v1/managed_components/micro_ros_espidf_component/micro_ros_src/install/share/diagnostic_msgs/srv/AddDiagnostics.srv
-- Installing: /root/maturo_project/leap_low_v1/managed_components/micro_ros_espidf_component/micro_ros_src/install/share/diagnostic_msgs/srv/AddDiagnostics_Request.msg
-- Installing: /root/maturo_project/leap_low_v1/managed_components/micro_ros_espidf_component/micro_ros_src/install/share/diagnostic_msgs/srv/AddDiagnostics_Response.msg
-- Installing: /root/maturo_project/leap_low_v1/managed_components/micro_ros_espidf_component/micro_ros_src/install/share/diagnostic_msgs/srv/SelfTest.srv
-- Installing: /root/maturo_project/leap_low_v1/managed_components/micro_ros_espidf_component/micro_ros_src/install/share/diagnostic_msgs/srv/SelfTest_Request.msg
-- Installing: /root/maturo_project/leap_low_v1/managed_components/micro_ros_espidf_component/micro_ros_src/install/share/diagnostic_msgs/srv/SelfTest_Response.msg
-- Installing: /root/maturo_project/leap_low_v1/managed_components/micro_ros_espidf_component/micro_ros_src/install/share/ament_index/resource_index/package_run_dependencies/diagnostic_msgs
-- Installing: /root/maturo_project/leap_low_v1/managed_components/micro_ros_espidf_component/micro_ros_src/install/share/ament_index/resource_index/parent_prefix_path/diagnostic_msgs
-- Installing: /root/maturo_project/leap_low_v1/managed_components/micro_ros_espidf_component/micro_ros_src/install/share/diagnostic_msgs/environment/ament_prefix_path.sh
-- Installing: /root/maturo_project/leap_low_v1/managed_components/micro_ros_espidf_component/micro_ros_src/install/share/diagnostic_msgs/environment/ament_prefix_path.dsv
-- Installing: /root/maturo_project/leap_low_v1/managed_components/micro_ros_espidf_component/micro_ros_src/install/share/diagnostic_msgs/environment/path.sh
-- Installing: /root/maturo_project/leap_low_v1/managed_components/micro_ros_espidf_component/micro_ros_src/install/share/diagnostic_msgs/environment/path.dsv
-- Installing: /root/maturo_project/leap_low_v1/managed_components/micro_ros_espidf_component/micro_ros_src/install/share/diagnostic_msgs/local_setup.bash
-- Installing: /root/maturo_project/leap_low_v1/managed_components/micro_ros_espidf_component/micro_ros_src/install/share/diagnostic_msgs/local_setup.sh
-- Installing: /root/maturo_project/leap_low_v1/managed_components/micro_ros_espidf_component/micro_ros_src/install/share/diagnostic_msgs/local_setup.zsh
-- Installing: /root/maturo_project/leap_low_v1/managed_components/micro_ros_espidf_component/micro_ros_src/install/share/diagnostic_msgs/local_setup.dsv
-- Installing: /root/maturo_project/leap_low_v1/managed_components/micro_ros_espidf_component/micro_ros_src/install/share/diagnostic_msgs/package.dsv
-- Installing: /root/maturo_project/leap_low_v1/managed_components/micro_ros_espidf_component/micro_ros_src/install/share/ament_index/resource_index/packages/diagnostic_msgs
-- Installing: /root/maturo_project/leap_low_v1/managed_components/micro_ros_espidf_component/micro_ros_src/install/share/diagnostic_msgs/cmake/export_diagnostic_msgs__rosidl_generator_cExport.cmake
-- Installing: /root/maturo_project/leap_low_v1/managed_components/micro_ros_espidf_component/micro_ros_src/install/share/diagnostic_msgs/cmake/export_diagnostic_msgs__rosidl_generator_cExport-release.cmake
-- Installing: /root/maturo_project/leap_low_v1/managed_components/micro_ros_espidf_component/micro_ros_src/install/share/diagnostic_msgs/cmake/diagnostic_msgs__rosidl_typesupport_introspection_cExport.cmake
-- Installing: /root/maturo_project/leap_low_v1/managed_components/micro_ros_espidf_component/micro_ros_src/install/share/diagnostic_msgs/cmake/diagnostic_msgs__rosidl_typesupport_introspection_cExport-release.cmake
-- Installing: /root/maturo_project/leap_low_v1/managed_components/micro_ros_espidf_component/micro_ros_src/install/share/diagnostic_msgs/cmake/diagnostic_msgs__rosidl_typesupport_cExport.cmake
-- Installing: /root/maturo_project/leap_low_v1/managed_components/micro_ros_espidf_component/micro_ros_src/install/share/diagnostic_msgs/cmake/diagnostic_msgs__rosidl_typesupport_cExport-release.cmake
-- Installing: /root/maturo_project/leap_low_v1/managed_components/micro_ros_espidf_component/micro_ros_src/install/share/diagnostic_msgs/cmake/rosidl_cmake-extras.cmake
-- Installing: /root/maturo_project/leap_low_v1/managed_components/micro_ros_espidf_component/micro_ros_src/install/share/diagnostic_msgs/cmake/ament_cmake_export_dependencies-extras.cmake
-- Installing: /root/maturo_project/leap_low_v1/managed_components/micro_ros_espidf_component/micro_ros_src/install/share/diagnostic_msgs/cmake/ament_cmake_export_include_directories-extras.cmake
-- Installing: /root/maturo_project/leap_low_v1/managed_components/micro_ros_espidf_component/micro_ros_src/install/share/diagnostic_msgs/cmake/ament_cmake_export_libraries-extras.cmake
-- Installing: /root/maturo_project/leap_low_v1/managed_components/micro_ros_espidf_component/micro_ros_src/install/share/diagnostic_msgs/cmake/ament_cmake_export_targets-extras.cmake
-- Installing: /root/maturo_project/leap_low_v1/managed_components/micro_ros_espidf_component/micro_ros_src/install/share/diagnostic_msgs/cmake/rosidl_cmake_export_typesupport_targets-extras.cmake
-- Installing: /root/maturo_project/leap_low_v1/managed_components/micro_ros_espidf_component/micro_ros_src/install/share/diagnostic_msgs/cmake/rosidl_cmake_export_typesupport_libraries-extras.cmake
-- Installing: /root/maturo_project/leap_low_v1/managed_components/micro_ros_espidf_component/micro_ros_src/install/share/diagnostic_msgs/cmake/rosidl_cmake_aggregate_target-extras.cmake
-- Installing: /root/maturo_project/leap_low_v1/managed_components/micro_ros_espidf_component/micro_ros_src/install/share/diagnostic_msgs/cmake/diagnostic_msgsConfig.cmake
-- Installing: /root/maturo_project/leap_low_v1/managed_components/micro_ros_espidf_component/micro_ros_src/install/share/diagnostic_msgs/cmake/diagnostic_msgsConfig-version.cmake
-- Installing: /root/maturo_project/leap_low_v1/managed_components/micro_ros_espidf_component/micro_ros_src/install/share/diagnostic_msgs/package.xml
