CMake Deprecation Warning at CMakeLists.txt:1 (cmake_minimum_required):
  Compatibility with CMake < 3.10 will be removed from a future version of
  CMake.

  Update the VERSION argument <min> value.  Or, use the <min>...<max> syntax
  to tell CMake that the project requires at least <min> but has been updated
  to work with policies introduced by <max> or earlier.


Not searching for unused variables given on the command line.
-- The C compiler identification is GNU 14.2.0
-- The CXX compiler identification is GNU 14.2.0
-- Detecting C compiler ABI info
-- Detecting C compiler ABI info - done
-- Check for working C compiler: /root/.espressif/tools/xtensa-esp-elf/esp-14.2.0_20251107/xtensa-esp-elf/bin/xtensa-esp32s3-elf-gcc - skipped
-- Detecting C compile features
-- Detecting C compile features - done
-- Detecting CXX compiler ABI info
-- Detecting CXX compiler ABI info - done
-- Check for working CXX compiler: /root/.espressif/tools/xtensa-esp-elf/esp-14.2.0_20251107/xtensa-esp-elf/bin/xtensa-esp32s3-elf-g++ - skipped
-- Detecting CXX compile features
-- Detecting CXX compile features - done
-- Found ament_cmake: 1.3.14 (/root/maturo_project/leap_low_v1/managed_components/micro_ros_espidf_component/micro_ros_dev/install/ament_cmake/share/ament_cmake/cmake)
-- Found Python3: /root/.espressif/python_env/idf5.5_py3.13_env/bin/python3 (found version "3.13.5") found components: Interpreter
-- Found builtin_interfaces: 1.2.3 (/root/maturo_project/leap_low_v1/managed_components/micro_ros_espidf_component/micro_ros_src/install/share/builtin_interfaces/cmake)
-- Using all available rosidl_typesupport_c: rosidl_typesupport_introspection_c;rosidl_typesupport_microxrcedds_c
-- Found rosidl_adapter: 3.1.9 (/root/maturo_project/leap_low_v1/managed_components/micro_ros_espidf_component/micro_ros_src/install/share/rosidl_adapter/cmake)
-- Found rosidl_default_generators: 1.2.1 (/root/maturo_project/leap_low_v1/managed_components/micro_ros_espidf_component/micro_ros_src/install/share/rosidl_default_generators/cmake)
-- Found ament_cmake_ros: 0.10.0 (/root/maturo_project/leap_low_v1/managed_components/micro_ros_espidf_component/micro_ros_dev/install/ament_cmake_ros/share/ament_cmake_ros/cmake)
-- Using all available rosidl_typesupport_c: rosidl_typesupport_introspection_c;rosidl_typesupport_microxrcedds_c
-- Configuring done (12.1s)
-- Generating done (0.1s)
-- Build files have been written to: /root/maturo_project/leap_low_v1/managed_components/micro_ros_espidf_component/micro_ros_src/build/std_msgs
gmake[1]: Entering directory '/root/maturo_project/leap_low_v1/managed_components/micro_ros_espidf_component/micro_ros_src/build/std_msgs'
[  0%] Generating C code for ROS interfaces
[  1%] Building C object CMakeFiles/std_msgs__rosidl_generator_c.dir/rosidl_generator_c/std_msgs/msg/detail/bool__functions.c.obj
[  2%] Building C object CMakeFiles/std_msgs__rosidl_generator_c.dir/rosidl_generator_c/std_msgs/msg/detail/byte__functions.c.obj
[  4%] Building C object CMakeFiles/std_msgs__rosidl_generator_c.dir/rosidl_generator_c/std_msgs/msg/detail/empty__functions.c.obj
[  5%] Building C object CMakeFiles/std_msgs__rosidl_generator_c.dir/rosidl_generator_c/std_msgs/msg/detail/float32_multi_array__functions.c.obj
[  3%] Building C object CMakeFiles/std_msgs__rosidl_generator_c.dir/rosidl_generator_c/std_msgs/msg/detail/float32__functions.c.obj
[  6%] Building C object CMakeFiles/std_msgs__rosidl_generator_c.dir/rosidl_generator_c/std_msgs/msg/detail/byte_multi_array__functions.c.obj
[  6%] Building C object CMakeFiles/std_msgs__rosidl_generator_c.dir/rosidl_generator_c/std_msgs/msg/detail/int16_multi_array__functions.c.obj
[  6%] Building C object CMakeFiles/std_msgs__rosidl_generator_c.dir/rosidl_generator_c/std_msgs/msg/detail/char__functions.c.obj
[  7%] Building C object CMakeFiles/std_msgs__rosidl_generator_c.dir/rosidl_generator_c/std_msgs/msg/detail/int16__functions.c.obj
[  8%] Building C object CMakeFiles/std_msgs__rosidl_generator_c.dir/rosidl_generator_c/std_msgs/msg/detail/header__functions.c.obj
[  8%] Building C object CMakeFiles/std_msgs__rosidl_generator_c.dir/rosidl_generator_c/std_msgs/msg/detail/float64__functions.c.obj
[  9%] Building C object CMakeFiles/std_msgs__rosidl_generator_c.dir/rosidl_generator_c/std_msgs/msg/detail/color_rgba__functions.c.obj
[ 10%] Building C object CMakeFiles/std_msgs__rosidl_generator_c.dir/rosidl_generator_c/std_msgs/msg/detail/float64_multi_array__functions.c.obj
[ 10%] Building C object CMakeFiles/std_msgs__rosidl_generator_c.dir/rosidl_generator_c/std_msgs/msg/detail/int8__functions.c.obj
[ 11%] Building C object CMakeFiles/std_msgs__rosidl_generator_c.dir/rosidl_generator_c/std_msgs/msg/detail/int32__functions.c.obj
[ 12%] Building C object CMakeFiles/std_msgs__rosidl_generator_c.dir/rosidl_generator_c/std_msgs/msg/detail/int64__functions.c.obj
[ 13%] Building C object CMakeFiles/std_msgs__rosidl_generator_c.dir/rosidl_generator_c/std_msgs/msg/detail/string__functions.c.obj
[ 14%] Building C object CMakeFiles/std_msgs__rosidl_generator_c.dir/rosidl_generator_c/std_msgs/msg/detail/int32_multi_array__functions.c.obj
[ 15%] Building C object CMakeFiles/std_msgs__rosidl_generator_c.dir/rosidl_generator_c/std_msgs/msg/detail/u_int16__functions.c.obj
[ 13%] Building C object CMakeFiles/std_msgs__rosidl_generator_c.dir/rosidl_generator_c/std_msgs/msg/detail/int8_multi_array__functions.c.obj
[ 16%] Building C object CMakeFiles/std_msgs__rosidl_generator_c.dir/rosidl_generator_c/std_msgs/msg/detail/int64_multi_array__functions.c.obj
[ 17%] Building C object CMakeFiles/std_msgs__rosidl_generator_c.dir/rosidl_generator_c/std_msgs/msg/detail/multi_array_layout__functions.c.obj
[ 19%] Building C object CMakeFiles/std_msgs__rosidl_generator_c.dir/rosidl_generator_c/std_msgs/msg/detail/u_int32__functions.c.obj
[ 18%] Building C object CMakeFiles/std_msgs__rosidl_generator_c.dir/rosidl_generator_c/std_msgs/msg/detail/multi_array_dimension__functions.c.obj
[ 20%] Building C object CMakeFiles/std_msgs__rosidl_generator_c.dir/rosidl_generator_c/std_msgs/msg/detail/u_int16_multi_array__functions.c.obj
[ 21%] Building C object CMakeFiles/std_msgs__rosidl_generator_c.dir/rosidl_generator_c/std_msgs/msg/detail/u_int32_multi_array__functions.c.obj
[ 21%] Building C object CMakeFiles/std_msgs__rosidl_generator_c.dir/rosidl_generator_c/std_msgs/msg/detail/u_int64__functions.c.obj
[ 22%] Building C object CMakeFiles/std_msgs__rosidl_generator_c.dir/rosidl_generator_c/std_msgs/msg/detail/u_int64_multi_array__functions.c.obj
[ 23%] Building C object CMakeFiles/std_msgs__rosidl_generator_c.dir/rosidl_generator_c/std_msgs/msg/detail/u_int8_multi_array__functions.c.obj
[ 24%] Building C object CMakeFiles/std_msgs__rosidl_generator_c.dir/rosidl_generator_c/std_msgs/msg/detail/u_int8__functions.c.obj
[ 25%] Linking C static library libstd_msgs__rosidl_generator_c.a
[ 25%] Built target std_msgs__rosidl_generator_c
[ 25%] Generating C type support dispatch for ROS interfaces
[ 25%] Generating C type support for eProsima Micro XRCE-DDS
[ 25%] Generating C introspection for ROS interfaces
[ 26%] Building C object CMakeFiles/std_msgs__rosidl_typesupport_introspection_c.dir/rosidl_typesupport_introspection_c/std_msgs/msg/detail/byte__type_support.c.obj
[ 27%] Building C object CMakeFiles/std_msgs__rosidl_typesupport_introspection_c.dir/rosidl_typesupport_introspection_c/std_msgs/msg/detail/bool__type_support.c.obj
[ 27%] Building C object CMakeFiles/std_msgs__rosidl_typesupport_introspection_c.dir/rosidl_typesupport_introspection_c/std_msgs/msg/detail/char__type_support.c.obj
[ 28%] Building C object CMakeFiles/std_msgs__rosidl_typesupport_introspection_c.dir/rosidl_typesupport_introspection_c/std_msgs/msg/detail/byte_multi_array__type_support.c.obj
[ 29%] Building C object CMakeFiles/std_msgs__rosidl_typesupport_introspection_c.dir/rosidl_typesupport_introspection_c/std_msgs/msg/detail/header__type_support.c.obj
[ 30%] Building C object CMakeFiles/std_msgs__rosidl_typesupport_introspection_c.dir/rosidl_typesupport_introspection_c/std_msgs/msg/detail/color_rgba__type_support.c.obj
[ 31%] Building C object CMakeFiles/std_msgs__rosidl_typesupport_introspection_c.dir/rosidl_typesupport_introspection_c/std_msgs/msg/detail/empty__type_support.c.obj
[ 32%] Building C object CMakeFiles/std_msgs__rosidl_typesupport_introspection_c.dir/rosidl_typesupport_introspection_c/std_msgs/msg/detail/float64_multi_array__type_support.c.obj
[ 33%] Building C object CMakeFiles/std_msgs__rosidl_typesupport_introspection_c.dir/rosidl_typesupport_introspection_c/std_msgs/msg/detail/int16_multi_array__type_support.c.obj
[ 33%] Building C object CMakeFiles/std_msgs__rosidl_typesupport_introspection_c.dir/rosidl_typesupport_introspection_c/std_msgs/msg/detail/float32__type_support.c.obj
[ 33%] Building C object CMakeFiles/std_msgs__rosidl_typesupport_introspection_c.dir/rosidl_typesupport_introspection_c/std_msgs/msg/detail/int8__type_support.c.obj
[ 34%] Building C object CMakeFiles/std_msgs__rosidl_typesupport_introspection_c.dir/rosidl_typesupport_introspection_c/std_msgs/msg/detail/int16__type_support.c.obj
[ 35%] Building C object CMakeFiles/std_msgs__rosidl_typesupport_introspection_c.dir/rosidl_typesupport_introspection_c/std_msgs/msg/detail/int8_multi_array__type_support.c.obj
[ 37%] Building C object CMakeFiles/std_msgs__rosidl_typesupport_introspection_c.dir/rosidl_typesupport_introspection_c/std_msgs/msg/detail/int32_multi_array__type_support.c.obj
[ 37%] Building C object CMakeFiles/std_msgs__rosidl_typesupport_introspection_c.dir/rosidl_typesupport_introspection_c/std_msgs/msg/detail/int64__type_support.c.obj
[ 38%] Building C object CMakeFiles/std_msgs__rosidl_typesupport_introspection_c.dir/rosidl_typesupport_introspection_c/std_msgs/msg/detail/int64_multi_array__type_support.c.obj
[ 39%] Building C object CMakeFiles/std_msgs__rosidl_typesupport_introspection_c.dir/rosidl_typesupport_introspection_c/std_msgs/msg/detail/float32_multi_array__type_support.c.obj
[ 40%] Building C object CMakeFiles/std_msgs__rosidl_typesupport_introspection_c.dir/rosidl_typesupport_introspection_c/std_msgs/msg/detail/multi_array_dimension__type_support.c.obj
[ 40%] Building C object CMakeFiles/std_msgs__rosidl_typesupport_introspection_c.dir/rosidl_typesupport_introspection_c/std_msgs/msg/detail/float64__type_support.c.obj
[ 41%] Building C object CMakeFiles/std_msgs__rosidl_typesupport_introspection_c.dir/rosidl_typesupport_introspection_c/std_msgs/msg/detail/int32__type_support.c.obj
[ 42%] Building C object CMakeFiles/std_msgs__rosidl_typesupport_introspection_c.dir/rosidl_typesupport_introspection_c/std_msgs/msg/detail/multi_array_layout__type_support.c.obj
[ 42%] Building C object CMakeFiles/std_msgs__rosidl_typesupport_introspection_c.dir/rosidl_typesupport_introspection_c/std_msgs/msg/detail/string__type_support.c.obj
[ 43%] Building C object CMakeFiles/std_msgs__rosidl_typesupport_introspection_c.dir/rosidl_typesupport_introspection_c/std_msgs/msg/detail/u_int64_multi_array__type_support.c.obj
[ 44%] Building C object CMakeFiles/std_msgs__rosidl_typesupport_introspection_c.dir/rosidl_typesupport_introspection_c/std_msgs/msg/detail/u_int16__type_support.c.obj
[ 44%] Building C object CMakeFiles/std_msgs__rosidl_typesupport_introspection_c.dir/rosidl_typesupport_introspection_c/std_msgs/msg/detail/u_int64__type_support.c.obj
[ 45%] Building C object CMakeFiles/std_msgs__rosidl_typesupport_introspection_c.dir/rosidl_typesupport_introspection_c/std_msgs/msg/detail/u_int8_multi_array__type_support.c.obj
[ 46%] Building C object CMakeFiles/std_msgs__rosidl_typesupport_introspection_c.dir/rosidl_typesupport_introspection_c/std_msgs/msg/detail/u_int32_multi_array__type_support.c.obj
[ 47%] Building C object CMakeFiles/std_msgs__rosidl_typesupport_introspection_c.dir/rosidl_typesupport_introspection_c/std_msgs/msg/detail/u_int16_multi_array__type_support.c.obj
[ 48%] Building C object CMakeFiles/std_msgs__rosidl_typesupport_introspection_c.dir/rosidl_typesupport_introspection_c/std_msgs/msg/detail/u_int32__type_support.c.obj
[ 49%] Building C object CMakeFiles/std_msgs__rosidl_typesupport_introspection_c.dir/rosidl_typesupport_introspection_c/std_msgs/msg/detail/u_int8__type_support.c.obj
[ 50%] Linking C static library libstd_msgs__rosidl_typesupport_introspection_c.a
[ 50%] Built target std_msgs__rosidl_typesupport_introspection_c
[ 51%] Building CXX object CMakeFiles/std_msgs__rosidl_typesupport_c.dir/rosidl_typesupport_c/std_msgs/msg/byte__type_support.cpp.obj
[ 53%] Building CXX object CMakeFiles/std_msgs__rosidl_typesupport_c.dir/rosidl_typesupport_c/std_msgs/msg/int32__type_support.cpp.obj
[ 53%] Building CXX object CMakeFiles/std_msgs__rosidl_typesupport_c.dir/rosidl_typesupport_c/std_msgs/msg/bool__type_support.cpp.obj
[ 53%] Building CXX object CMakeFiles/std_msgs__rosidl_typesupport_c.dir/rosidl_typesupport_c/std_msgs/msg/char__type_support.cpp.obj
[ 54%] Building CXX object CMakeFiles/std_msgs__rosidl_typesupport_c.dir/rosidl_typesupport_c/std_msgs/msg/color_rgba__type_support.cpp.obj
[ 55%] Building CXX object CMakeFiles/std_msgs__rosidl_typesupport_c.dir/rosidl_typesupport_c/std_msgs/msg/empty__type_support.cpp.obj
[ 56%] Building CXX object CMakeFiles/std_msgs__rosidl_typesupport_c.dir/rosidl_typesupport_c/std_msgs/msg/header__type_support.cpp.obj
[ 56%] Building CXX object CMakeFiles/std_msgs__rosidl_typesupport_c.dir/rosidl_typesupport_c/std_msgs/msg/int16_multi_array__type_support.cpp.obj
[ 57%] Building CXX object CMakeFiles/std_msgs__rosidl_typesupport_c.dir/rosidl_typesupport_c/std_msgs/msg/float32_multi_array__type_support.cpp.obj
[ 58%] Building CXX object CMakeFiles/std_msgs__rosidl_typesupport_c.dir/rosidl_typesupport_c/std_msgs/msg/byte_multi_array__type_support.cpp.obj
[ 60%] Building CXX object CMakeFiles/std_msgs__rosidl_typesupport_c.dir/rosidl_typesupport_c/std_msgs/msg/float32__type_support.cpp.obj
[ 60%] Building CXX object CMakeFiles/std_msgs__rosidl_typesupport_c.dir/rosidl_typesupport_c/std_msgs/msg/float64_multi_array__type_support.cpp.obj
[ 61%] Building CXX object CMakeFiles/std_msgs__rosidl_typesupport_c.dir/rosidl_typesupport_c/std_msgs/msg/int32_multi_array__type_support.cpp.obj
[ 62%] Building CXX object CMakeFiles/std_msgs__rosidl_typesupport_c.dir/rosidl_typesupport_c/std_msgs/msg/multi_array_dimension__type_support.cpp.obj
[ 63%] Building CXX object CMakeFiles/std_msgs__rosidl_typesupport_c.dir/rosidl_typesupport_c/std_msgs/msg/int64__type_support.cpp.obj
[ 64%] Building CXX object CMakeFiles/std_msgs__rosidl_typesupport_c.dir/rosidl_typesupport_c/std_msgs/msg/int64_multi_array__type_support.cpp.obj
[ 64%] Building CXX object CMakeFiles/std_msgs__rosidl_typesupport_c.dir/rosidl_typesupport_c/std_msgs/msg/string__type_support.cpp.obj
[ 65%] Building CXX object CMakeFiles/std_msgs__rosidl_typesupport_c.dir/rosidl_typesupport_c/std_msgs/msg/int8_multi_array__type_support.cpp.obj
[ 66%] Building CXX object CMakeFiles/std_msgs__rosidl_typesupport_c.dir/rosidl_typesupport_c/std_msgs/msg/u_int16_multi_array__type_support.cpp.obj
[ 67%] Building CXX object CMakeFiles/std_msgs__rosidl_typesupport_c.dir/rosidl_typesupport_c/std_msgs/msg/u_int32_multi_array__type_support.cpp.obj
[ 68%] Building CXX object CMakeFiles/std_msgs__rosidl_typesupport_c.dir/rosidl_typesupport_c/std_msgs/msg/int16__type_support.cpp.obj
[ 68%] Building CXX object CMakeFiles/std_msgs__rosidl_typesupport_c.dir/rosidl_typesupport_c/std_msgs/msg/int8__type_support.cpp.obj
[ 68%] Building CXX object CMakeFiles/std_msgs__rosidl_typesupport_c.dir/rosidl_typesupport_c/std_msgs/msg/float64__type_support.cpp.obj
[ 70%] Building CXX object CMakeFiles/std_msgs__rosidl_typesupport_c.dir/rosidl_typesupport_c/std_msgs/msg/u_int16__type_support.cpp.obj
[ 70%] Building CXX object CMakeFiles/std_msgs__rosidl_typesupport_c.dir/rosidl_typesupport_c/std_msgs/msg/u_int64_multi_array__type_support.cpp.obj
[ 71%] Building CXX object CMakeFiles/std_msgs__rosidl_typesupport_c.dir/rosidl_typesupport_c/std_msgs/msg/multi_array_layout__type_support.cpp.obj
[ 72%] Building CXX object CMakeFiles/std_msgs__rosidl_typesupport_c.dir/rosidl_typesupport_c/std_msgs/msg/u_int32__type_support.cpp.obj
[ 72%] Building CXX object CMakeFiles/std_msgs__rosidl_typesupport_c.dir/rosidl_typesupport_c/std_msgs/msg/u_int64__type_support.cpp.obj
[ 73%] Building CXX object CMakeFiles/std_msgs__rosidl_typesupport_c.dir/rosidl_typesupport_c/std_msgs/msg/u_int8__type_support.cpp.obj
[ 74%] Building CXX object CMakeFiles/std_msgs__rosidl_typesupport_c.dir/rosidl_typesupport_c/std_msgs/msg/u_int8_multi_array__type_support.cpp.obj
[ 75%] Linking CXX static library libstd_msgs__rosidl_typesupport_c.a
[ 75%] Built target std_msgs__rosidl_typesupport_c
[ 76%] Building C object CMakeFiles/std_msgs__rosidl_typesupport_microxrcedds_c.dir/rosidl_typesupport_microxrcedds_c/std_msgs/msg/detail/microxrcedds/bool__type_support_c.c.obj
[ 76%] Building C object CMakeFiles/std_msgs__rosidl_typesupport_microxrcedds_c.dir/rosidl_typesupport_microxrcedds_c/std_msgs/msg/detail/microxrcedds/float64__type_support_c.c.obj
[ 78%] Building C object CMakeFiles/std_msgs__rosidl_typesupport_microxrcedds_c.dir/rosidl_typesupport_microxrcedds_c/std_msgs/msg/detail/microxrcedds/int32__type_support_c.c.obj
[ 78%] Building C object CMakeFiles/std_msgs__rosidl_typesupport_microxrcedds_c.dir/rosidl_typesupport_microxrcedds_c/std_msgs/msg/detail/microxrcedds/color_rgba__type_support_c.c.obj
[ 79%] Building C object CMakeFiles/std_msgs__rosidl_typesupport_microxrcedds_c.dir/rosidl_typesupport_microxrcedds_c/std_msgs/msg/detail/microxrcedds/byte_multi_array__type_support_c.c.obj
[ 80%] Building C object CMakeFiles/std_msgs__rosidl_typesupport_microxrcedds_c.dir/rosidl_typesupport_microxrcedds_c/std_msgs/msg/detail/microxrcedds/byte__type_support_c.c.obj
[ 81%] Building C object CMakeFiles/std_msgs__rosidl_typesupport_microxrcedds_c.dir/rosidl_typesupport_microxrcedds_c/std_msgs/msg/detail/microxrcedds/int16__type_support_c.c.obj
[ 81%] Building C object CMakeFiles/std_msgs__rosidl_typesupport_microxrcedds_c.dir/rosidl_typesupport_microxrcedds_c/std_msgs/msg/detail/microxrcedds/char__type_support_c.c.obj
[ 81%] Building C object CMakeFiles/std_msgs__rosidl_typesupport_microxrcedds_c.dir/rosidl_typesupport_microxrcedds_c/std_msgs/msg/detail/microxrcedds/int16_multi_array__type_support_c.c.obj
[ 82%] Building C object CMakeFiles/std_msgs__rosidl_typesupport_microxrcedds_c.dir/rosidl_typesupport_microxrcedds_c/std_msgs/msg/detail/microxrcedds/header__type_support_c.c.obj
[ 83%] Building C object CMakeFiles/std_msgs__rosidl_typesupport_microxrcedds_c.dir/rosidl_typesupport_microxrcedds_c/std_msgs/msg/detail/microxrcedds/int32_multi_array__type_support_c.c.obj
[ 84%] Building C object CMakeFiles/std_msgs__rosidl_typesupport_microxrcedds_c.dir/rosidl_typesupport_microxrcedds_c/std_msgs/msg/detail/microxrcedds/float32_multi_array__type_support_c.c.obj
[ 85%] Building C object CMakeFiles/std_msgs__rosidl_typesupport_microxrcedds_c.dir/rosidl_typesupport_microxrcedds_c/std_msgs/msg/detail/microxrcedds/empty__type_support_c.c.obj
In file included from /root/maturo_project/leap_low_v1/managed_components/micro_ros_espidf_component/micro_ros_src/build/std_msgs/rosidl_typesupport_microxrcedds_c/std_msgs/msg/detail/microxrcedds/color_rgba__type_support_c.c:8:
/root/esp/esp-idf/components/newlib/platform_include/stdio.h:10:2: warning: #include_next is a GCC extension
   10 | #include_next <stdio.h>
      |  ^~~~~~~~~~~~
[ 86%] Building C object CMakeFiles/std_msgs__rosidl_typesupport_microxrcedds_c.dir/rosidl_typesupport_microxrcedds_c/std_msgs/msg/detail/microxrcedds/float32__type_support_c.c.obj
[ 87%] Building C object CMakeFiles/std_msgs__rosidl_typesupport_microxrcedds_c.dir/rosidl_typesupport_microxrcedds_c/std_msgs/msg/detail/microxrcedds/float64_multi_array__type_support_c.c.obj
In file included from /root/maturo_project/leap_low_v1/managed_components/micro_ros_espidf_component/micro_ros_src/build/std_msgs/rosidl_typesupport_microxrcedds_c/std_msgs/msg/detail/microxrcedds/int16__type_support_c.c:8:
/root/esp/esp-idf/components/newlib/platform_include/stdio.h:10:2: warning: #include_next is a GCC extension
   10 | #include_next <stdio.h>
      |  ^~~~~~~~~~~~
[ 88%] Building C object CMakeFiles/std_msgs__rosidl_typesupport_microxrcedds_c.dir/rosidl_typesupport_microxrcedds_c/std_msgs/msg/detail/microxrcedds/int64__type_support_c.c.obj
In file included from /root/maturo_project/leap_low_v1/managed_components/micro_ros_espidf_component/micro_ros_src/build/std_msgs/rosidl_typesupport_microxrcedds_c/std_msgs/msg/detail/microxrcedds/bool__type_support_c.c:8:
/root/esp/esp-idf/components/newlib/platform_include/stdio.h:10:2: warning: #include_next is a GCC extension
   10 | #include_next <stdio.h>
      |  ^~~~~~~~~~~~
In file included from /root/maturo_project/leap_low_v1/managed_components/micro_ros_espidf_component/micro_ros_src/build/std_msgs/rosidl_typesupport_microxrcedds_c/std_msgs/msg/detail/microxrcedds/header__type_support_c.c:8:
/root/esp/esp-idf/components/newlib/platform_include/stdio.h:10:2: warning: #include_next is a GCC extension
   10 | #include_next <stdio.h>
      |  ^~~~~~~~~~~~
In file included from /root/maturo_project/leap_low_v1/managed_components/micro_ros_espidf_component/micro_ros_src/build/std_msgs/rosidl_typesupport_microxrcedds_c/std_msgs/msg/detail/microxrcedds/float64__type_support_c.c:8:
/root/esp/esp-idf/components/newlib/platform_include/stdio.h:10:2: warning: #include_next is a GCC extension
   10 | #include_next <stdio.h>
      |  ^~~~~~~~~~~~
[ 89%] Building C object CMakeFiles/std_msgs__rosidl_typesupport_microxrcedds_c.dir/rosidl_typesupport_microxrcedds_c/std_msgs/msg/detail/microxrcedds/int64_multi_array__type_support_c.c.obj
In file included from /root/maturo_project/leap_low_v1/managed_components/micro_ros_espidf_component/micro_ros_src/build/std_msgs/rosidl_typesupport_microxrcedds_c/std_msgs/msg/detail/microxrcedds/byte__type_support_c.c:8:
/root/esp/esp-idf/components/newlib/platform_include/stdio.h:10:2: warning: #include_next is a GCC extension
   10 | #include_next <stdio.h>
      |  ^~~~~~~~~~~~
In file included from /root/maturo_project/leap_low_v1/managed_components/micro_ros_espidf_component/micro_ros_src/build/std_msgs/rosidl_typesupport_microxrcedds_c/std_msgs/msg/detail/microxrcedds/int32__type_support_c.c:8:
/root/esp/esp-idf/components/newlib/platform_include/stdio.h:10:2: warning: #include_next is a GCC extension
   10 | #include_next <stdio.h>
      |  ^~~~~~~~~~~~
[ 90%] Building C object CMakeFiles/std_msgs__rosidl_typesupport_microxrcedds_c.dir/rosidl_typesupport_microxrcedds_c/std_msgs/msg/detail/microxrcedds/int8_multi_array__type_support_c.c.obj
[ 90%] Building C object CMakeFiles/std_msgs__rosidl_typesupport_microxrcedds_c.dir/rosidl_typesupport_microxrcedds_c/std_msgs/msg/detail/microxrcedds/int8__type_support_c.c.obj
In file included from /root/maturo_project/leap_low_v1/managed_components/micro_ros_espidf_component/micro_ros_src/build/std_msgs/rosidl_typesupport_microxrcedds_c/std_msgs/msg/detail/microxrcedds/byte_multi_array__type_support_c.c:8:
/root/esp/esp-idf/components/newlib/platform_include/stdio.h:10:2: warning: #include_next is a GCC extension
   10 | #include_next <stdio.h>
      |  ^~~~~~~~~~~~
In file included from /root/maturo_project/leap_low_v1/managed_components/micro_ros_espidf_component/micro_ros_src/build/std_msgs/rosidl_typesupport_microxrcedds_c/std_msgs/msg/detail/microxrcedds/int16_multi_array__type_support_c.c:8:
/root/esp/esp-idf/components/newlib/platform_include/stdio.h:10:2: warning: #include_next is a GCC extension
   10 | #include_next <stdio.h>
      |  ^~~~~~~~~~~~
In file included from /root/maturo_project/leap_low_v1/managed_components/micro_ros_espidf_component/micro_ros_src/build/std_msgs/rosidl_typesupport_microxrcedds_c/std_msgs/msg/detail/microxrcedds/char__type_support_c.c:8:
/root/esp/esp-idf/components/newlib/platform_include/stdio.h:10:2: warning: #include_next is a GCC extension
   10 | #include_next <stdio.h>
      |  ^~~~~~~~~~~~
In file included from /root/maturo_project/leap_low_v1/managed_components/micro_ros_espidf_component/micro_ros_src/build/std_msgs/rosidl_typesupport_microxrcedds_c/std_msgs/msg/detail/microxrcedds/float32__type_support_c.c:8:
/root/esp/esp-idf/components/newlib/platform_include/stdio.h:10:2: warning: #include_next is a GCC extension
   10 | #include_next <stdio.h>
      |  ^~~~~~~~~~~~
In file included from /root/maturo_project/leap_low_v1/managed_components/micro_ros_espidf_component/micro_ros_src/build/std_msgs/rosidl_typesupport_microxrcedds_c/std_msgs/msg/detail/microxrcedds/empty__type_support_c.c:8:
/root/esp/esp-idf/components/newlib/platform_include/stdio.h:10:2: warning: #include_next is a GCC extension
   10 | #include_next <stdio.h>
      |  ^~~~~~~~~~~~
[ 91%] Building C object CMakeFiles/std_msgs__rosidl_typesupport_microxrcedds_c.dir/rosidl_typesupport_microxrcedds_c/std_msgs/msg/detail/microxrcedds/multi_array_dimension__type_support_c.c.obj
In file included from /root/maturo_project/leap_low_v1/managed_components/micro_ros_espidf_component/micro_ros_src/build/std_msgs/rosidl_typesupport_microxrcedds_c/std_msgs/msg/detail/microxrcedds/float64_multi_array__type_support_c.c:8:
/root/esp/esp-idf/components/newlib/platform_include/stdio.h:10:2: warning: #include_next is a GCC extension
   10 | #include_next <stdio.h>
      |  ^~~~~~~~~~~~
In file included from /root/maturo_project/leap_low_v1/managed_components/micro_ros_espidf_component/micro_ros_src/build/std_msgs/rosidl_typesupport_microxrcedds_c/std_msgs/msg/detail/microxrcedds/int32_multi_array__type_support_c.c:8:
/root/esp/esp-idf/components/newlib/platform_include/stdio.h:10:2: warning: #include_next is a GCC extension
   10 | #include_next <stdio.h>
      |  ^~~~~~~~~~~~
In file included from /root/maturo_project/leap_low_v1/managed_components/micro_ros_espidf_component/micro_ros_src/build/std_msgs/rosidl_typesupport_microxrcedds_c/std_msgs/msg/detail/microxrcedds/float32_multi_array__type_support_c.c:8:
/root/esp/esp-idf/components/newlib/platform_include/stdio.h:10:2: warning: #include_next is a GCC extension
   10 | #include_next <stdio.h>
      |  ^~~~~~~~~~~~
In file included from /root/maturo_project/leap_low_v1/managed_components/micro_ros_espidf_component/micro_ros_src/build/std_msgs/rosidl_typesupport_microxrcedds_c/std_msgs/msg/detail/microxrcedds/int64_multi_array__type_support_c.c:8:
/root/esp/esp-idf/components/newlib/platform_include/stdio.h:10:2: warning: #include_next is a GCC extension
   10 | #include_next <stdio.h>
      |  ^~~~~~~~~~~~
[ 92%] Building C object CMakeFiles/std_msgs__rosidl_typesupport_microxrcedds_c.dir/rosidl_typesupport_microxrcedds_c/std_msgs/msg/detail/microxrcedds/u_int16_multi_array__type_support_c.c.obj
In file included from /root/maturo_project/leap_low_v1/managed_components/micro_ros_espidf_component/micro_ros_src/build/std_msgs/rosidl_typesupport_microxrcedds_c/std_msgs/msg/detail/microxrcedds/int64__type_support_c.c:8:
/root/esp/esp-idf/components/newlib/platform_include/stdio.h:10:2: warning: #include_next is a GCC extension
   10 | #include_next <stdio.h>
      |  ^~~~~~~~~~~~
[ 93%] Building C object CMakeFiles/std_msgs__rosidl_typesupport_microxrcedds_c.dir/rosidl_typesupport_microxrcedds_c/std_msgs/msg/detail/microxrcedds/multi_array_layout__type_support_c.c.obj
[ 94%] Building C object CMakeFiles/std_msgs__rosidl_typesupport_microxrcedds_c.dir/rosidl_typesupport_microxrcedds_c/std_msgs/msg/detail/microxrcedds/u_int16__type_support_c.c.obj
[ 95%] Building C object CMakeFiles/std_msgs__rosidl_typesupport_microxrcedds_c.dir/rosidl_typesupport_microxrcedds_c/std_msgs/msg/detail/microxrcedds/u_int32_multi_array__type_support_c.c.obj
In file included from /root/maturo_project/leap_low_v1/managed_components/micro_ros_espidf_component/micro_ros_src/build/std_msgs/rosidl_typesupport_microxrcedds_c/std_msgs/msg/detail/microxrcedds/int8_multi_array__type_support_c.c:8:
/root/esp/esp-idf/components/newlib/platform_include/stdio.h:10:2: warning: #include_next is a GCC extension
   10 | #include_next <stdio.h>
      |  ^~~~~~~~~~~~
[ 96%] Building C object CMakeFiles/std_msgs__rosidl_typesupport_microxrcedds_c.dir/rosidl_typesupport_microxrcedds_c/std_msgs/msg/detail/microxrcedds/u_int32__type_support_c.c.obj
[ 96%] Building C object CMakeFiles/std_msgs__rosidl_typesupport_microxrcedds_c.dir/rosidl_typesupport_microxrcedds_c/std_msgs/msg/detail/microxrcedds/u_int64__type_support_c.c.obj
[ 96%] Building C object CMakeFiles/std_msgs__rosidl_typesupport_microxrcedds_c.dir/rosidl_typesupport_microxrcedds_c/std_msgs/msg/detail/microxrcedds/string__type_support_c.c.obj
In file included from /root/maturo_project/leap_low_v1/managed_components/micro_ros_espidf_component/micro_ros_src/build/std_msgs/rosidl_typesupport_microxrcedds_c/std_msgs/msg/detail/microxrcedds/int8__type_support_c.c:8:
/root/esp/esp-idf/components/newlib/platform_include/stdio.h:10:2: warning: #include_next is a GCC extension
   10 | #include_next <stdio.h>
      |  ^~~~~~~~~~~~
[ 97%] Building C object CMakeFiles/std_msgs__rosidl_typesupport_microxrcedds_c.dir/rosidl_typesupport_microxrcedds_c/std_msgs/msg/detail/microxrcedds/u_int64_multi_array__type_support_c.c.obj
[ 98%] Building C object CMakeFiles/std_msgs__rosidl_typesupport_microxrcedds_c.dir/rosidl_typesupport_microxrcedds_c/std_msgs/msg/detail/microxrcedds/u_int8__type_support_c.c.obj
In file included from /root/maturo_project/leap_low_v1/managed_components/micro_ros_espidf_component/micro_ros_src/build/std_msgs/rosidl_typesupport_microxrcedds_c/std_msgs/msg/detail/microxrcedds/multi_array_dimension__type_support_c.c:8:
/root/esp/esp-idf/components/newlib/platform_include/stdio.h:10:2: warning: #include_next is a GCC extension
   10 | #include_next <stdio.h>
      |  ^~~~~~~~~~~~
[ 99%] Building C object CMakeFiles/std_msgs__rosidl_typesupport_microxrcedds_c.dir/rosidl_typesupport_microxrcedds_c/std_msgs/msg/detail/microxrcedds/u_int8_multi_array__type_support_c.c.obj
In file included from /root/maturo_project/leap_low_v1/managed_components/micro_ros_espidf_component/micro_ros_src/build/std_msgs/rosidl_typesupport_microxrcedds_c/std_msgs/msg/detail/microxrcedds/u_int16__type_support_c.c:8:
/root/esp/esp-idf/components/newlib/platform_include/stdio.h:10:2: warning: #include_next is a GCC extension
   10 | #include_next <stdio.h>
      |  ^~~~~~~~~~~~
In file included from /root/maturo_project/leap_low_v1/managed_components/micro_ros_espidf_component/micro_ros_src/build/std_msgs/rosidl_typesupport_microxrcedds_c/std_msgs/msg/detail/microxrcedds/u_int16_multi_array__type_support_c.c:8:
/root/esp/esp-idf/components/newlib/platform_include/stdio.h:10:2: warning: #include_next is a GCC extension
   10 | #include_next <stdio.h>
      |  ^~~~~~~~~~~~
In file included from /root/maturo_project/leap_low_v1/managed_components/micro_ros_espidf_component/micro_ros_src/build/std_msgs/rosidl_typesupport_microxrcedds_c/std_msgs/msg/detail/microxrcedds/u_int32_multi_array__type_support_c.c:8:
/root/esp/esp-idf/components/newlib/platform_include/stdio.h:10:2: warning: #include_next is a GCC extension
   10 | #include_next <stdio.h>
      |  ^~~~~~~~~~~~
In file included from /root/maturo_project/leap_low_v1/managed_components/micro_ros_espidf_component/micro_ros_src/build/std_msgs/rosidl_typesupport_microxrcedds_c/std_msgs/msg/detail/microxrcedds/multi_array_layout__type_support_c.c:8:
/root/esp/esp-idf/components/newlib/platform_include/stdio.h:10:2: warning: #include_next is a GCC extension
   10 | #include_next <stdio.h>
      |  ^~~~~~~~~~~~
In file included from /root/maturo_project/leap_low_v1/managed_components/micro_ros_espidf_component/micro_ros_src/build/std_msgs/rosidl_typesupport_microxrcedds_c/std_msgs/msg/detail/microxrcedds/u_int8__type_support_c.c:8:
/root/esp/esp-idf/components/newlib/platform_include/stdio.h:10:2: warning: #include_next is a GCC extension
   10 | #include_next <stdio.h>
      |  ^~~~~~~~~~~~
In file included from /root/maturo_project/leap_low_v1/managed_components/micro_ros_espidf_component/micro_ros_src/build/std_msgs/rosidl_typesupport_microxrcedds_c/std_msgs/msg/detail/microxrcedds/u_int64_multi_array__type_support_c.c:8:
/root/esp/esp-idf/components/newlib/platform_include/stdio.h:10:2: warning: #include_next is a GCC extension
   10 | #include_next <stdio.h>
      |  ^~~~~~~~~~~~
In file included from /root/maturo_project/leap_low_v1/managed_components/micro_ros_espidf_component/micro_ros_src/build/std_msgs/rosidl_typesupport_microxrcedds_c/std_msgs/msg/detail/microxrcedds/string__type_support_c.c:8:
/root/esp/esp-idf/components/newlib/platform_include/stdio.h:10:2: warning: #include_next is a GCC extension
   10 | #include_next <stdio.h>
      |  ^~~~~~~~~~~~
In file included from /root/maturo_project/leap_low_v1/managed_components/micro_ros_espidf_component/micro_ros_src/build/std_msgs/rosidl_typesupport_microxrcedds_c/std_msgs/msg/detail/microxrcedds/u_int32__type_support_c.c:8:
/root/esp/esp-idf/components/newlib/platform_include/stdio.h:10:2: warning: #include_next is a GCC extension
   10 | #include_next <stdio.h>
      |  ^~~~~~~~~~~~
In file included from /root/maturo_project/leap_low_v1/managed_components/micro_ros_espidf_component/micro_ros_src/build/std_msgs/rosidl_typesupport_microxrcedds_c/std_msgs/msg/detail/microxrcedds/u_int64__type_support_c.c:8:
/root/esp/esp-idf/components/newlib/platform_include/stdio.h:10:2: warning: #include_next is a GCC extension
   10 | #include_next <stdio.h>
      |  ^~~~~~~~~~~~
In file included from /root/maturo_project/leap_low_v1/managed_components/micro_ros_espidf_component/micro_ros_src/build/std_msgs/rosidl_typesupport_microxrcedds_c/std_msgs/msg/detail/microxrcedds/u_int8_multi_array__type_support_c.c:8:
/root/esp/esp-idf/components/newlib/platform_include/stdio.h:10:2: warning: #include_next is a GCC extension
   10 | #include_next <stdio.h>
      |  ^~~~~~~~~~~~
[100%] Linking CXX static library libstd_msgs__rosidl_typesupport_microxrcedds_c.a
[100%] Built target std_msgs__rosidl_typesupport_microxrcedds_c
[100%] Built target std_msgs
gmake[1]: Leaving directory '/root/maturo_project/leap_low_v1/managed_components/micro_ros_espidf_component/micro_ros_src/build/std_msgs'
-- Install configuration: "Release"
-- Installing: /root/maturo_project/leap_low_v1/managed_components/micro_ros_espidf_component/micro_ros_src/install/share/ament_index/resource_index/rosidl_interfaces/std_msgs
-- Installing: /root/maturo_project/leap_low_v1/managed_components/micro_ros_espidf_component/micro_ros_src/install/include/std_msgs/std_msgs
-- Installing: /root/maturo_project/leap_low_v1/managed_components/micro_ros_espidf_component/micro_ros_src/install/include/std_msgs/std_msgs/msg
-- Installing: /root/maturo_project/leap_low_v1/managed_components/micro_ros_espidf_component/micro_ros_src/install/include/std_msgs/std_msgs/msg/color_rgba.h
-- Installing: /root/maturo_project/leap_low_v1/managed_components/micro_ros_espidf_component/micro_ros_src/install/include/std_msgs/std_msgs/msg/float64_multi_array.h
-- Installing: /root/maturo_project/leap_low_v1/managed_components/micro_ros_espidf_component/micro_ros_src/install/include/std_msgs/std_msgs/msg/u_int8.h
-- Installing: /root/maturo_project/leap_low_v1/managed_components/micro_ros_espidf_component/micro_ros_src/install/include/std_msgs/std_msgs/msg/int32.h
-- Installing: /root/maturo_project/leap_low_v1/managed_components/micro_ros_espidf_component/micro_ros_src/install/include/std_msgs/std_msgs/msg/byte_multi_array.h
-- Installing: /root/maturo_project/leap_low_v1/managed_components/micro_ros_espidf_component/micro_ros_src/install/include/std_msgs/std_msgs/msg/float32.h
-- Installing: /root/maturo_project/leap_low_v1/managed_components/micro_ros_espidf_component/micro_ros_src/install/include/std_msgs/std_msgs/msg/multi_array_layout.h
-- Installing: /root/maturo_project/leap_low_v1/managed_components/micro_ros_espidf_component/micro_ros_src/install/include/std_msgs/std_msgs/msg/u_int8_multi_array.h
-- Installing: /root/maturo_project/leap_low_v1/managed_components/micro_ros_espidf_component/micro_ros_src/install/include/std_msgs/std_msgs/msg/string.h
-- Installing: /root/maturo_project/leap_low_v1/managed_components/micro_ros_espidf_component/micro_ros_src/install/include/std_msgs/std_msgs/msg/header.h
-- Installing: /root/maturo_project/leap_low_v1/managed_components/micro_ros_espidf_component/micro_ros_src/install/include/std_msgs/std_msgs/msg/int64_multi_array.h
-- Installing: /root/maturo_project/leap_low_v1/managed_components/micro_ros_espidf_component/micro_ros_src/install/include/std_msgs/std_msgs/msg/rosidl_generator_c__visibility_control.h
-- Installing: /root/maturo_project/leap_low_v1/managed_components/micro_ros_espidf_component/micro_ros_src/install/include/std_msgs/std_msgs/msg/u_int64_multi_array.h
-- Installing: /root/maturo_project/leap_low_v1/managed_components/micro_ros_espidf_component/micro_ros_src/install/include/std_msgs/std_msgs/msg/int16.h
-- Installing: /root/maturo_project/leap_low_v1/managed_components/micro_ros_espidf_component/micro_ros_src/install/include/std_msgs/std_msgs/msg/int16_multi_array.h
-- Installing: /root/maturo_project/leap_low_v1/managed_components/micro_ros_espidf_component/micro_ros_src/install/include/std_msgs/std_msgs/msg/empty.h
-- Installing: /root/maturo_project/leap_low_v1/managed_components/micro_ros_espidf_component/micro_ros_src/install/include/std_msgs/std_msgs/msg/float64.h
-- Installing: /root/maturo_project/leap_low_v1/managed_components/micro_ros_espidf_component/micro_ros_src/install/include/std_msgs/std_msgs/msg/u_int32.h
-- Installing: /root/maturo_project/leap_low_v1/managed_components/micro_ros_espidf_component/micro_ros_src/install/include/std_msgs/std_msgs/msg/detail
-- Installing: /root/maturo_project/leap_low_v1/managed_components/micro_ros_espidf_component/micro_ros_src/install/include/std_msgs/std_msgs/msg/detail/bool__functions.c
-- Installing: /root/maturo_project/leap_low_v1/managed_components/micro_ros_espidf_component/micro_ros_src/install/include/std_msgs/std_msgs/msg/detail/int8_multi_array__functions.h
-- Installing: /root/maturo_project/leap_low_v1/managed_components/micro_ros_espidf_component/micro_ros_src/install/include/std_msgs/std_msgs/msg/detail/int8_multi_array__struct.h
-- Installing: /root/maturo_project/leap_low_v1/managed_components/micro_ros_espidf_component/micro_ros_src/install/include/std_msgs/std_msgs/msg/detail/int64__struct.h
-- Installing: /root/maturo_project/leap_low_v1/managed_components/micro_ros_espidf_component/micro_ros_src/install/include/std_msgs/std_msgs/msg/detail/int8__type_support.h
-- Installing: /root/maturo_project/leap_low_v1/managed_components/micro_ros_espidf_component/micro_ros_src/install/include/std_msgs/std_msgs/msg/detail/float32_multi_array__type_support.h
-- Installing: /root/maturo_project/leap_low_v1/managed_components/micro_ros_espidf_component/micro_ros_src/install/include/std_msgs/std_msgs/msg/detail/float64__functions.c
-- Installing: /root/maturo_project/leap_low_v1/managed_components/micro_ros_espidf_component/micro_ros_src/install/include/std_msgs/std_msgs/msg/detail/u_int8__type_support.h
-- Installing: /root/maturo_project/leap_low_v1/managed_components/micro_ros_espidf_component/micro_ros_src/install/include/std_msgs/std_msgs/msg/detail/int8__struct.h
-- Installing: /root/maturo_project/leap_low_v1/managed_components/micro_ros_espidf_component/micro_ros_src/install/include/std_msgs/std_msgs/msg/detail/u_int64_multi_array__functions.c
-- Installing: /root/maturo_project/leap_low_v1/managed_components/micro_ros_espidf_component/micro_ros_src/install/include/std_msgs/std_msgs/msg/detail/float32__functions.h
-- Installing: /root/maturo_project/leap_low_v1/managed_components/micro_ros_espidf_component/micro_ros_src/install/include/std_msgs/std_msgs/msg/detail/bool__struct.h
-- Installing: /root/maturo_project/leap_low_v1/managed_components/micro_ros_espidf_component/micro_ros_src/install/include/std_msgs/std_msgs/msg/detail/multi_array_layout__struct.h
-- Installing: /root/maturo_project/leap_low_v1/managed_components/micro_ros_espidf_component/micro_ros_src/install/include/std_msgs/std_msgs/msg/detail/u_int32_multi_array__functions.h
-- Installing: /root/maturo_project/leap_low_v1/managed_components/micro_ros_espidf_component/micro_ros_src/install/include/std_msgs/std_msgs/msg/detail/float64__type_support.h
-- Installing: /root/maturo_project/leap_low_v1/managed_components/micro_ros_espidf_component/micro_ros_src/install/include/std_msgs/std_msgs/msg/detail/int32__struct.h
-- Installing: /root/maturo_project/leap_low_v1/managed_components/micro_ros_espidf_component/micro_ros_src/install/include/std_msgs/std_msgs/msg/detail/float64__functions.h
-- Installing: /root/maturo_project/leap_low_v1/managed_components/micro_ros_espidf_component/micro_ros_src/install/include/std_msgs/std_msgs/msg/detail/int8__functions.c
-- Installing: /root/maturo_project/leap_low_v1/managed_components/micro_ros_espidf_component/micro_ros_src/install/include/std_msgs/std_msgs/msg/detail/int32_multi_array__functions.c
-- Installing: /root/maturo_project/leap_low_v1/managed_components/micro_ros_espidf_component/micro_ros_src/install/include/std_msgs/std_msgs/msg/detail/char__functions.c
-- Installing: /root/maturo_project/leap_low_v1/managed_components/micro_ros_espidf_component/micro_ros_src/install/include/std_msgs/std_msgs/msg/detail/byte_multi_array__struct.h
-- Installing: /root/maturo_project/leap_low_v1/managed_components/micro_ros_espidf_component/micro_ros_src/install/include/std_msgs/std_msgs/msg/detail/u_int16__functions.c
-- Installing: /root/maturo_project/leap_low_v1/managed_components/micro_ros_espidf_component/micro_ros_src/install/include/std_msgs/std_msgs/msg/detail/header__functions.c
-- Installing: /root/maturo_project/leap_low_v1/managed_components/micro_ros_espidf_component/micro_ros_src/install/include/std_msgs/std_msgs/msg/detail/multi_array_dimension__type_support.h
-- Installing: /root/maturo_project/leap_low_v1/managed_components/micro_ros_espidf_component/micro_ros_src/install/include/std_msgs/std_msgs/msg/detail/int8__functions.h
-- Installing: /root/maturo_project/leap_low_v1/managed_components/micro_ros_espidf_component/micro_ros_src/install/include/std_msgs/std_msgs/msg/detail/float32__functions.c
-- Installing: /root/maturo_project/leap_low_v1/managed_components/micro_ros_espidf_component/micro_ros_src/install/include/std_msgs/std_msgs/msg/detail/u_int32__type_support.h
-- Installing: /root/maturo_project/leap_low_v1/managed_components/micro_ros_espidf_component/micro_ros_src/install/include/std_msgs/std_msgs/msg/detail/char__functions.h
-- Installing: /root/maturo_project/leap_low_v1/managed_components/micro_ros_espidf_component/micro_ros_src/install/include/std_msgs/std_msgs/msg/detail/float64_multi_array__type_support.h
-- Installing: /root/maturo_project/leap_low_v1/managed_components/micro_ros_espidf_component/micro_ros_src/install/include/std_msgs/std_msgs/msg/detail/color_rgba__functions.h
-- Installing: /root/maturo_project/leap_low_v1/managed_components/micro_ros_espidf_component/micro_ros_src/install/include/std_msgs/std_msgs/msg/detail/multi_array_dimension__struct.h
-- Installing: /root/maturo_project/leap_low_v1/managed_components/micro_ros_espidf_component/micro_ros_src/install/include/std_msgs/std_msgs/msg/detail/float32_multi_array__functions.h
-- Installing: /root/maturo_project/leap_low_v1/managed_components/micro_ros_espidf_component/micro_ros_src/install/include/std_msgs/std_msgs/msg/detail/int64_multi_array__functions.h
-- Installing: /root/maturo_project/leap_low_v1/managed_components/micro_ros_espidf_component/micro_ros_src/install/include/std_msgs/std_msgs/msg/detail/float64_multi_array__struct.h
-- Installing: /root/maturo_project/leap_low_v1/managed_components/micro_ros_espidf_component/micro_ros_src/install/include/std_msgs/std_msgs/msg/detail/u_int32__functions.c
-- Installing: /root/maturo_project/leap_low_v1/managed_components/micro_ros_espidf_component/micro_ros_src/install/include/std_msgs/std_msgs/msg/detail/int8_multi_array__type_support.h
-- Installing: /root/maturo_project/leap_low_v1/managed_components/micro_ros_espidf_component/micro_ros_src/install/include/std_msgs/std_msgs/msg/detail/float64_multi_array__functions.c
-- Installing: /root/maturo_project/leap_low_v1/managed_components/micro_ros_espidf_component/micro_ros_src/install/include/std_msgs/std_msgs/msg/detail/string__functions.h
-- Installing: /root/maturo_project/leap_low_v1/managed_components/micro_ros_espidf_component/micro_ros_src/install/include/std_msgs/std_msgs/msg/detail/int64__type_support.h
-- Installing: /root/maturo_project/leap_low_v1/managed_components/micro_ros_espidf_component/micro_ros_src/install/include/std_msgs/std_msgs/msg/detail/int16__struct.h
-- Installing: /root/maturo_project/leap_low_v1/managed_components/micro_ros_espidf_component/micro_ros_src/install/include/std_msgs/std_msgs/msg/detail/u_int16__functions.h
-- Installing: /root/maturo_project/leap_low_v1/managed_components/micro_ros_espidf_component/micro_ros_src/install/include/std_msgs/std_msgs/msg/detail/int16__functions.c
-- Installing: /root/maturo_project/leap_low_v1/managed_components/micro_ros_espidf_component/micro_ros_src/install/include/std_msgs/std_msgs/msg/detail/int16_multi_array__struct.h
-- Installing: /root/maturo_project/leap_low_v1/managed_components/micro_ros_espidf_component/micro_ros_src/install/include/std_msgs/std_msgs/msg/detail/u_int8_multi_array__functions.h
-- Installing: /root/maturo_project/leap_low_v1/managed_components/micro_ros_espidf_component/micro_ros_src/install/include/std_msgs/std_msgs/msg/detail/int16__type_support.h
-- Installing: /root/maturo_project/leap_low_v1/managed_components/micro_ros_espidf_component/micro_ros_src/install/include/std_msgs/std_msgs/msg/detail/byte_multi_array__type_support.h
-- Installing: /root/maturo_project/leap_low_v1/managed_components/micro_ros_espidf_component/micro_ros_src/install/include/std_msgs/std_msgs/msg/detail/float32_multi_array__struct.h
-- Installing: /root/maturo_project/leap_low_v1/managed_components/micro_ros_espidf_component/micro_ros_src/install/include/std_msgs/std_msgs/msg/detail/int64_multi_array__struct.h
-- Installing: /root/maturo_project/leap_low_v1/managed_components/micro_ros_espidf_component/micro_ros_src/install/include/std_msgs/std_msgs/msg/detail/float64_multi_array__functions.h
-- Installing: /root/maturo_project/leap_low_v1/managed_components/micro_ros_espidf_component/micro_ros_src/install/include/std_msgs/std_msgs/msg/detail/u_int16__type_support.h
-- Installing: /root/maturo_project/leap_low_v1/managed_components/micro_ros_espidf_component/micro_ros_src/install/include/std_msgs/std_msgs/msg/detail/empty__type_support.h
-- Installing: /root/maturo_project/leap_low_v1/managed_components/micro_ros_espidf_component/micro_ros_src/install/include/std_msgs/std_msgs/msg/detail/int32__functions.c
-- Installing: /root/maturo_project/leap_low_v1/managed_components/micro_ros_espidf_component/micro_ros_src/install/include/std_msgs/std_msgs/msg/detail/color_rgba__functions.c
-- Installing: /root/maturo_project/leap_low_v1/managed_components/micro_ros_espidf_component/micro_ros_src/install/include/std_msgs/std_msgs/msg/detail/u_int8_multi_array__struct.h
-- Installing: /root/maturo_project/leap_low_v1/managed_components/micro_ros_espidf_component/micro_ros_src/install/include/std_msgs/std_msgs/msg/detail/u_int32_multi_array__type_support.h
-- Installing: /root/maturo_project/leap_low_v1/managed_components/micro_ros_espidf_component/micro_ros_src/install/include/std_msgs/std_msgs/msg/detail/u_int64_multi_array__functions.h
-- Installing: /root/maturo_project/leap_low_v1/managed_components/micro_ros_espidf_component/micro_ros_src/install/include/std_msgs/std_msgs/msg/detail/color_rgba__type_support.h
-- Installing: /root/maturo_project/leap_low_v1/managed_components/micro_ros_espidf_component/micro_ros_src/install/include/std_msgs/std_msgs/msg/detail/int32_multi_array__functions.h
-- Installing: /root/maturo_project/leap_low_v1/managed_components/micro_ros_espidf_component/micro_ros_src/install/include/std_msgs/std_msgs/msg/detail/u_int8__struct.h
-- Installing: /root/maturo_project/leap_low_v1/managed_components/micro_ros_espidf_component/micro_ros_src/install/include/std_msgs/std_msgs/msg/detail/int32__functions.h
-- Installing: /root/maturo_project/leap_low_v1/managed_components/micro_ros_espidf_component/micro_ros_src/install/include/std_msgs/std_msgs/msg/detail/int64__functions.h
-- Installing: /root/maturo_project/leap_low_v1/managed_components/micro_ros_espidf_component/micro_ros_src/install/include/std_msgs/std_msgs/msg/detail/byte__functions.c
-- Installing: /root/maturo_project/leap_low_v1/managed_components/micro_ros_espidf_component/micro_ros_src/install/include/std_msgs/std_msgs/msg/detail/bool__functions.h
-- Installing: /root/maturo_project/leap_low_v1/managed_components/micro_ros_espidf_component/micro_ros_src/install/include/std_msgs/std_msgs/msg/detail/empty__functions.h
-- Installing: /root/maturo_project/leap_low_v1/managed_components/micro_ros_espidf_component/micro_ros_src/install/include/std_msgs/std_msgs/msg/detail/string__type_support.h
-- Installing: /root/maturo_project/leap_low_v1/managed_components/micro_ros_espidf_component/micro_ros_src/install/include/std_msgs/std_msgs/msg/detail/u_int32__struct.h
-- Installing: /root/maturo_project/leap_low_v1/managed_components/micro_ros_espidf_component/micro_ros_src/install/include/std_msgs/std_msgs/msg/detail/color_rgba__struct.h
-- Installing: /root/maturo_project/leap_low_v1/managed_components/micro_ros_espidf_component/micro_ros_src/install/include/std_msgs/std_msgs/msg/detail/int32_multi_array__type_support.h
-- Installing: /root/maturo_project/leap_low_v1/managed_components/micro_ros_espidf_component/micro_ros_src/install/include/std_msgs/std_msgs/msg/detail/u_int64_multi_array__type_support.h
-- Installing: /root/maturo_project/leap_low_v1/managed_components/micro_ros_espidf_component/micro_ros_src/install/include/std_msgs/std_msgs/msg/detail/empty__functions.c
-- Installing: /root/maturo_project/leap_low_v1/managed_components/micro_ros_espidf_component/micro_ros_src/install/include/std_msgs/std_msgs/msg/detail/multi_array_layout__functions.c
-- Installing: /root/maturo_project/leap_low_v1/managed_components/micro_ros_espidf_component/micro_ros_src/install/include/std_msgs/std_msgs/msg/detail/float32__struct.h
-- Installing: /root/maturo_project/leap_low_v1/managed_components/micro_ros_espidf_component/micro_ros_src/install/include/std_msgs/std_msgs/msg/detail/byte__functions.h
-- Installing: /root/maturo_project/leap_low_v1/managed_components/micro_ros_espidf_component/micro_ros_src/install/include/std_msgs/std_msgs/msg/detail/header__type_support.h
-- Installing: /root/maturo_project/leap_low_v1/managed_components/micro_ros_espidf_component/micro_ros_src/install/include/std_msgs/std_msgs/msg/detail/int32_multi_array__struct.h
-- Installing: /root/maturo_project/leap_low_v1/managed_components/micro_ros_espidf_component/micro_ros_src/install/include/std_msgs/std_msgs/msg/detail/char__struct.h
-- Installing: /root/maturo_project/leap_low_v1/managed_components/micro_ros_espidf_component/micro_ros_src/install/include/std_msgs/std_msgs/msg/detail/char__type_support.h
-- Installing: /root/maturo_project/leap_low_v1/managed_components/micro_ros_espidf_component/micro_ros_src/install/include/std_msgs/std_msgs/msg/detail/int16_multi_array__type_support.h
-- Installing: /root/maturo_project/leap_low_v1/managed_components/micro_ros_espidf_component/micro_ros_src/install/include/std_msgs/std_msgs/msg/detail/u_int64__type_support.h
-- Installing: /root/maturo_project/leap_low_v1/managed_components/micro_ros_espidf_component/micro_ros_src/install/include/std_msgs/std_msgs/msg/detail/int64_multi_array__functions.c
-- Installing: /root/maturo_project/leap_low_v1/managed_components/micro_ros_espidf_component/micro_ros_src/install/include/std_msgs/std_msgs/msg/detail/int64__functions.c
-- Installing: /root/maturo_project/leap_low_v1/managed_components/micro_ros_espidf_component/micro_ros_src/install/include/std_msgs/std_msgs/msg/detail/int64_multi_array__type_support.h
-- Installing: /root/maturo_project/leap_low_v1/managed_components/micro_ros_espidf_component/micro_ros_src/install/include/std_msgs/std_msgs/msg/detail/int8_multi_array__functions.c
-- Installing: /root/maturo_project/leap_low_v1/managed_components/micro_ros_espidf_component/micro_ros_src/install/include/std_msgs/std_msgs/msg/detail/string__functions.c
-- Installing: /root/maturo_project/leap_low_v1/managed_components/micro_ros_espidf_component/micro_ros_src/install/include/std_msgs/std_msgs/msg/detail/u_int32_multi_array__struct.h
-- Installing: /root/maturo_project/leap_low_v1/managed_components/micro_ros_espidf_component/micro_ros_src/install/include/std_msgs/std_msgs/msg/detail/u_int16__struct.h
-- Installing: /root/maturo_project/leap_low_v1/managed_components/micro_ros_espidf_component/micro_ros_src/install/include/std_msgs/std_msgs/msg/detail/header__struct.h
-- Installing: /root/maturo_project/leap_low_v1/managed_components/micro_ros_espidf_component/micro_ros_src/install/include/std_msgs/std_msgs/msg/detail/u_int8_multi_array__functions.c
-- Installing: /root/maturo_project/leap_low_v1/managed_components/micro_ros_espidf_component/micro_ros_src/install/include/std_msgs/std_msgs/msg/detail/byte_multi_array__functions.c
-- Installing: /root/maturo_project/leap_low_v1/managed_components/micro_ros_espidf_component/micro_ros_src/install/include/std_msgs/std_msgs/msg/detail/u_int16_multi_array__type_support.h
-- Installing: /root/maturo_project/leap_low_v1/managed_components/micro_ros_espidf_component/micro_ros_src/install/include/std_msgs/std_msgs/msg/detail/int16_multi_array__functions.c
-- Installing: /root/maturo_project/leap_low_v1/managed_components/micro_ros_espidf_component/micro_ros_src/install/include/std_msgs/std_msgs/msg/detail/u_int16_multi_array__functions.c
-- Installing: /root/maturo_project/leap_low_v1/managed_components/micro_ros_espidf_component/micro_ros_src/install/include/std_msgs/std_msgs/msg/detail/multi_array_layout__type_support.h
-- Installing: /root/maturo_project/leap_low_v1/managed_components/micro_ros_espidf_component/micro_ros_src/install/include/std_msgs/std_msgs/msg/detail/u_int64__struct.h
-- Installing: /root/maturo_project/leap_low_v1/managed_components/micro_ros_espidf_component/micro_ros_src/install/include/std_msgs/std_msgs/msg/detail/u_int8_multi_array__type_support.h
-- Installing: /root/maturo_project/leap_low_v1/managed_components/micro_ros_espidf_component/micro_ros_src/install/include/std_msgs/std_msgs/msg/detail/string__struct.h
-- Installing: /root/maturo_project/leap_low_v1/managed_components/micro_ros_espidf_component/micro_ros_src/install/include/std_msgs/std_msgs/msg/detail/u_int32__functions.h
-- Installing: /root/maturo_project/leap_low_v1/managed_components/micro_ros_espidf_component/micro_ros_src/install/include/std_msgs/std_msgs/msg/detail/u_int64__functions.c
-- Installing: /root/maturo_project/leap_low_v1/managed_components/micro_ros_espidf_component/micro_ros_src/install/include/std_msgs/std_msgs/msg/detail/u_int64_multi_array__struct.h
-- Installing: /root/maturo_project/leap_low_v1/managed_components/micro_ros_espidf_component/micro_ros_src/install/include/std_msgs/std_msgs/msg/detail/empty__struct.h
-- Installing: /root/maturo_project/leap_low_v1/managed_components/micro_ros_espidf_component/micro_ros_src/install/include/std_msgs/std_msgs/msg/detail/float32__type_support.h
-- Installing: /root/maturo_project/leap_low_v1/managed_components/micro_ros_espidf_component/micro_ros_src/install/include/std_msgs/std_msgs/msg/detail/byte_multi_array__functions.h
-- Installing: /root/maturo_project/leap_low_v1/managed_components/micro_ros_espidf_component/micro_ros_src/install/include/std_msgs/std_msgs/msg/detail/int16__functions.h
-- Installing: /root/maturo_project/leap_low_v1/managed_components/micro_ros_espidf_component/micro_ros_src/install/include/std_msgs/std_msgs/msg/detail/int16_multi_array__functions.h
-- Installing: /root/maturo_project/leap_low_v1/managed_components/micro_ros_espidf_component/micro_ros_src/install/include/std_msgs/std_msgs/msg/detail/bool__type_support.h
-- Installing: /root/maturo_project/leap_low_v1/managed_components/micro_ros_espidf_component/micro_ros_src/install/include/std_msgs/std_msgs/msg/detail/u_int32_multi_array__functions.c
-- Installing: /root/maturo_project/leap_low_v1/managed_components/micro_ros_espidf_component/micro_ros_src/install/include/std_msgs/std_msgs/msg/detail/float32_multi_array__functions.c
-- Installing: /root/maturo_project/leap_low_v1/managed_components/micro_ros_espidf_component/micro_ros_src/install/include/std_msgs/std_msgs/msg/detail/multi_array_layout__functions.h
-- Installing: /root/maturo_project/leap_low_v1/managed_components/micro_ros_espidf_component/micro_ros_src/install/include/std_msgs/std_msgs/msg/detail/u_int16_multi_array__functions.h
-- Installing: /root/maturo_project/leap_low_v1/managed_components/micro_ros_espidf_component/micro_ros_src/install/include/std_msgs/std_msgs/msg/detail/byte__struct.h
-- Installing: /root/maturo_project/leap_low_v1/managed_components/micro_ros_espidf_component/micro_ros_src/install/include/std_msgs/std_msgs/msg/detail/multi_array_dimension__functions.c
-- Installing: /root/maturo_project/leap_low_v1/managed_components/micro_ros_espidf_component/micro_ros_src/install/include/std_msgs/std_msgs/msg/detail/u_int64__functions.h
-- Installing: /root/maturo_project/leap_low_v1/managed_components/micro_ros_espidf_component/micro_ros_src/install/include/std_msgs/std_msgs/msg/detail/int32__type_support.h
-- Installing: /root/maturo_project/leap_low_v1/managed_components/micro_ros_espidf_component/micro_ros_src/install/include/std_msgs/std_msgs/msg/detail/byte__type_support.h
-- Installing: /root/maturo_project/leap_low_v1/managed_components/micro_ros_espidf_component/micro_ros_src/install/include/std_msgs/std_msgs/msg/detail/u_int8__functions.c
-- Installing: /root/maturo_project/leap_low_v1/managed_components/micro_ros_espidf_component/micro_ros_src/install/include/std_msgs/std_msgs/msg/detail/multi_array_dimension__functions.h
-- Installing: /root/maturo_project/leap_low_v1/managed_components/micro_ros_espidf_component/micro_ros_src/install/include/std_msgs/std_msgs/msg/detail/u_int16_multi_array__struct.h
-- Installing: /root/maturo_project/leap_low_v1/managed_components/micro_ros_espidf_component/micro_ros_src/install/include/std_msgs/std_msgs/msg/detail/header__functions.h
-- Installing: /root/maturo_project/leap_low_v1/managed_components/micro_ros_espidf_component/micro_ros_src/install/include/std_msgs/std_msgs/msg/detail/u_int8__functions.h
-- Installing: /root/maturo_project/leap_low_v1/managed_components/micro_ros_espidf_component/micro_ros_src/install/include/std_msgs/std_msgs/msg/detail/float64__struct.h
-- Installing: /root/maturo_project/leap_low_v1/managed_components/micro_ros_espidf_component/micro_ros_src/install/include/std_msgs/std_msgs/msg/int32_multi_array.h
-- Installing: /root/maturo_project/leap_low_v1/managed_components/micro_ros_espidf_component/micro_ros_src/install/include/std_msgs/std_msgs/msg/int64.h
-- Installing: /root/maturo_project/leap_low_v1/managed_components/micro_ros_espidf_component/micro_ros_src/install/include/std_msgs/std_msgs/msg/bool.h
-- Installing: /root/maturo_project/leap_low_v1/managed_components/micro_ros_espidf_component/micro_ros_src/install/include/std_msgs/std_msgs/msg/float32_multi_array.h
-- Installing: /root/maturo_project/leap_low_v1/managed_components/micro_ros_espidf_component/micro_ros_src/install/include/std_msgs/std_msgs/msg/char.h
-- Installing: /root/maturo_project/leap_low_v1/managed_components/micro_ros_espidf_component/micro_ros_src/install/include/std_msgs/std_msgs/msg/u_int16.h
-- Installing: /root/maturo_project/leap_low_v1/managed_components/micro_ros_espidf_component/micro_ros_src/install/include/std_msgs/std_msgs/msg/u_int64.h
-- Installing: /root/maturo_project/leap_low_v1/managed_components/micro_ros_espidf_component/micro_ros_src/install/include/std_msgs/std_msgs/msg/int8_multi_array.h
-- Installing: /root/maturo_project/leap_low_v1/managed_components/micro_ros_espidf_component/micro_ros_src/install/include/std_msgs/std_msgs/msg/u_int32_multi_array.h
-- Installing: /root/maturo_project/leap_low_v1/managed_components/micro_ros_espidf_component/micro_ros_src/install/include/std_msgs/std_msgs/msg/byte.h
-- Installing: /root/maturo_project/leap_low_v1/managed_components/micro_ros_espidf_component/micro_ros_src/install/include/std_msgs/std_msgs/msg/multi_array_dimension.h
-- Installing: /root/maturo_project/leap_low_v1/managed_components/micro_ros_espidf_component/micro_ros_src/install/include/std_msgs/std_msgs/msg/u_int16_multi_array.h
-- Installing: /root/maturo_project/leap_low_v1/managed_components/micro_ros_espidf_component/micro_ros_src/install/include/std_msgs/std_msgs/msg/int8.h
-- Installing: /root/maturo_project/leap_low_v1/managed_components/micro_ros_espidf_component/micro_ros_src/install/share/std_msgs/environment/library_path.sh
-- Installing: /root/maturo_project/leap_low_v1/managed_components/micro_ros_espidf_component/micro_ros_src/install/share/std_msgs/environment/library_path.dsv
-- Installing: /root/maturo_project/leap_low_v1/managed_components/micro_ros_espidf_component/micro_ros_src/install/lib/libstd_msgs__rosidl_generator_c.a
-- Up-to-date: /root/maturo_project/leap_low_v1/managed_components/micro_ros_espidf_component/micro_ros_src/install/include/std_msgs/std_msgs
-- Up-to-date: /root/maturo_project/leap_low_v1/managed_components/micro_ros_espidf_component/micro_ros_src/install/include/std_msgs/std_msgs/msg
-- Installing: /root/maturo_project/leap_low_v1/managed_components/micro_ros_espidf_component/micro_ros_src/install/include/std_msgs/std_msgs/msg/rosidl_typesupport_introspection_c__visibility_control.h
-- Up-to-date: /root/maturo_project/leap_low_v1/managed_components/micro_ros_espidf_component/micro_ros_src/install/include/std_msgs/std_msgs/msg/detail
-- Installing: /root/maturo_project/leap_low_v1/managed_components/micro_ros_espidf_component/micro_ros_src/install/include/std_msgs/std_msgs/msg/detail/float64__type_support.c
-- Installing: /root/maturo_project/leap_low_v1/managed_components/micro_ros_espidf_component/micro_ros_src/install/include/std_msgs/std_msgs/msg/detail/u_int8_multi_array__type_support.c
-- Installing: /root/maturo_project/leap_low_v1/managed_components/micro_ros_espidf_component/micro_ros_src/install/include/std_msgs/std_msgs/msg/detail/int16__type_support.c
-- Installing: /root/maturo_project/leap_low_v1/managed_components/micro_ros_espidf_component/micro_ros_src/install/include/std_msgs/std_msgs/msg/detail/multi_array_layout__rosidl_typesupport_introspection_c.h
-- Installing: /root/maturo_project/leap_low_v1/managed_components/micro_ros_espidf_component/micro_ros_src/install/include/std_msgs/std_msgs/msg/detail/bool__rosidl_typesupport_introspection_c.h
-- Installing: /root/maturo_project/leap_low_v1/managed_components/micro_ros_espidf_component/micro_ros_src/install/include/std_msgs/std_msgs/msg/detail/u_int32__type_support.c
-- Installing: /root/maturo_project/leap_low_v1/managed_components/micro_ros_espidf_component/micro_ros_src/install/include/std_msgs/std_msgs/msg/detail/float64_multi_array__rosidl_typesupport_introspection_c.h
-- Installing: /root/maturo_project/leap_low_v1/managed_components/micro_ros_espidf_component/micro_ros_src/install/include/std_msgs/std_msgs/msg/detail/u_int16__rosidl_typesupport_introspection_c.h
-- Installing: /root/maturo_project/leap_low_v1/managed_components/micro_ros_espidf_component/micro_ros_src/install/include/std_msgs/std_msgs/msg/detail/color_rgba__rosidl_typesupport_introspection_c.h
-- Installing: /root/maturo_project/leap_low_v1/managed_components/micro_ros_espidf_component/micro_ros_src/install/include/std_msgs/std_msgs/msg/detail/int16_multi_array__type_support.c
-- Installing: /root/maturo_project/leap_low_v1/managed_components/micro_ros_espidf_component/micro_ros_src/install/include/std_msgs/std_msgs/msg/detail/u_int32_multi_array__rosidl_typesupport_introspection_c.h
-- Installing: /root/maturo_project/leap_low_v1/managed_components/micro_ros_espidf_component/micro_ros_src/install/include/std_msgs/std_msgs/msg/detail/int8_multi_array__rosidl_typesupport_introspection_c.h
-- Installing: /root/maturo_project/leap_low_v1/managed_components/micro_ros_espidf_component/micro_ros_src/install/include/std_msgs/std_msgs/msg/detail/u_int8__rosidl_typesupport_introspection_c.h
-- Installing: /root/maturo_project/leap_low_v1/managed_components/micro_ros_espidf_component/micro_ros_src/install/include/std_msgs/std_msgs/msg/detail/int32_multi_array__type_support.c
-- Installing: /root/maturo_project/leap_low_v1/managed_components/micro_ros_espidf_component/micro_ros_src/install/include/std_msgs/std_msgs/msg/detail/float64__rosidl_typesupport_introspection_c.h
-- Installing: /root/maturo_project/leap_low_v1/managed_components/micro_ros_espidf_component/micro_ros_src/install/include/std_msgs/std_msgs/msg/detail/u_int32__rosidl_typesupport_introspection_c.h
-- Installing: /root/maturo_project/leap_low_v1/managed_components/micro_ros_espidf_component/micro_ros_src/install/include/std_msgs/std_msgs/msg/detail/string__type_support.c
-- Installing: /root/maturo_project/leap_low_v1/managed_components/micro_ros_espidf_component/micro_ros_src/install/include/std_msgs/std_msgs/msg/detail/int64_multi_array__rosidl_typesupport_introspection_c.h
-- Installing: /root/maturo_project/leap_low_v1/managed_components/micro_ros_espidf_component/micro_ros_src/install/include/std_msgs/std_msgs/msg/detail/u_int64_multi_array__rosidl_typesupport_introspection_c.h
-- Installing: /root/maturo_project/leap_low_v1/managed_components/micro_ros_espidf_component/micro_ros_src/install/include/std_msgs/std_msgs/msg/detail/float32__type_support.c
-- Installing: /root/maturo_project/leap_low_v1/managed_components/micro_ros_espidf_component/micro_ros_src/install/include/std_msgs/std_msgs/msg/detail/byte_multi_array__rosidl_typesupport_introspection_c.h
-- Installing: /root/maturo_project/leap_low_v1/managed_components/micro_ros_espidf_component/micro_ros_src/install/include/std_msgs/std_msgs/msg/detail/u_int16_multi_array__rosidl_typesupport_introspection_c.h
-- Installing: /root/maturo_project/leap_low_v1/managed_components/micro_ros_espidf_component/micro_ros_src/install/include/std_msgs/std_msgs/msg/detail/int16_multi_array__rosidl_typesupport_introspection_c.h
-- Installing: /root/maturo_project/leap_low_v1/managed_components/micro_ros_espidf_component/micro_ros_src/install/include/std_msgs/std_msgs/msg/detail/int8__type_support.c
-- Installing: /root/maturo_project/leap_low_v1/managed_components/micro_ros_espidf_component/micro_ros_src/install/include/std_msgs/std_msgs/msg/detail/header__rosidl_typesupport_introspection_c.h
-- Installing: /root/maturo_project/leap_low_v1/managed_components/micro_ros_espidf_component/micro_ros_src/install/include/std_msgs/std_msgs/msg/detail/byte_multi_array__type_support.c
-- Installing: /root/maturo_project/leap_low_v1/managed_components/micro_ros_espidf_component/micro_ros_src/install/include/std_msgs/std_msgs/msg/detail/u_int16_multi_array__type_support.c
-- Installing: /root/maturo_project/leap_low_v1/managed_components/micro_ros_espidf_component/micro_ros_src/install/include/std_msgs/std_msgs/msg/detail/u_int64__type_support.c
-- Installing: /root/maturo_project/leap_low_v1/managed_components/micro_ros_espidf_component/micro_ros_src/install/include/std_msgs/std_msgs/msg/detail/int16__rosidl_typesupport_introspection_c.h
-- Installing: /root/maturo_project/leap_low_v1/managed_components/micro_ros_espidf_component/micro_ros_src/install/include/std_msgs/std_msgs/msg/detail/multi_array_dimension__rosidl_typesupport_introspection_c.h
-- Installing: /root/maturo_project/leap_low_v1/managed_components/micro_ros_espidf_component/micro_ros_src/install/include/std_msgs/std_msgs/msg/detail/header__type_support.c
-- Installing: /root/maturo_project/leap_low_v1/managed_components/micro_ros_espidf_component/micro_ros_src/install/include/std_msgs/std_msgs/msg/detail/float32__rosidl_typesupport_introspection_c.h
-- Installing: /root/maturo_project/leap_low_v1/managed_components/micro_ros_espidf_component/micro_ros_src/install/include/std_msgs/std_msgs/msg/detail/bool__type_support.c
-- Installing: /root/maturo_project/leap_low_v1/managed_components/micro_ros_espidf_component/micro_ros_src/install/include/std_msgs/std_msgs/msg/detail/byte__rosidl_typesupport_introspection_c.h
-- Installing: /root/maturo_project/leap_low_v1/managed_components/micro_ros_espidf_component/micro_ros_src/install/include/std_msgs/std_msgs/msg/detail/u_int64__rosidl_typesupport_introspection_c.h
-- Installing: /root/maturo_project/leap_low_v1/managed_components/micro_ros_espidf_component/micro_ros_src/install/include/std_msgs/std_msgs/msg/detail/char__rosidl_typesupport_introspection_c.h
-- Installing: /root/maturo_project/leap_low_v1/managed_components/micro_ros_espidf_component/micro_ros_src/install/include/std_msgs/std_msgs/msg/detail/int32__rosidl_typesupport_introspection_c.h
-- Installing: /root/maturo_project/leap_low_v1/managed_components/micro_ros_espidf_component/micro_ros_src/install/include/std_msgs/std_msgs/msg/detail/u_int16__type_support.c
-- Installing: /root/maturo_project/leap_low_v1/managed_components/micro_ros_espidf_component/micro_ros_src/install/include/std_msgs/std_msgs/msg/detail/u_int64_multi_array__type_support.c
-- Installing: /root/maturo_project/leap_low_v1/managed_components/micro_ros_espidf_component/micro_ros_src/install/include/std_msgs/std_msgs/msg/detail/int8__rosidl_typesupport_introspection_c.h
-- Installing: /root/maturo_project/leap_low_v1/managed_components/micro_ros_espidf_component/micro_ros_src/install/include/std_msgs/std_msgs/msg/detail/color_rgba__type_support.c
-- Installing: /root/maturo_project/leap_low_v1/managed_components/micro_ros_espidf_component/micro_ros_src/install/include/std_msgs/std_msgs/msg/detail/multi_array_dimension__type_support.c
-- Installing: /root/maturo_project/leap_low_v1/managed_components/micro_ros_espidf_component/micro_ros_src/install/include/std_msgs/std_msgs/msg/detail/string__rosidl_typesupport_introspection_c.h
-- Installing: /root/maturo_project/leap_low_v1/managed_components/micro_ros_espidf_component/micro_ros_src/install/include/std_msgs/std_msgs/msg/detail/int64__type_support.c
-- Installing: /root/maturo_project/leap_low_v1/managed_components/micro_ros_espidf_component/micro_ros_src/install/include/std_msgs/std_msgs/msg/detail/char__type_support.c
-- Installing: /root/maturo_project/leap_low_v1/managed_components/micro_ros_espidf_component/micro_ros_src/install/include/std_msgs/std_msgs/msg/detail/byte__type_support.c
-- Installing: /root/maturo_project/leap_low_v1/managed_components/micro_ros_espidf_component/micro_ros_src/install/include/std_msgs/std_msgs/msg/detail/int64__rosidl_typesupport_introspection_c.h
-- Installing: /root/maturo_project/leap_low_v1/managed_components/micro_ros_espidf_component/micro_ros_src/install/include/std_msgs/std_msgs/msg/detail/u_int32_multi_array__type_support.c
-- Installing: /root/maturo_project/leap_low_v1/managed_components/micro_ros_espidf_component/micro_ros_src/install/include/std_msgs/std_msgs/msg/detail/float64_multi_array__type_support.c
-- Installing: /root/maturo_project/leap_low_v1/managed_components/micro_ros_espidf_component/micro_ros_src/install/include/std_msgs/std_msgs/msg/detail/int64_multi_array__type_support.c
-- Installing: /root/maturo_project/leap_low_v1/managed_components/micro_ros_espidf_component/micro_ros_src/install/include/std_msgs/std_msgs/msg/detail/int32_multi_array__rosidl_typesupport_introspection_c.h
-- Installing: /root/maturo_project/leap_low_v1/managed_components/micro_ros_espidf_component/micro_ros_src/install/include/std_msgs/std_msgs/msg/detail/float32_multi_array__rosidl_typesupport_introspection_c.h
-- Installing: /root/maturo_project/leap_low_v1/managed_components/micro_ros_espidf_component/micro_ros_src/install/include/std_msgs/std_msgs/msg/detail/empty__rosidl_typesupport_introspection_c.h
-- Installing: /root/maturo_project/leap_low_v1/managed_components/micro_ros_espidf_component/micro_ros_src/install/include/std_msgs/std_msgs/msg/detail/int8_multi_array__type_support.c
-- Installing: /root/maturo_project/leap_low_v1/managed_components/micro_ros_espidf_component/micro_ros_src/install/include/std_msgs/std_msgs/msg/detail/empty__type_support.c
-- Installing: /root/maturo_project/leap_low_v1/managed_components/micro_ros_espidf_component/micro_ros_src/install/include/std_msgs/std_msgs/msg/detail/u_int8_multi_array__rosidl_typesupport_introspection_c.h
-- Installing: /root/maturo_project/leap_low_v1/managed_components/micro_ros_espidf_component/micro_ros_src/install/include/std_msgs/std_msgs/msg/detail/float32_multi_array__type_support.c
-- Installing: /root/maturo_project/leap_low_v1/managed_components/micro_ros_espidf_component/micro_ros_src/install/include/std_msgs/std_msgs/msg/detail/multi_array_layout__type_support.c
-- Installing: /root/maturo_project/leap_low_v1/managed_components/micro_ros_espidf_component/micro_ros_src/install/include/std_msgs/std_msgs/msg/detail/u_int8__type_support.c
-- Installing: /root/maturo_project/leap_low_v1/managed_components/micro_ros_espidf_component/micro_ros_src/install/include/std_msgs/std_msgs/msg/detail/int32__type_support.c
-- Installing: /root/maturo_project/leap_low_v1/managed_components/micro_ros_espidf_component/micro_ros_src/install/lib/libstd_msgs__rosidl_typesupport_introspection_c.a
-- Up-to-date: /root/maturo_project/leap_low_v1/managed_components/micro_ros_espidf_component/micro_ros_src/install/include/std_msgs/std_msgs
-- Up-to-date: /root/maturo_project/leap_low_v1/managed_components/micro_ros_espidf_component/micro_ros_src/install/include/std_msgs/std_msgs/msg
-- Installing: /root/maturo_project/leap_low_v1/managed_components/micro_ros_espidf_component/micro_ros_src/install/include/std_msgs/std_msgs/msg/rosidl_typesupport_microxrcedds_c__visibility_control.h
-- Up-to-date: /root/maturo_project/leap_low_v1/managed_components/micro_ros_espidf_component/micro_ros_src/install/include/std_msgs/std_msgs/msg/detail
-- Installing: /root/maturo_project/leap_low_v1/managed_components/micro_ros_espidf_component/micro_ros_src/install/include/std_msgs/std_msgs/msg/detail/int64__rosidl_typesupport_microxrcedds_c.h
-- Installing: /root/maturo_project/leap_low_v1/managed_components/micro_ros_espidf_component/micro_ros_src/install/include/std_msgs/std_msgs/msg/detail/empty__rosidl_typesupport_microxrcedds_c.h
-- Installing: /root/maturo_project/leap_low_v1/managed_components/micro_ros_espidf_component/micro_ros_src/install/include/std_msgs/std_msgs/msg/detail/float64_multi_array__rosidl_typesupport_microxrcedds_c.h
-- Installing: /root/maturo_project/leap_low_v1/managed_components/micro_ros_espidf_component/micro_ros_src/install/include/std_msgs/std_msgs/msg/detail/header__rosidl_typesupport_microxrcedds_c.h
-- Installing: /root/maturo_project/leap_low_v1/managed_components/micro_ros_espidf_component/micro_ros_src/install/include/std_msgs/std_msgs/msg/detail/multi_array_layout__rosidl_typesupport_microxrcedds_c.h
-- Installing: /root/maturo_project/leap_low_v1/managed_components/micro_ros_espidf_component/micro_ros_src/install/include/std_msgs/std_msgs/msg/detail/multi_array_dimension__rosidl_typesupport_microxrcedds_c.h
-- Installing: /root/maturo_project/leap_low_v1/managed_components/micro_ros_espidf_component/micro_ros_src/install/include/std_msgs/std_msgs/msg/detail/int8__rosidl_typesupport_microxrcedds_c.h
-- Installing: /root/maturo_project/leap_low_v1/managed_components/micro_ros_espidf_component/micro_ros_src/install/include/std_msgs/std_msgs/msg/detail/int32_multi_array__rosidl_typesupport_microxrcedds_c.h
-- Installing: /root/maturo_project/leap_low_v1/managed_components/micro_ros_espidf_component/micro_ros_src/install/include/std_msgs/std_msgs/msg/detail/int8_multi_array__rosidl_typesupport_microxrcedds_c.h
-- Installing: /root/maturo_project/leap_low_v1/managed_components/micro_ros_espidf_component/micro_ros_src/install/include/std_msgs/std_msgs/msg/detail/u_int32_multi_array__rosidl_typesupport_microxrcedds_c.h
-- Installing: /root/maturo_project/leap_low_v1/managed_components/micro_ros_espidf_component/micro_ros_src/install/include/std_msgs/std_msgs/msg/detail/float64__rosidl_typesupport_microxrcedds_c.h
-- Installing: /root/maturo_project/leap_low_v1/managed_components/micro_ros_espidf_component/micro_ros_src/install/include/std_msgs/std_msgs/msg/detail/u_int8_multi_array__rosidl_typesupport_microxrcedds_c.h
-- Installing: /root/maturo_project/leap_low_v1/managed_components/micro_ros_espidf_component/micro_ros_src/install/include/std_msgs/std_msgs/msg/detail/char__rosidl_typesupport_microxrcedds_c.h
-- Installing: /root/maturo_project/leap_low_v1/managed_components/micro_ros_espidf_component/micro_ros_src/install/include/std_msgs/std_msgs/msg/detail/u_int16__rosidl_typesupport_microxrcedds_c.h
-- Installing: /root/maturo_project/leap_low_v1/managed_components/micro_ros_espidf_component/micro_ros_src/install/include/std_msgs/std_msgs/msg/detail/microxrcedds
-- Installing: /root/maturo_project/leap_low_v1/managed_components/micro_ros_espidf_component/micro_ros_src/install/include/std_msgs/std_msgs/msg/detail/float32_multi_array__rosidl_typesupport_microxrcedds_c.h
-- Installing: /root/maturo_project/leap_low_v1/managed_components/micro_ros_espidf_component/micro_ros_src/install/include/std_msgs/std_msgs/msg/detail/float32__rosidl_typesupport_microxrcedds_c.h
-- Installing: /root/maturo_project/leap_low_v1/managed_components/micro_ros_espidf_component/micro_ros_src/install/include/std_msgs/std_msgs/msg/detail/u_int8__rosidl_typesupport_microxrcedds_c.h
-- Installing: /root/maturo_project/leap_low_v1/managed_components/micro_ros_espidf_component/micro_ros_src/install/include/std_msgs/std_msgs/msg/detail/bool__rosidl_typesupport_microxrcedds_c.h
-- Installing: /root/maturo_project/leap_low_v1/managed_components/micro_ros_espidf_component/micro_ros_src/install/include/std_msgs/std_msgs/msg/detail/int64_multi_array__rosidl_typesupport_microxrcedds_c.h
-- Installing: /root/maturo_project/leap_low_v1/managed_components/micro_ros_espidf_component/micro_ros_src/install/include/std_msgs/std_msgs/msg/detail/u_int32__rosidl_typesupport_microxrcedds_c.h
-- Installing: /root/maturo_project/leap_low_v1/managed_components/micro_ros_espidf_component/micro_ros_src/install/include/std_msgs/std_msgs/msg/detail/int16__rosidl_typesupport_microxrcedds_c.h
-- Installing: /root/maturo_project/leap_low_v1/managed_components/micro_ros_espidf_component/micro_ros_src/install/include/std_msgs/std_msgs/msg/detail/byte_multi_array__rosidl_typesupport_microxrcedds_c.h
-- Installing: /root/maturo_project/leap_low_v1/managed_components/micro_ros_espidf_component/micro_ros_src/install/include/std_msgs/std_msgs/msg/detail/color_rgba__rosidl_typesupport_microxrcedds_c.h
-- Installing: /root/maturo_project/leap_low_v1/managed_components/micro_ros_espidf_component/micro_ros_src/install/include/std_msgs/std_msgs/msg/detail/string__rosidl_typesupport_microxrcedds_c.h
-- Installing: /root/maturo_project/leap_low_v1/managed_components/micro_ros_espidf_component/micro_ros_src/install/include/std_msgs/std_msgs/msg/detail/byte__rosidl_typesupport_microxrcedds_c.h
-- Installing: /root/maturo_project/leap_low_v1/managed_components/micro_ros_espidf_component/micro_ros_src/install/include/std_msgs/std_msgs/msg/detail/int16_multi_array__rosidl_typesupport_microxrcedds_c.h
-- Installing: /root/maturo_project/leap_low_v1/managed_components/micro_ros_espidf_component/micro_ros_src/install/include/std_msgs/std_msgs/msg/detail/u_int64__rosidl_typesupport_microxrcedds_c.h
-- Installing: /root/maturo_project/leap_low_v1/managed_components/micro_ros_espidf_component/micro_ros_src/install/include/std_msgs/std_msgs/msg/detail/u_int64_multi_array__rosidl_typesupport_microxrcedds_c.h
-- Installing: /root/maturo_project/leap_low_v1/managed_components/micro_ros_espidf_component/micro_ros_src/install/include/std_msgs/std_msgs/msg/detail/int32__rosidl_typesupport_microxrcedds_c.h
-- Installing: /root/maturo_project/leap_low_v1/managed_components/micro_ros_espidf_component/micro_ros_src/install/include/std_msgs/std_msgs/msg/detail/u_int16_multi_array__rosidl_typesupport_microxrcedds_c.h
-- Installing: /root/maturo_project/leap_low_v1/managed_components/micro_ros_espidf_component/micro_ros_src/install/lib/libstd_msgs__rosidl_typesupport_microxrcedds_c.a
-- Installing: /root/maturo_project/leap_low_v1/managed_components/micro_ros_espidf_component/micro_ros_src/install/lib/libstd_msgs__rosidl_typesupport_c.a
-- Installing: /root/maturo_project/leap_low_v1/managed_components/micro_ros_espidf_component/micro_ros_src/install/share/std_msgs/msg/Bool.idl
-- Installing: /root/maturo_project/leap_low_v1/managed_components/micro_ros_espidf_component/micro_ros_src/install/share/std_msgs/msg/Byte.idl
-- Installing: /root/maturo_project/leap_low_v1/managed_components/micro_ros_espidf_component/micro_ros_src/install/share/std_msgs/msg/ByteMultiArray.idl
-- Installing: /root/maturo_project/leap_low_v1/managed_components/micro_ros_espidf_component/micro_ros_src/install/share/std_msgs/msg/Char.idl
-- Installing: /root/maturo_project/leap_low_v1/managed_components/micro_ros_espidf_component/micro_ros_src/install/share/std_msgs/msg/ColorRGBA.idl
-- Installing: /root/maturo_project/leap_low_v1/managed_components/micro_ros_espidf_component/micro_ros_src/install/share/std_msgs/msg/Empty.idl
-- Installing: /root/maturo_project/leap_low_v1/managed_components/micro_ros_espidf_component/micro_ros_src/install/share/std_msgs/msg/Float32.idl
-- Installing: /root/maturo_project/leap_low_v1/managed_components/micro_ros_espidf_component/micro_ros_src/install/share/std_msgs/msg/Float32MultiArray.idl
-- Installing: /root/maturo_project/leap_low_v1/managed_components/micro_ros_espidf_component/micro_ros_src/install/share/std_msgs/msg/Float64.idl
-- Installing: /root/maturo_project/leap_low_v1/managed_components/micro_ros_espidf_component/micro_ros_src/install/share/std_msgs/msg/Float64MultiArray.idl
-- Installing: /root/maturo_project/leap_low_v1/managed_components/micro_ros_espidf_component/micro_ros_src/install/share/std_msgs/msg/Header.idl
-- Installing: /root/maturo_project/leap_low_v1/managed_components/micro_ros_espidf_component/micro_ros_src/install/share/std_msgs/msg/Int16.idl
-- Installing: /root/maturo_project/leap_low_v1/managed_components/micro_ros_espidf_component/micro_ros_src/install/share/std_msgs/msg/Int16MultiArray.idl
-- Installing: /root/maturo_project/leap_low_v1/managed_components/micro_ros_espidf_component/micro_ros_src/install/share/std_msgs/msg/Int32.idl
-- Installing: /root/maturo_project/leap_low_v1/managed_components/micro_ros_espidf_component/micro_ros_src/install/share/std_msgs/msg/Int32MultiArray.idl
-- Installing: /root/maturo_project/leap_low_v1/managed_components/micro_ros_espidf_component/micro_ros_src/install/share/std_msgs/msg/Int64.idl
-- Installing: /root/maturo_project/leap_low_v1/managed_components/micro_ros_espidf_component/micro_ros_src/install/share/std_msgs/msg/Int64MultiArray.idl
-- Installing: /root/maturo_project/leap_low_v1/managed_components/micro_ros_espidf_component/micro_ros_src/install/share/std_msgs/msg/Int8.idl
-- Installing: /root/maturo_project/leap_low_v1/managed_components/micro_ros_espidf_component/micro_ros_src/install/share/std_msgs/msg/Int8MultiArray.idl
-- Installing: /root/maturo_project/leap_low_v1/managed_components/micro_ros_espidf_component/micro_ros_src/install/share/std_msgs/msg/MultiArrayDimension.idl
-- Installing: /root/maturo_project/leap_low_v1/managed_components/micro_ros_espidf_component/micro_ros_src/install/share/std_msgs/msg/MultiArrayLayout.idl
-- Installing: /root/maturo_project/leap_low_v1/managed_components/micro_ros_espidf_component/micro_ros_src/install/share/std_msgs/msg/String.idl
-- Installing: /root/maturo_project/leap_low_v1/managed_components/micro_ros_espidf_component/micro_ros_src/install/share/std_msgs/msg/UInt16.idl
-- Installing: /root/maturo_project/leap_low_v1/managed_components/micro_ros_espidf_component/micro_ros_src/install/share/std_msgs/msg/UInt16MultiArray.idl
-- Installing: /root/maturo_project/leap_low_v1/managed_components/micro_ros_espidf_component/micro_ros_src/install/share/std_msgs/msg/UInt32.idl
-- Installing: /root/maturo_project/leap_low_v1/managed_components/micro_ros_espidf_component/micro_ros_src/install/share/std_msgs/msg/UInt32MultiArray.idl
-- Installing: /root/maturo_project/leap_low_v1/managed_components/micro_ros_espidf_component/micro_ros_src/install/share/std_msgs/msg/UInt64.idl
-- Installing: /root/maturo_project/leap_low_v1/managed_components/micro_ros_espidf_component/micro_ros_src/install/share/std_msgs/msg/UInt64MultiArray.idl
-- Installing: /root/maturo_project/leap_low_v1/managed_components/micro_ros_espidf_component/micro_ros_src/install/share/std_msgs/msg/UInt8.idl
-- Installing: /root/maturo_project/leap_low_v1/managed_components/micro_ros_espidf_component/micro_ros_src/install/share/std_msgs/msg/UInt8MultiArray.idl
-- Installing: /root/maturo_project/leap_low_v1/managed_components/micro_ros_espidf_component/micro_ros_src/install/share/std_msgs/msg/Bool.msg
-- Installing: /root/maturo_project/leap_low_v1/managed_components/micro_ros_espidf_component/micro_ros_src/install/share/std_msgs/msg/Byte.msg
-- Installing: /root/maturo_project/leap_low_v1/managed_components/micro_ros_espidf_component/micro_ros_src/install/share/std_msgs/msg/ByteMultiArray.msg
-- Installing: /root/maturo_project/leap_low_v1/managed_components/micro_ros_espidf_component/micro_ros_src/install/share/std_msgs/msg/Char.msg
-- Installing: /root/maturo_project/leap_low_v1/managed_components/micro_ros_espidf_component/micro_ros_src/install/share/std_msgs/msg/ColorRGBA.msg
-- Installing: /root/maturo_project/leap_low_v1/managed_components/micro_ros_espidf_component/micro_ros_src/install/share/std_msgs/msg/Empty.msg
-- Installing: /root/maturo_project/leap_low_v1/managed_components/micro_ros_espidf_component/micro_ros_src/install/share/std_msgs/msg/Float32.msg
-- Installing: /root/maturo_project/leap_low_v1/managed_components/micro_ros_espidf_component/micro_ros_src/install/share/std_msgs/msg/Float32MultiArray.msg
-- Installing: /root/maturo_project/leap_low_v1/managed_components/micro_ros_espidf_component/micro_ros_src/install/share/std_msgs/msg/Float64.msg
-- Installing: /root/maturo_project/leap_low_v1/managed_components/micro_ros_espidf_component/micro_ros_src/install/share/std_msgs/msg/Float64MultiArray.msg
-- Installing: /root/maturo_project/leap_low_v1/managed_components/micro_ros_espidf_component/micro_ros_src/install/share/std_msgs/msg/Header.msg
-- Installing: /root/maturo_project/leap_low_v1/managed_components/micro_ros_espidf_component/micro_ros_src/install/share/std_msgs/msg/Int16.msg
-- Installing: /root/maturo_project/leap_low_v1/managed_components/micro_ros_espidf_component/micro_ros_src/install/share/std_msgs/msg/Int16MultiArray.msg
-- Installing: /root/maturo_project/leap_low_v1/managed_components/micro_ros_espidf_component/micro_ros_src/install/share/std_msgs/msg/Int32.msg
-- Installing: /root/maturo_project/leap_low_v1/managed_components/micro_ros_espidf_component/micro_ros_src/install/share/std_msgs/msg/Int32MultiArray.msg
-- Installing: /root/maturo_project/leap_low_v1/managed_components/micro_ros_espidf_component/micro_ros_src/install/share/std_msgs/msg/Int64.msg
-- Installing: /root/maturo_project/leap_low_v1/managed_components/micro_ros_espidf_component/micro_ros_src/install/share/std_msgs/msg/Int64MultiArray.msg
-- Installing: /root/maturo_project/leap_low_v1/managed_components/micro_ros_espidf_component/micro_ros_src/install/share/std_msgs/msg/Int8.msg
-- Installing: /root/maturo_project/leap_low_v1/managed_components/micro_ros_espidf_component/micro_ros_src/install/share/std_msgs/msg/Int8MultiArray.msg
-- Installing: /root/maturo_project/leap_low_v1/managed_components/micro_ros_espidf_component/micro_ros_src/install/share/std_msgs/msg/MultiArrayDimension.msg
-- Installing: /root/maturo_project/leap_low_v1/managed_components/micro_ros_espidf_component/micro_ros_src/install/share/std_msgs/msg/MultiArrayLayout.msg
-- Installing: /root/maturo_project/leap_low_v1/managed_components/micro_ros_espidf_component/micro_ros_src/install/share/std_msgs/msg/String.msg
-- Installing: /root/maturo_project/leap_low_v1/managed_components/micro_ros_espidf_component/micro_ros_src/install/share/std_msgs/msg/UInt16.msg
-- Installing: /root/maturo_project/leap_low_v1/managed_components/micro_ros_espidf_component/micro_ros_src/install/share/std_msgs/msg/UInt16MultiArray.msg
-- Installing: /root/maturo_project/leap_low_v1/managed_components/micro_ros_espidf_component/micro_ros_src/install/share/std_msgs/msg/UInt32.msg
-- Installing: /root/maturo_project/leap_low_v1/managed_components/micro_ros_espidf_component/micro_ros_src/install/share/std_msgs/msg/UInt32MultiArray.msg
-- Installing: /root/maturo_project/leap_low_v1/managed_components/micro_ros_espidf_component/micro_ros_src/install/share/std_msgs/msg/UInt64.msg
-- Installing: /root/maturo_project/leap_low_v1/managed_components/micro_ros_espidf_component/micro_ros_src/install/share/std_msgs/msg/UInt64MultiArray.msg
-- Installing: /root/maturo_project/leap_low_v1/managed_components/micro_ros_espidf_component/micro_ros_src/install/share/std_msgs/msg/UInt8.msg
-- Installing: /root/maturo_project/leap_low_v1/managed_components/micro_ros_espidf_component/micro_ros_src/install/share/std_msgs/msg/UInt8MultiArray.msg
-- Installing: /root/maturo_project/leap_low_v1/managed_components/micro_ros_espidf_component/micro_ros_src/install/share/ament_index/resource_index/package_run_dependencies/std_msgs
-- Installing: /root/maturo_project/leap_low_v1/managed_components/micro_ros_espidf_component/micro_ros_src/install/share/ament_index/resource_index/parent_prefix_path/std_msgs
-- Installing: /root/maturo_project/leap_low_v1/managed_components/micro_ros_espidf_component/micro_ros_src/install/share/std_msgs/environment/ament_prefix_path.sh
-- Installing: /root/maturo_project/leap_low_v1/managed_components/micro_ros_espidf_component/micro_ros_src/install/share/std_msgs/environment/ament_prefix_path.dsv
-- Installing: /root/maturo_project/leap_low_v1/managed_components/micro_ros_espidf_component/micro_ros_src/install/share/std_msgs/environment/path.sh
-- Installing: /root/maturo_project/leap_low_v1/managed_components/micro_ros_espidf_component/micro_ros_src/install/share/std_msgs/environment/path.dsv
-- Installing: /root/maturo_project/leap_low_v1/managed_components/micro_ros_espidf_component/micro_ros_src/install/share/std_msgs/local_setup.bash
-- Installing: /root/maturo_project/leap_low_v1/managed_components/micro_ros_espidf_component/micro_ros_src/install/share/std_msgs/local_setup.sh
-- Installing: /root/maturo_project/leap_low_v1/managed_components/micro_ros_espidf_component/micro_ros_src/install/share/std_msgs/local_setup.zsh
-- Installing: /root/maturo_project/leap_low_v1/managed_components/micro_ros_espidf_component/micro_ros_src/install/share/std_msgs/local_setup.dsv
-- Installing: /root/maturo_project/leap_low_v1/managed_components/micro_ros_espidf_component/micro_ros_src/install/share/std_msgs/package.dsv
-- Installing: /root/maturo_project/leap_low_v1/managed_components/micro_ros_espidf_component/micro_ros_src/install/share/ament_index/resource_index/packages/std_msgs
-- Installing: /root/maturo_project/leap_low_v1/managed_components/micro_ros_espidf_component/micro_ros_src/install/share/std_msgs/cmake/export_std_msgs__rosidl_generator_cExport.cmake
-- Installing: /root/maturo_project/leap_low_v1/managed_components/micro_ros_espidf_component/micro_ros_src/install/share/std_msgs/cmake/export_std_msgs__rosidl_generator_cExport-release.cmake
-- Installing: /root/maturo_project/leap_low_v1/managed_components/micro_ros_espidf_component/micro_ros_src/install/share/std_msgs/cmake/std_msgs__rosidl_typesupport_introspection_cExport.cmake
-- Installing: /root/maturo_project/leap_low_v1/managed_components/micro_ros_espidf_component/micro_ros_src/install/share/std_msgs/cmake/std_msgs__rosidl_typesupport_introspection_cExport-release.cmake
-- Installing: /root/maturo_project/leap_low_v1/managed_components/micro_ros_espidf_component/micro_ros_src/install/share/std_msgs/cmake/std_msgs__rosidl_typesupport_cExport.cmake
-- Installing: /root/maturo_project/leap_low_v1/managed_components/micro_ros_espidf_component/micro_ros_src/install/share/std_msgs/cmake/std_msgs__rosidl_typesupport_cExport-release.cmake
-- Installing: /root/maturo_project/leap_low_v1/managed_components/micro_ros_espidf_component/micro_ros_src/install/share/std_msgs/cmake/rosidl_cmake-extras.cmake
-- Installing: /root/maturo_project/leap_low_v1/managed_components/micro_ros_espidf_component/micro_ros_src/install/share/std_msgs/cmake/ament_cmake_export_dependencies-extras.cmake
-- Installing: /root/maturo_project/leap_low_v1/managed_components/micro_ros_espidf_component/micro_ros_src/install/share/std_msgs/cmake/ament_cmake_export_include_directories-extras.cmake
-- Installing: /root/maturo_project/leap_low_v1/managed_components/micro_ros_espidf_component/micro_ros_src/install/share/std_msgs/cmake/ament_cmake_export_libraries-extras.cmake
-- Installing: /root/maturo_project/leap_low_v1/managed_components/micro_ros_espidf_component/micro_ros_src/install/share/std_msgs/cmake/ament_cmake_export_targets-extras.cmake
-- Installing: /root/maturo_project/leap_low_v1/managed_components/micro_ros_espidf_component/micro_ros_src/install/share/std_msgs/cmake/rosidl_cmake_export_typesupport_targets-extras.cmake
-- Installing: /root/maturo_project/leap_low_v1/managed_components/micro_ros_espidf_component/micro_ros_src/install/share/std_msgs/cmake/rosidl_cmake_export_typesupport_libraries-extras.cmake
-- Installing: /root/maturo_project/leap_low_v1/managed_components/micro_ros_espidf_component/micro_ros_src/install/share/std_msgs/cmake/rosidl_cmake_aggregate_target-extras.cmake
-- Installing: /root/maturo_project/leap_low_v1/managed_components/micro_ros_espidf_component/micro_ros_src/install/share/std_msgs/cmake/std_msgsConfig.cmake
-- Installing: /root/maturo_project/leap_low_v1/managed_components/micro_ros_espidf_component/micro_ros_src/install/share/std_msgs/cmake/std_msgsConfig-version.cmake
-- Installing: /root/maturo_project/leap_low_v1/managed_components/micro_ros_espidf_component/micro_ros_src/install/share/std_msgs/package.xml
