Not searching for unused variables given on the command line.
-- The C compiler identification is GNU 14.2.0
-- The CXX compiler identification is GNU 14.2.0
-- Detecting C compiler ABI info
-- Detecting C compiler ABI info - done
-- Check for working C compiler: /root/.espressif/tools/xtensa-esp-elf/esp-14.2.0_20251107/xtensa-esp-elf/bin/xtensa-esp32s3-elf-gcc - skipped
-- Detecting C compile features
-- Detecting C compile features - done
-- Detecting CXX compiler ABI info
-- Detecting CXX compiler ABI info - done
-- Check for working CXX compiler: /root/.espressif/tools/xtensa-esp-elf/esp-14.2.0_20251107/xtensa-esp-elf/bin/xtensa-esp32s3-elf-g++ - skipped
-- Detecting CXX compile features
-- Detecting CXX compile features - done
-- Found ament_cmake: 1.3.14 (/root/maturo_project/leap_low_v1/managed_components/micro_ros_espidf_component/micro_ros_dev/install/ament_cmake/share/ament_cmake/cmake)
-- Found Python3: /root/.espressif/python_env/idf5.5_py3.13_env/bin/python3 (found version "3.13.5") found components: Interpreter
-- Found builtin_interfaces: 1.2.3 (/root/maturo_project/leap_low_v1/managed_components/micro_ros_espidf_component/micro_ros_src/install/share/builtin_interfaces/cmake)
-- Using all available rosidl_typesupport_c: rosidl_typesupport_introspection_c;rosidl_typesupport_microxrcedds_c
-- Found rosidl_adapter: 3.1.9 (/root/maturo_project/leap_low_v1/managed_components/micro_ros_espidf_component/micro_ros_src/install/share/rosidl_adapter/cmake)
-- Found geometry_msgs: 4.9.2 (/root/maturo_project/leap_low_v1/managed_components/micro_ros_espidf_component/micro_ros_src/install/share/geometry_msgs/cmake)
-- Found rosidl_default_generators: 1.2.1 (/root/maturo_project/leap_low_v1/managed_components/micro_ros_espidf_component/micro_ros_src/install/share/rosidl_default_generators/cmake)
-- Found ament_cmake_ros: 0.10.0 (/root/maturo_project/leap_low_v1/managed_components/micro_ros_espidf_component/micro_ros_dev/install/ament_cmake_ros/share/ament_cmake_ros/cmake)
-- Using all available rosidl_typesupport_c: rosidl_typesupport_introspection_c;rosidl_typesupport_microxrcedds_c
-- Configuring done (4.6s)
-- Generating done (0.1s)
-- Build files have been written to: /root/maturo_project/leap_low_v1/managed_components/micro_ros_espidf_component/micro_ros_src/build/trajectory_msgs
gmake[1]: Entering directory '/root/maturo_project/leap_low_v1/managed_components/micro_ros_espidf_component/micro_ros_src/build/trajectory_msgs'
[  4%] Generating C code for ROS interfaces
[  8%] Building C object CMakeFiles/trajectory_msgs__rosidl_generator_c.dir/rosidl_generator_c/trajectory_msgs/msg/detail/joint_trajectory__functions.c.obj
[ 12%] Building C object CMakeFiles/trajectory_msgs__rosidl_generator_c.dir/rosidl_generator_c/trajectory_msgs/msg/detail/joint_trajectory_point__functions.c.obj
[ 16%] Building C object CMakeFiles/trajectory_msgs__rosidl_generator_c.dir/rosidl_generator_c/trajectory_msgs/msg/detail/multi_dof_joint_trajectory__functions.c.obj
[ 20%] Building C object CMakeFiles/trajectory_msgs__rosidl_generator_c.dir/rosidl_generator_c/trajectory_msgs/msg/detail/multi_dof_joint_trajectory_point__functions.c.obj
[ 25%] Linking C static library libtrajectory_msgs__rosidl_generator_c.a
[ 25%] Built target trajectory_msgs__rosidl_generator_c
[ 29%] Generating C type support for eProsima Micro XRCE-DDS
[ 33%] Generating C type support dispatch for ROS interfaces
[ 37%] Generating C introspection for ROS interfaces
[ 41%] Building C object CMakeFiles/trajectory_msgs__rosidl_typesupport_microxrcedds_c.dir/rosidl_typesupport_microxrcedds_c/trajectory_msgs/msg/detail/microxrcedds/joint_trajectory_point__type_support_c.c.obj
[ 45%] Building C object CMakeFiles/trajectory_msgs__rosidl_typesupport_microxrcedds_c.dir/rosidl_typesupport_microxrcedds_c/trajectory_msgs/msg/detail/microxrcedds/joint_trajectory__type_support_c.c.obj
[ 50%] Building C object CMakeFiles/trajectory_msgs__rosidl_typesupport_microxrcedds_c.dir/rosidl_typesupport_microxrcedds_c/trajectory_msgs/msg/detail/microxrcedds/multi_dof_joint_trajectory_point__type_support_c.c.obj
[ 54%] Building C object CMakeFiles/trajectory_msgs__rosidl_typesupport_microxrcedds_c.dir/rosidl_typesupport_microxrcedds_c/trajectory_msgs/msg/detail/microxrcedds/multi_dof_joint_trajectory__type_support_c.c.obj
[ 58%] Building CXX object CMakeFiles/trajectory_msgs__rosidl_typesupport_c.dir/rosidl_typesupport_c/trajectory_msgs/msg/joint_trajectory__type_support.cpp.obj
[ 62%] Building CXX object CMakeFiles/trajectory_msgs__rosidl_typesupport_c.dir/rosidl_typesupport_c/trajectory_msgs/msg/multi_dof_joint_trajectory_point__type_support.cpp.obj
[ 66%] Building CXX object CMakeFiles/trajectory_msgs__rosidl_typesupport_c.dir/rosidl_typesupport_c/trajectory_msgs/msg/joint_trajectory_point__type_support.cpp.obj
[ 70%] Building CXX object CMakeFiles/trajectory_msgs__rosidl_typesupport_c.dir/rosidl_typesupport_c/trajectory_msgs/msg/multi_dof_joint_trajectory__type_support.cpp.obj
[ 75%] Linking CXX static library libtrajectory_msgs__rosidl_typesupport_c.a
[ 79%] Building C object CMakeFiles/trajectory_msgs__rosidl_typesupport_introspection_c.dir/rosidl_typesupport_introspection_c/trajectory_msgs/msg/detail/multi_dof_joint_trajectory__type_support.c.obj
[ 83%] Building C object CMakeFiles/trajectory_msgs__rosidl_typesupport_introspection_c.dir/rosidl_typesupport_introspection_c/trajectory_msgs/msg/detail/joint_trajectory_point__type_support.c.obj
[ 87%] Building C object CMakeFiles/trajectory_msgs__rosidl_typesupport_introspection_c.dir/rosidl_typesupport_introspection_c/trajectory_msgs/msg/detail/joint_trajectory__type_support.c.obj
[ 91%] Building C object CMakeFiles/trajectory_msgs__rosidl_typesupport_introspection_c.dir/rosidl_typesupport_introspection_c/trajectory_msgs/msg/detail/multi_dof_joint_trajectory_point__type_support.c.obj
[ 95%] Linking CXX static library libtrajectory_msgs__rosidl_typesupport_microxrcedds_c.a
[ 95%] Built target trajectory_msgs__rosidl_typesupport_c
[ 95%] Built target trajectory_msgs__rosidl_typesupport_microxrcedds_c
[100%] Linking C static library libtrajectory_msgs__rosidl_typesupport_introspection_c.a
[100%] Built target trajectory_msgs__rosidl_typesupport_introspection_c
[100%] Built target trajectory_msgs
gmake[1]: Leaving directory '/root/maturo_project/leap_low_v1/managed_components/micro_ros_espidf_component/micro_ros_src/build/trajectory_msgs'
-- Install configuration: "Release"
-- Installing: /root/maturo_project/leap_low_v1/managed_components/micro_ros_espidf_component/micro_ros_src/install/share/ament_index/resource_index/rosidl_interfaces/trajectory_msgs
-- Installing: /root/maturo_project/leap_low_v1/managed_components/micro_ros_espidf_component/micro_ros_src/install/include/trajectory_msgs/trajectory_msgs
-- Installing: /root/maturo_project/leap_low_v1/managed_components/micro_ros_espidf_component/micro_ros_src/install/include/trajectory_msgs/trajectory_msgs/msg
-- Installing: /root/maturo_project/leap_low_v1/managed_components/micro_ros_espidf_component/micro_ros_src/install/include/trajectory_msgs/trajectory_msgs/msg/rosidl_generator_c__visibility_control.h
-- Installing: /root/maturo_project/leap_low_v1/managed_components/micro_ros_espidf_component/micro_ros_src/install/include/trajectory_msgs/trajectory_msgs/msg/multi_dof_joint_trajectory.h
-- Installing: /root/maturo_project/leap_low_v1/managed_components/micro_ros_espidf_component/micro_ros_src/install/include/trajectory_msgs/trajectory_msgs/msg/joint_trajectory_point.h
-- Installing: /root/maturo_project/leap_low_v1/managed_components/micro_ros_espidf_component/micro_ros_src/install/include/trajectory_msgs/trajectory_msgs/msg/detail
-- Installing: /root/maturo_project/leap_low_v1/managed_components/micro_ros_espidf_component/micro_ros_src/install/include/trajectory_msgs/trajectory_msgs/msg/detail/joint_trajectory_point__functions.c
-- Installing: /root/maturo_project/leap_low_v1/managed_components/micro_ros_espidf_component/micro_ros_src/install/include/trajectory_msgs/trajectory_msgs/msg/detail/multi_dof_joint_trajectory__type_support.h
-- Installing: /root/maturo_project/leap_low_v1/managed_components/micro_ros_espidf_component/micro_ros_src/install/include/trajectory_msgs/trajectory_msgs/msg/detail/joint_trajectory__functions.h
-- Installing: /root/maturo_project/leap_low_v1/managed_components/micro_ros_espidf_component/micro_ros_src/install/include/trajectory_msgs/trajectory_msgs/msg/detail/multi_dof_joint_trajectory__functions.h
-- Installing: /root/maturo_project/leap_low_v1/managed_components/micro_ros_espidf_component/micro_ros_src/install/include/trajectory_msgs/trajectory_msgs/msg/detail/joint_trajectory__functions.c
-- Installing: /root/maturo_project/leap_low_v1/managed_components/micro_ros_espidf_component/micro_ros_src/install/include/trajectory_msgs/trajectory_msgs/msg/detail/multi_dof_joint_trajectory_point__functions.c
-- Installing: /root/maturo_project/leap_low_v1/managed_components/micro_ros_espidf_component/micro_ros_src/install/include/trajectory_msgs/trajectory_msgs/msg/detail/joint_trajectory_point__struct.h
-- Installing: /root/maturo_project/leap_low_v1/managed_components/micro_ros_espidf_component/micro_ros_src/install/include/trajectory_msgs/trajectory_msgs/msg/detail/joint_trajectory__type_support.h
-- Installing: /root/maturo_project/leap_low_v1/managed_components/micro_ros_espidf_component/micro_ros_src/install/include/trajectory_msgs/trajectory_msgs/msg/detail/multi_dof_joint_trajectory_point__struct.h
-- Installing: /root/maturo_project/leap_low_v1/managed_components/micro_ros_espidf_component/micro_ros_src/install/include/trajectory_msgs/trajectory_msgs/msg/detail/multi_dof_joint_trajectory_point__type_support.h
-- Installing: /root/maturo_project/leap_low_v1/managed_components/micro_ros_espidf_component/micro_ros_src/install/include/trajectory_msgs/trajectory_msgs/msg/detail/multi_dof_joint_trajectory__functions.c
-- Installing: /root/maturo_project/leap_low_v1/managed_components/micro_ros_espidf_component/micro_ros_src/install/include/trajectory_msgs/trajectory_msgs/msg/detail/multi_dof_joint_trajectory__struct.h
-- Installing: /root/maturo_project/leap_low_v1/managed_components/micro_ros_espidf_component/micro_ros_src/install/include/trajectory_msgs/trajectory_msgs/msg/detail/joint_trajectory_point__type_support.h
-- Installing: /root/maturo_project/leap_low_v1/managed_components/micro_ros_espidf_component/micro_ros_src/install/include/trajectory_msgs/trajectory_msgs/msg/detail/joint_trajectory__struct.h
-- Installing: /root/maturo_project/leap_low_v1/managed_components/micro_ros_espidf_component/micro_ros_src/install/include/trajectory_msgs/trajectory_msgs/msg/detail/multi_dof_joint_trajectory_point__functions.h
-- Installing: /root/maturo_project/leap_low_v1/managed_components/micro_ros_espidf_component/micro_ros_src/install/include/trajectory_msgs/trajectory_msgs/msg/detail/joint_trajectory_point__functions.h
-- Installing: /root/maturo_project/leap_low_v1/managed_components/micro_ros_espidf_component/micro_ros_src/install/include/trajectory_msgs/trajectory_msgs/msg/joint_trajectory.h
-- Installing: /root/maturo_project/leap_low_v1/managed_components/micro_ros_espidf_component/micro_ros_src/install/include/trajectory_msgs/trajectory_msgs/msg/multi_dof_joint_trajectory_point.h
-- Installing: /root/maturo_project/leap_low_v1/managed_components/micro_ros_espidf_component/micro_ros_src/install/share/trajectory_msgs/environment/library_path.sh
-- Installing: /root/maturo_project/leap_low_v1/managed_components/micro_ros_espidf_component/micro_ros_src/install/share/trajectory_msgs/environment/library_path.dsv
-- Installing: /root/maturo_project/leap_low_v1/managed_components/micro_ros_espidf_component/micro_ros_src/install/lib/libtrajectory_msgs__rosidl_generator_c.a
-- Up-to-date: /root/maturo_project/leap_low_v1/managed_components/micro_ros_espidf_component/micro_ros_src/install/include/trajectory_msgs/trajectory_msgs
-- Up-to-date: /root/maturo_project/leap_low_v1/managed_components/micro_ros_espidf_component/micro_ros_src/install/include/trajectory_msgs/trajectory_msgs/msg
-- Installing: /root/maturo_project/leap_low_v1/managed_components/micro_ros_espidf_component/micro_ros_src/install/include/trajectory_msgs/trajectory_msgs/msg/rosidl_typesupport_introspection_c__visibility_control.h
-- Up-to-date: /root/maturo_project/leap_low_v1/managed_components/micro_ros_espidf_component/micro_ros_src/install/include/trajectory_msgs/trajectory_msgs/msg/detail
-- Installing: /root/maturo_project/leap_low_v1/managed_components/micro_ros_espidf_component/micro_ros_src/install/include/trajectory_msgs/trajectory_msgs/msg/detail/multi_dof_joint_trajectory__type_support.c
-- Installing: /root/maturo_project/leap_low_v1/managed_components/micro_ros_espidf_component/micro_ros_src/install/include/trajectory_msgs/trajectory_msgs/msg/detail/multi_dof_joint_trajectory_point__rosidl_typesupport_introspection_c.h
-- Installing: /root/maturo_project/leap_low_v1/managed_components/micro_ros_espidf_component/micro_ros_src/install/include/trajectory_msgs/trajectory_msgs/msg/detail/joint_trajectory_point__type_support.c
-- Installing: /root/maturo_project/leap_low_v1/managed_components/micro_ros_espidf_component/micro_ros_src/install/include/trajectory_msgs/trajectory_msgs/msg/detail/multi_dof_joint_trajectory__rosidl_typesupport_introspection_c.h
-- Installing: /root/maturo_project/leap_low_v1/managed_components/micro_ros_espidf_component/micro_ros_src/install/include/trajectory_msgs/trajectory_msgs/msg/detail/joint_trajectory_point__rosidl_typesupport_introspection_c.h
-- Installing: /root/maturo_project/leap_low_v1/managed_components/micro_ros_espidf_component/micro_ros_src/install/include/trajectory_msgs/trajectory_msgs/msg/detail/joint_trajectory__type_support.c
-- Installing: /root/maturo_project/leap_low_v1/managed_components/micro_ros_espidf_component/micro_ros_src/install/include/trajectory_msgs/trajectory_msgs/msg/detail/joint_trajectory__rosidl_typesupport_introspection_c.h
-- Installing: /root/maturo_project/leap_low_v1/managed_components/micro_ros_espidf_component/micro_ros_src/install/include/trajectory_msgs/trajectory_msgs/msg/detail/multi_dof_joint_trajectory_point__type_support.c
-- Installing: /root/maturo_project/leap_low_v1/managed_components/micro_ros_espidf_component/micro_ros_src/install/lib/libtrajectory_msgs__rosidl_typesupport_introspection_c.a
-- Up-to-date: /root/maturo_project/leap_low_v1/managed_components/micro_ros_espidf_component/micro_ros_src/install/include/trajectory_msgs/trajectory_msgs
-- Up-to-date: /root/maturo_project/leap_low_v1/managed_components/micro_ros_espidf_component/micro_ros_src/install/include/trajectory_msgs/trajectory_msgs/msg
-- Installing: /root/maturo_project/leap_low_v1/managed_components/micro_ros_espidf_component/micro_ros_src/install/include/trajectory_msgs/trajectory_msgs/msg/rosidl_typesupport_microxrcedds_c__visibility_control.h
-- Up-to-date: /root/maturo_project/leap_low_v1/managed_components/micro_ros_espidf_component/micro_ros_src/install/include/trajectory_msgs/trajectory_msgs/msg/detail
-- Installing: /root/maturo_project/leap_low_v1/managed_components/micro_ros_espidf_component/micro_ros_src/install/include/trajectory_msgs/trajectory_msgs/msg/detail/multi_dof_joint_trajectory__rosidl_typesupport_microxrcedds_c.h
-- Installing: /root/maturo_project/leap_low_v1/managed_components/micro_ros_espidf_component/micro_ros_src/install/include/trajectory_msgs/trajectory_msgs/msg/detail/multi_dof_joint_trajectory_point__rosidl_typesupport_microxrcedds_c.h
-- Installing: /root/maturo_project/leap_low_v1/managed_components/micro_ros_espidf_component/micro_ros_src/install/include/trajectory_msgs/trajectory_msgs/msg/detail/microxrcedds
-- Installing: /root/maturo_project/leap_low_v1/managed_components/micro_ros_espidf_component/micro_ros_src/install/include/trajectory_msgs/trajectory_msgs/msg/detail/joint_trajectory_point__rosidl_typesupport_microxrcedds_c.h
-- Installing: /root/maturo_project/leap_low_v1/managed_components/micro_ros_espidf_component/micro_ros_src/install/include/trajectory_msgs/trajectory_msgs/msg/detail/joint_trajectory__rosidl_typesupport_microxrcedds_c.h
-- Installing: /root/maturo_project/leap_low_v1/managed_components/micro_ros_espidf_component/micro_ros_src/install/lib/libtrajectory_msgs__rosidl_typesupport_microxrcedds_c.a
-- Installing: /root/maturo_project/leap_low_v1/managed_components/micro_ros_espidf_component/micro_ros_src/install/lib/libtrajectory_msgs__rosidl_typesupport_c.a
-- Installing: /root/maturo_project/leap_low_v1/managed_components/micro_ros_espidf_component/micro_ros_src/install/share/trajectory_msgs/msg/JointTrajectory.idl
-- Installing: /root/maturo_project/leap_low_v1/managed_components/micro_ros_espidf_component/micro_ros_src/install/share/trajectory_msgs/msg/JointTrajectoryPoint.idl
-- Installing: /root/maturo_project/leap_low_v1/managed_components/micro_ros_espidf_component/micro_ros_src/install/share/trajectory_msgs/msg/MultiDOFJointTrajectory.idl
-- Installing: /root/maturo_project/leap_low_v1/managed_components/micro_ros_espidf_component/micro_ros_src/install/share/trajectory_msgs/msg/MultiDOFJointTrajectoryPoint.idl
-- Installing: /root/maturo_project/leap_low_v1/managed_components/micro_ros_espidf_component/micro_ros_src/install/share/trajectory_msgs/msg/JointTrajectory.msg
-- Installing: /root/maturo_project/leap_low_v1/managed_components/micro_ros_espidf_component/micro_ros_src/install/share/trajectory_msgs/msg/JointTrajectoryPoint.msg
-- Installing: /root/maturo_project/leap_low_v1/managed_components/micro_ros_espidf_component/micro_ros_src/install/share/trajectory_msgs/msg/MultiDOFJointTrajectory.msg
-- Installing: /root/maturo_project/leap_low_v1/managed_components/micro_ros_espidf_component/micro_ros_src/install/share/trajectory_msgs/msg/MultiDOFJointTrajectoryPoint.msg
-- Installing: /root/maturo_project/leap_low_v1/managed_components/micro_ros_espidf_component/micro_ros_src/install/share/ament_index/resource_index/package_run_dependencies/trajectory_msgs
-- Installing: /root/maturo_project/leap_low_v1/managed_components/micro_ros_espidf_component/micro_ros_src/install/share/ament_index/resource_index/parent_prefix_path/trajectory_msgs
-- Installing: /root/maturo_project/leap_low_v1/managed_components/micro_ros_espidf_component/micro_ros_src/install/share/trajectory_msgs/environment/ament_prefix_path.sh
-- Installing: /root/maturo_project/leap_low_v1/managed_components/micro_ros_espidf_component/micro_ros_src/install/share/trajectory_msgs/environment/ament_prefix_path.dsv
-- Installing: /root/maturo_project/leap_low_v1/managed_components/micro_ros_espidf_component/micro_ros_src/install/share/trajectory_msgs/environment/path.sh
-- Installing: /root/maturo_project/leap_low_v1/managed_components/micro_ros_espidf_component/micro_ros_src/install/share/trajectory_msgs/environment/path.dsv
-- Installing: /root/maturo_project/leap_low_v1/managed_components/micro_ros_espidf_component/micro_ros_src/install/share/trajectory_msgs/local_setup.bash
-- Installing: /root/maturo_project/leap_low_v1/managed_components/micro_ros_espidf_component/micro_ros_src/install/share/trajectory_msgs/local_setup.sh
-- Installing: /root/maturo_project/leap_low_v1/managed_components/micro_ros_espidf_component/micro_ros_src/install/share/trajectory_msgs/local_setup.zsh
-- Installing: /root/maturo_project/leap_low_v1/managed_components/micro_ros_espidf_component/micro_ros_src/install/share/trajectory_msgs/local_setup.dsv
-- Installing: /root/maturo_project/leap_low_v1/managed_components/micro_ros_espidf_component/micro_ros_src/install/share/trajectory_msgs/package.dsv
-- Installing: /root/maturo_project/leap_low_v1/managed_components/micro_ros_espidf_component/micro_ros_src/install/share/ament_index/resource_index/packages/trajectory_msgs
-- Installing: /root/maturo_project/leap_low_v1/managed_components/micro_ros_espidf_component/micro_ros_src/install/share/trajectory_msgs/cmake/export_trajectory_msgs__rosidl_generator_cExport.cmake
-- Installing: /root/maturo_project/leap_low_v1/managed_components/micro_ros_espidf_component/micro_ros_src/install/share/trajectory_msgs/cmake/export_trajectory_msgs__rosidl_generator_cExport-release.cmake
-- Installing: /root/maturo_project/leap_low_v1/managed_components/micro_ros_espidf_component/micro_ros_src/install/share/trajectory_msgs/cmake/trajectory_msgs__rosidl_typesupport_introspection_cExport.cmake
-- Installing: /root/maturo_project/leap_low_v1/managed_components/micro_ros_espidf_component/micro_ros_src/install/share/trajectory_msgs/cmake/trajectory_msgs__rosidl_typesupport_introspection_cExport-release.cmake
-- Installing: /root/maturo_project/leap_low_v1/managed_components/micro_ros_espidf_component/micro_ros_src/install/share/trajectory_msgs/cmake/trajectory_msgs__rosidl_typesupport_cExport.cmake
-- Installing: /root/maturo_project/leap_low_v1/managed_components/micro_ros_espidf_component/micro_ros_src/install/share/trajectory_msgs/cmake/trajectory_msgs__rosidl_typesupport_cExport-release.cmake
-- Installing: /root/maturo_project/leap_low_v1/managed_components/micro_ros_espidf_component/micro_ros_src/install/share/trajectory_msgs/cmake/rosidl_cmake-extras.cmake
-- Installing: /root/maturo_project/leap_low_v1/managed_components/micro_ros_espidf_component/micro_ros_src/install/share/trajectory_msgs/cmake/ament_cmake_export_dependencies-extras.cmake
-- Installing: /root/maturo_project/leap_low_v1/managed_components/micro_ros_espidf_component/micro_ros_src/install/share/trajectory_msgs/cmake/ament_cmake_export_include_directories-extras.cmake
-- Installing: /root/maturo_project/leap_low_v1/managed_components/micro_ros_espidf_component/micro_ros_src/install/share/trajectory_msgs/cmake/ament_cmake_export_libraries-extras.cmake
-- Installing: /root/maturo_project/leap_low_v1/managed_components/micro_ros_espidf_component/micro_ros_src/install/share/trajectory_msgs/cmake/ament_cmake_export_targets-extras.cmake
-- Installing: /root/maturo_project/leap_low_v1/managed_components/micro_ros_espidf_component/micro_ros_src/install/share/trajectory_msgs/cmake/rosidl_cmake_export_typesupport_targets-extras.cmake
-- Installing: /root/maturo_project/leap_low_v1/managed_components/micro_ros_espidf_component/micro_ros_src/install/share/trajectory_msgs/cmake/rosidl_cmake_export_typesupport_libraries-extras.cmake
-- Installing: /root/maturo_project/leap_low_v1/managed_components/micro_ros_espidf_component/micro_ros_src/install/share/trajectory_msgs/cmake/rosidl_cmake_aggregate_target-extras.cmake
-- Installing: /root/maturo_project/leap_low_v1/managed_components/micro_ros_espidf_component/micro_ros_src/install/share/trajectory_msgs/cmake/trajectory_msgsConfig.cmake
-- Installing: /root/maturo_project/leap_low_v1/managed_components/micro_ros_espidf_component/micro_ros_src/install/share/trajectory_msgs/cmake/trajectory_msgsConfig-version.cmake
-- Installing: /root/maturo_project/leap_low_v1/managed_components/micro_ros_espidf_component/micro_ros_src/install/share/trajectory_msgs/package.xml
