/root/.espressif/python_env/idf5.5_py3.13_env/lib/python3.13/site-packages/setuptools/_distutils/dist.py:289: UserWarning: Unknown distribution option: 'tests_require'
  warnings.warn(msg)
running egg_info
creating ../../../build/tracetools_read/tracetools_read.egg-info
writing ../../../build/tracetools_read/tracetools_read.egg-info/PKG-INFO
writing dependency_links to ../../../build/tracetools_read/tracetools_read.egg-info/dependency_links.txt
writing requirements to ../../../build/tracetools_read/tracetools_read.egg-info/requires.txt
writing top-level names to ../../../build/tracetools_read/tracetools_read.egg-info/top_level.txt
writing manifest file '../../../build/tracetools_read/tracetools_read.egg-info/SOURCES.txt'
reading manifest file '../../../build/tracetools_read/tracetools_read.egg-info/SOURCES.txt'
writing manifest file '../../../build/tracetools_read/tracetools_read.egg-info/SOURCES.txt'
running build
running build_py
creating /root/maturo_project/leap_low_v1/managed_components/micro_ros_espidf_component/micro_ros_src/build/tracetools_read/build/lib/tracetools_read
copying tracetools_read/trace.py -> /root/maturo_project/leap_low_v1/managed_components/micro_ros_espidf_component/micro_ros_src/build/tracetools_read/build/lib/tracetools_read
copying tracetools_read/__init__.py -> /root/maturo_project/leap_low_v1/managed_components/micro_ros_espidf_component/micro_ros_src/build/tracetools_read/build/lib/tracetools_read
running install
running install_lib
creating /root/maturo_project/leap_low_v1/managed_components/micro_ros_espidf_component/micro_ros_src/install/lib/python3.13/site-packages/tracetools_read
copying /root/maturo_project/leap_low_v1/managed_components/micro_ros_espidf_component/micro_ros_src/build/tracetools_read/build/lib/tracetools_read/trace.py -> /root/maturo_project/leap_low_v1/managed_components/micro_ros_espidf_component/micro_ros_src/install/lib/python3.13/site-packages/tracetools_read
copying /root/maturo_project/leap_low_v1/managed_components/micro_ros_espidf_component/micro_ros_src/build/tracetools_read/build/lib/tracetools_read/__init__.py -> /root/maturo_project/leap_low_v1/managed_components/micro_ros_espidf_component/micro_ros_src/install/lib/python3.13/site-packages/tracetools_read
byte-compiling /root/maturo_project/leap_low_v1/managed_components/micro_ros_espidf_component/micro_ros_src/install/lib/python3.13/site-packages/tracetools_read/trace.py to trace.cpython-313.pyc
byte-compiling /root/maturo_project/leap_low_v1/managed_components/micro_ros_espidf_component/micro_ros_src/install/lib/python3.13/site-packages/tracetools_read/__init__.py to __init__.cpython-313.pyc
running install_data
copying package.xml -> /root/maturo_project/leap_low_v1/managed_components/micro_ros_espidf_component/micro_ros_src/install/share/tracetools_read
copying resource/tracetools_read -> /root/maturo_project/leap_low_v1/managed_components/micro_ros_espidf_component/micro_ros_src/install/share/ament_index/resource_index/packages
running install_egg_info
Copying ../../../build/tracetools_read/tracetools_read.egg-info to /root/maturo_project/leap_low_v1/managed_components/micro_ros_espidf_component/micro_ros_src/install/lib/python3.13/site-packages/tracetools_read-4.1.1-py3.13.egg-info
running install_scripts
writing list of installed files to '/root/maturo_project/leap_low_v1/managed_components/micro_ros_espidf_component/micro_ros_src/build/tracetools_read/install.log'
