[1.326s] Invoking command in '/root/maturo_project/leap_low_v1/managed_components/micro_ros_espidf_component/micro_ros_src/src/ros2_tracing/tracetools_read': PYTHONPATH=/root/maturo_project/leap_low_v1/managed_components/micro_ros_espidf_component/micro_ros_src/build/tracetools_read/prefix_override:/root/.espressif/python_env/idf5.5_py3.13_env/lib/python3.13/site-packages/colcon_core/task/python/colcon_distutils_commands:/root/maturo_project/leap_low_v1/managed_components/micro_ros_espidf_component/micro_ros_src/install/lib/python3.13/site-packages:${PYTHONPATH} /root/.espressif/python_env/idf5.5_py3.13_env/bin/python -W ignore:setup.py install is deprecated -W ignore:easy_install command is deprecated setup.py egg_info --egg-base ../../../build/tracetools_read build --build-base /root/maturo_project/leap_low_v1/managed_components/micro_ros_espidf_component/micro_ros_src/build/tracetools_read/build install --record /root/maturo_project/leap_low_v1/managed_components/micro_ros_espidf_component/micro_ros_src/build/tracetools_read/install.log --install-scripts $base/lib/tracetools_read --single-version-externally-managed install_data
[1.653s] /root/.espressif/python_env/idf5.5_py3.13_env/lib/python3.13/site-packages/setuptools/_distutils/dist.py:289: UserWarning: Unknown distribution option: 'tests_require'
[1.653s]   warnings.warn(msg)
[1.829s] running egg_info
[1.829s] creating ../../../build/tracetools_read/tracetools_read.egg-info
[1.829s] writing ../../../build/tracetools_read/tracetools_read.egg-info/PKG-INFO
[1.829s] writing dependency_links to ../../../build/tracetools_read/tracetools_read.egg-info/dependency_links.txt
[1.829s] writing requirements to ../../../build/tracetools_read/tracetools_read.egg-info/requires.txt
[1.829s] writing top-level names to ../../../build/tracetools_read/tracetools_read.egg-info/top_level.txt
[1.829s] writing manifest file '../../../build/tracetools_read/tracetools_read.egg-info/SOURCES.txt'
[1.887s] reading manifest file '../../../build/tracetools_read/tracetools_read.egg-info/SOURCES.txt'
[1.887s] writing manifest file '../../../build/tracetools_read/tracetools_read.egg-info/SOURCES.txt'
[1.887s] running build
[1.887s] running build_py
[1.887s] creating /root/maturo_project/leap_low_v1/managed_components/micro_ros_espidf_component/micro_ros_src/build/tracetools_read/build/lib/tracetools_read
[1.887s] copying tracetools_read/trace.py -> /root/maturo_project/leap_low_v1/managed_components/micro_ros_espidf_component/micro_ros_src/build/tracetools_read/build/lib/tracetools_read
[1.887s] copying tracetools_read/__init__.py -> /root/maturo_project/leap_low_v1/managed_components/micro_ros_espidf_component/micro_ros_src/build/tracetools_read/build/lib/tracetools_read
[1.887s] running install
[1.887s] running install_lib
[1.887s] creating /root/maturo_project/leap_low_v1/managed_components/micro_ros_espidf_component/micro_ros_src/install/lib/python3.13/site-packages/tracetools_read
[1.888s] copying /root/maturo_project/leap_low_v1/managed_components/micro_ros_espidf_component/micro_ros_src/build/tracetools_read/build/lib/tracetools_read/trace.py -> /root/maturo_project/leap_low_v1/managed_components/micro_ros_espidf_component/micro_ros_src/install/lib/python3.13/site-packages/tracetools_read
[1.888s] copying /root/maturo_project/leap_low_v1/managed_components/micro_ros_espidf_component/micro_ros_src/build/tracetools_read/build/lib/tracetools_read/__init__.py -> /root/maturo_project/leap_low_v1/managed_components/micro_ros_espidf_component/micro_ros_src/install/lib/python3.13/site-packages/tracetools_read
[1.888s] byte-compiling /root/maturo_project/leap_low_v1/managed_components/micro_ros_espidf_component/micro_ros_src/install/lib/python3.13/site-packages/tracetools_read/trace.py to trace.cpython-313.pyc
[1.888s] byte-compiling /root/maturo_project/leap_low_v1/managed_components/micro_ros_espidf_component/micro_ros_src/install/lib/python3.13/site-packages/tracetools_read/__init__.py to __init__.cpython-313.pyc
[1.888s] running install_data
[1.888s] copying package.xml -> /root/maturo_project/leap_low_v1/managed_components/micro_ros_espidf_component/micro_ros_src/install/share/tracetools_read
[1.888s] copying resource/tracetools_read -> /root/maturo_project/leap_low_v1/managed_components/micro_ros_espidf_component/micro_ros_src/install/share/ament_index/resource_index/packages
[1.888s] running install_egg_info
[1.894s] Copying ../../../build/tracetools_read/tracetools_read.egg-info to /root/maturo_project/leap_low_v1/managed_components/micro_ros_espidf_component/micro_ros_src/install/lib/python3.13/site-packages/tracetools_read-4.1.1-py3.13.egg-info
[1.894s] running install_scripts
[2.278s] writing list of installed files to '/root/maturo_project/leap_low_v1/managed_components/micro_ros_espidf_component/micro_ros_src/build/tracetools_read/install.log'
[2.279s] Invoked command in '/root/maturo_project/leap_low_v1/managed_components/micro_ros_espidf_component/micro_ros_src/src/ros2_tracing/tracetools_read' returned '0': PYTHONPATH=/root/maturo_project/leap_low_v1/managed_components/micro_ros_espidf_component/micro_ros_src/build/tracetools_read/prefix_override:/root/.espressif/python_env/idf5.5_py3.13_env/lib/python3.13/site-packages/colcon_core/task/python/colcon_distutils_commands:/root/maturo_project/leap_low_v1/managed_components/micro_ros_espidf_component/micro_ros_src/install/lib/python3.13/site-packages:${PYTHONPATH} /root/.espressif/python_env/idf5.5_py3.13_env/bin/python -W ignore:setup.py install is deprecated -W ignore:easy_install command is deprecated setup.py egg_info --egg-base ../../../build/tracetools_read build --build-base /root/maturo_project/leap_low_v1/managed_components/micro_ros_espidf_component/micro_ros_src/build/tracetools_read/build install --record /root/maturo_project/leap_low_v1/managed_components/micro_ros_espidf_component/micro_ros_src/build/tracetools_read/install.log --install-scripts $base/lib/tracetools_read --single-version-externally-managed install_data
