[1.051s] Invoking command in '/root/maturo_project/leap_low_v1/managed_components/micro_ros_espidf_component/micro_ros_src/src/rosidl/rosidl_cli': PYTHONPATH=/root/maturo_project/leap_low_v1/managed_components/micro_ros_espidf_component/micro_ros_src/build/rosidl_cli/prefix_override:/root/.espressif/python_env/idf5.5_py3.13_env/lib/python3.13/site-packages/colcon_core/task/python/colcon_distutils_commands:/root/maturo_project/leap_low_v1/managed_components/micro_ros_espidf_component/micro_ros_src/install/lib/python3.13/site-packages:${PYTHONPATH} /root/.espressif/python_env/idf5.5_py3.13_env/bin/python -W ignore:setup.py install is deprecated -W ignore:easy_install command is deprecated setup.py egg_info --egg-base ../../../build/rosidl_cli build --build-base /root/maturo_project/leap_low_v1/managed_components/micro_ros_espidf_component/micro_ros_src/build/rosidl_cli/build install --record /root/maturo_project/leap_low_v1/managed_components/micro_ros_espidf_component/micro_ros_src/build/rosidl_cli/install.log --single-version-externally-managed install_data
[1.468s] running egg_info
[1.490s] creating ../../../build/rosidl_cli/rosidl_cli.egg-info
[1.490s] writing ../../../build/rosidl_cli/rosidl_cli.egg-info/PKG-INFO
[1.491s] writing dependency_links to ../../../build/rosidl_cli/rosidl_cli.egg-info/dependency_links.txt
[1.491s] writing entry points to ../../../build/rosidl_cli/rosidl_cli.egg-info/entry_points.txt
[1.495s] writing requirements to ../../../build/rosidl_cli/rosidl_cli.egg-info/requires.txt
[1.495s] writing top-level names to ../../../build/rosidl_cli/rosidl_cli.egg-info/top_level.txt
[1.495s] writing manifest file '../../../build/rosidl_cli/rosidl_cli.egg-info/SOURCES.txt'
[1.534s] reading manifest file '../../../build/rosidl_cli/rosidl_cli.egg-info/SOURCES.txt'
[1.536s] writing manifest file '../../../build/rosidl_cli/rosidl_cli.egg-info/SOURCES.txt'
[1.536s] running build
[1.537s] running build_py
[1.537s] creating /root/maturo_project/leap_low_v1/managed_components/micro_ros_espidf_component/micro_ros_src/build/rosidl_cli/build/lib/rosidl_cli
[1.537s] copying rosidl_cli/cli.py -> /root/maturo_project/leap_low_v1/managed_components/micro_ros_espidf_component/micro_ros_src/build/rosidl_cli/build/lib/rosidl_cli
[1.537s] copying rosidl_cli/common.py -> /root/maturo_project/leap_low_v1/managed_components/micro_ros_espidf_component/micro_ros_src/build/rosidl_cli/build/lib/rosidl_cli
[1.538s] copying rosidl_cli/__init__.py -> /root/maturo_project/leap_low_v1/managed_components/micro_ros_espidf_component/micro_ros_src/build/rosidl_cli/build/lib/rosidl_cli
[1.538s] copying rosidl_cli/extensions.py -> /root/maturo_project/leap_low_v1/managed_components/micro_ros_espidf_component/micro_ros_src/build/rosidl_cli/build/lib/rosidl_cli
[1.538s] copying rosidl_cli/entry_points.py -> /root/maturo_project/leap_low_v1/managed_components/micro_ros_espidf_component/micro_ros_src/build/rosidl_cli/build/lib/rosidl_cli
[1.539s] creating /root/maturo_project/leap_low_v1/managed_components/micro_ros_espidf_component/micro_ros_src/build/rosidl_cli/build/lib/rosidl_cli/command
[1.539s] copying rosidl_cli/command/__init__.py -> /root/maturo_project/leap_low_v1/managed_components/micro_ros_espidf_component/micro_ros_src/build/rosidl_cli/build/lib/rosidl_cli/command
[1.539s] copying rosidl_cli/command/helpers.py -> /root/maturo_project/leap_low_v1/managed_components/micro_ros_espidf_component/micro_ros_src/build/rosidl_cli/build/lib/rosidl_cli/command
[1.539s] creating /root/maturo_project/leap_low_v1/managed_components/micro_ros_espidf_component/micro_ros_src/build/rosidl_cli/build/lib/rosidl_cli/command/translate
[1.540s] copying rosidl_cli/command/translate/api.py -> /root/maturo_project/leap_low_v1/managed_components/micro_ros_espidf_component/micro_ros_src/build/rosidl_cli/build/lib/rosidl_cli/command/translate
[1.540s] copying rosidl_cli/command/translate/__init__.py -> /root/maturo_project/leap_low_v1/managed_components/micro_ros_espidf_component/micro_ros_src/build/rosidl_cli/build/lib/rosidl_cli/command/translate
[1.540s] copying rosidl_cli/command/translate/extensions.py -> /root/maturo_project/leap_low_v1/managed_components/micro_ros_espidf_component/micro_ros_src/build/rosidl_cli/build/lib/rosidl_cli/command/translate
[1.540s] creating /root/maturo_project/leap_low_v1/managed_components/micro_ros_espidf_component/micro_ros_src/build/rosidl_cli/build/lib/rosidl_cli/command/generate
[1.540s] copying rosidl_cli/command/generate/api.py -> /root/maturo_project/leap_low_v1/managed_components/micro_ros_espidf_component/micro_ros_src/build/rosidl_cli/build/lib/rosidl_cli/command/generate
[1.547s] copying rosidl_cli/command/generate/__init__.py -> /root/maturo_project/leap_low_v1/managed_components/micro_ros_espidf_component/micro_ros_src/build/rosidl_cli/build/lib/rosidl_cli/command/generate
[1.547s] copying rosidl_cli/command/generate/extensions.py -> /root/maturo_project/leap_low_v1/managed_components/micro_ros_espidf_component/micro_ros_src/build/rosidl_cli/build/lib/rosidl_cli/command/generate
[1.547s] running install
[1.561s] running install_lib
[1.603s] creating /root/maturo_project/leap_low_v1/managed_components/micro_ros_espidf_component/micro_ros_src/install/lib/python3.13/site-packages/rosidl_cli
[1.603s] copying /root/maturo_project/leap_low_v1/managed_components/micro_ros_espidf_component/micro_ros_src/build/rosidl_cli/build/lib/rosidl_cli/cli.py -> /root/maturo_project/leap_low_v1/managed_components/micro_ros_espidf_component/micro_ros_src/install/lib/python3.13/site-packages/rosidl_cli
[1.603s] copying /root/maturo_project/leap_low_v1/managed_components/micro_ros_espidf_component/micro_ros_src/build/rosidl_cli/build/lib/rosidl_cli/common.py -> /root/maturo_project/leap_low_v1/managed_components/micro_ros_espidf_component/micro_ros_src/install/lib/python3.13/site-packages/rosidl_cli
[1.603s] copying /root/maturo_project/leap_low_v1/managed_components/micro_ros_espidf_component/micro_ros_src/build/rosidl_cli/build/lib/rosidl_cli/__init__.py -> /root/maturo_project/leap_low_v1/managed_components/micro_ros_espidf_component/micro_ros_src/install/lib/python3.13/site-packages/rosidl_cli
[1.603s] creating /root/maturo_project/leap_low_v1/managed_components/micro_ros_espidf_component/micro_ros_src/install/lib/python3.13/site-packages/rosidl_cli/command
[1.604s] copying /root/maturo_project/leap_low_v1/managed_components/micro_ros_espidf_component/micro_ros_src/build/rosidl_cli/build/lib/rosidl_cli/command/__init__.py -> /root/maturo_project/leap_low_v1/managed_components/micro_ros_espidf_component/micro_ros_src/install/lib/python3.13/site-packages/rosidl_cli/command
[1.604s] creating /root/maturo_project/leap_low_v1/managed_components/micro_ros_espidf_component/micro_ros_src/install/lib/python3.13/site-packages/rosidl_cli/command/translate
[1.604s] copying /root/maturo_project/leap_low_v1/managed_components/micro_ros_espidf_component/micro_ros_src/build/rosidl_cli/build/lib/rosidl_cli/command/translate/api.py -> /root/maturo_project/leap_low_v1/managed_components/micro_ros_espidf_component/micro_ros_src/install/lib/python3.13/site-packages/rosidl_cli/command/translate
[1.604s] copying /root/maturo_project/leap_low_v1/managed_components/micro_ros_espidf_component/micro_ros_src/build/rosidl_cli/build/lib/rosidl_cli/command/translate/__init__.py -> /root/maturo_project/leap_low_v1/managed_components/micro_ros_espidf_component/micro_ros_src/install/lib/python3.13/site-packages/rosidl_cli/command/translate
[1.607s] copying /root/maturo_project/leap_low_v1/managed_components/micro_ros_espidf_component/micro_ros_src/build/rosidl_cli/build/lib/rosidl_cli/command/translate/extensions.py -> /root/maturo_project/leap_low_v1/managed_components/micro_ros_espidf_component/micro_ros_src/install/lib/python3.13/site-packages/rosidl_cli/command/translate
[1.607s] copying /root/maturo_project/leap_low_v1/managed_components/micro_ros_espidf_component/micro_ros_src/build/rosidl_cli/build/lib/rosidl_cli/command/helpers.py -> /root/maturo_project/leap_low_v1/managed_components/micro_ros_espidf_component/micro_ros_src/install/lib/python3.13/site-packages/rosidl_cli/command
[1.607s] creating /root/maturo_project/leap_low_v1/managed_components/micro_ros_espidf_component/micro_ros_src/install/lib/python3.13/site-packages/rosidl_cli/command/generate
[1.608s] copying /root/maturo_project/leap_low_v1/managed_components/micro_ros_espidf_component/micro_ros_src/build/rosidl_cli/build/lib/rosidl_cli/command/generate/api.py -> /root/maturo_project/leap_low_v1/managed_components/micro_ros_espidf_component/micro_ros_src/install/lib/python3.13/site-packages/rosidl_cli/command/generate
[1.608s] copying /root/maturo_project/leap_low_v1/managed_components/micro_ros_espidf_component/micro_ros_src/build/rosidl_cli/build/lib/rosidl_cli/command/generate/__init__.py -> /root/maturo_project/leap_low_v1/managed_components/micro_ros_espidf_component/micro_ros_src/install/lib/python3.13/site-packages/rosidl_cli/command/generate
[1.608s] copying /root/maturo_project/leap_low_v1/managed_components/micro_ros_espidf_component/micro_ros_src/build/rosidl_cli/build/lib/rosidl_cli/command/generate/extensions.py -> /root/maturo_project/leap_low_v1/managed_components/micro_ros_espidf_component/micro_ros_src/install/lib/python3.13/site-packages/rosidl_cli/command/generate
[1.608s] copying /root/maturo_project/leap_low_v1/managed_components/micro_ros_espidf_component/micro_ros_src/build/rosidl_cli/build/lib/rosidl_cli/extensions.py -> /root/maturo_project/leap_low_v1/managed_components/micro_ros_espidf_component/micro_ros_src/install/lib/python3.13/site-packages/rosidl_cli
[1.608s] copying /root/maturo_project/leap_low_v1/managed_components/micro_ros_espidf_component/micro_ros_src/build/rosidl_cli/build/lib/rosidl_cli/entry_points.py -> /root/maturo_project/leap_low_v1/managed_components/micro_ros_espidf_component/micro_ros_src/install/lib/python3.13/site-packages/rosidl_cli
[1.610s] byte-compiling /root/maturo_project/leap_low_v1/managed_components/micro_ros_espidf_component/micro_ros_src/install/lib/python3.13/site-packages/rosidl_cli/cli.py to cli.cpython-313.pyc
[1.616s] byte-compiling /root/maturo_project/leap_low_v1/managed_components/micro_ros_espidf_component/micro_ros_src/install/lib/python3.13/site-packages/rosidl_cli/common.py to common.cpython-313.pyc
[1.616s] byte-compiling /root/maturo_project/leap_low_v1/managed_components/micro_ros_espidf_component/micro_ros_src/install/lib/python3.13/site-packages/rosidl_cli/__init__.py to __init__.cpython-313.pyc
[1.616s] byte-compiling /root/maturo_project/leap_low_v1/managed_components/micro_ros_espidf_component/micro_ros_src/install/lib/python3.13/site-packages/rosidl_cli/command/__init__.py to __init__.cpython-313.pyc
[1.617s] byte-compiling /root/maturo_project/leap_low_v1/managed_components/micro_ros_espidf_component/micro_ros_src/install/lib/python3.13/site-packages/rosidl_cli/command/translate/api.py to api.cpython-313.pyc
[1.618s] byte-compiling /root/maturo_project/leap_low_v1/managed_components/micro_ros_espidf_component/micro_ros_src/install/lib/python3.13/site-packages/rosidl_cli/command/translate/__init__.py to __init__.cpython-313.pyc
[1.620s] byte-compiling /root/maturo_project/leap_low_v1/managed_components/micro_ros_espidf_component/micro_ros_src/install/lib/python3.13/site-packages/rosidl_cli/command/translate/extensions.py to extensions.cpython-313.pyc
[1.620s] byte-compiling /root/maturo_project/leap_low_v1/managed_components/micro_ros_espidf_component/micro_ros_src/install/lib/python3.13/site-packages/rosidl_cli/command/helpers.py to helpers.cpython-313.pyc
[1.627s] byte-compiling /root/maturo_project/leap_low_v1/managed_components/micro_ros_espidf_component/micro_ros_src/install/lib/python3.13/site-packages/rosidl_cli/command/generate/api.py to api.cpython-313.pyc
[1.627s] byte-compiling /root/maturo_project/leap_low_v1/managed_components/micro_ros_espidf_component/micro_ros_src/install/lib/python3.13/site-packages/rosidl_cli/command/generate/__init__.py to __init__.cpython-313.pyc
[1.627s] byte-compiling /root/maturo_project/leap_low_v1/managed_components/micro_ros_espidf_component/micro_ros_src/install/lib/python3.13/site-packages/rosidl_cli/command/generate/extensions.py to extensions.cpython-313.pyc
[1.627s] byte-compiling /root/maturo_project/leap_low_v1/managed_components/micro_ros_espidf_component/micro_ros_src/install/lib/python3.13/site-packages/rosidl_cli/extensions.py to extensions.cpython-313.pyc
[1.627s] byte-compiling /root/maturo_project/leap_low_v1/managed_components/micro_ros_espidf_component/micro_ros_src/install/lib/python3.13/site-packages/rosidl_cli/entry_points.py to entry_points.cpython-313.pyc
[1.627s] running install_data
[1.627s] copying resource/rosidl_cli -> /root/maturo_project/leap_low_v1/managed_components/micro_ros_espidf_component/micro_ros_src/install/share/ament_index/resource_index/packages
[1.628s] copying package.xml -> /root/maturo_project/leap_low_v1/managed_components/micro_ros_espidf_component/micro_ros_src/install/share/rosidl_cli
[1.628s] copying resource/package.dsv -> /root/maturo_project/leap_low_v1/managed_components/micro_ros_espidf_component/micro_ros_src/install/share/rosidl_cli
[1.628s] creating /root/maturo_project/leap_low_v1/managed_components/micro_ros_espidf_component/micro_ros_src/install/share/rosidl_cli/environment
[1.628s] copying completion/rosidl-argcomplete.bash -> /root/maturo_project/leap_low_v1/managed_components/micro_ros_espidf_component/micro_ros_src/install/share/rosidl_cli/environment
[1.628s] copying completion/rosidl-argcomplete.zsh -> /root/maturo_project/leap_low_v1/managed_components/micro_ros_espidf_component/micro_ros_src/install/share/rosidl_cli/environment
[1.628s] running install_egg_info
[1.644s] Copying ../../../build/rosidl_cli/rosidl_cli.egg-info to /root/maturo_project/leap_low_v1/managed_components/micro_ros_espidf_component/micro_ros_src/install/lib/python3.13/site-packages/rosidl_cli-3.1.9-py3.13.egg-info
[1.646s] running install_scripts
[1.722s] Installing rosidl script to /root/maturo_project/leap_low_v1/managed_components/micro_ros_espidf_component/micro_ros_src/install/bin
[1.727s] writing list of installed files to '/root/maturo_project/leap_low_v1/managed_components/micro_ros_espidf_component/micro_ros_src/build/rosidl_cli/install.log'
[1.840s] Invoked command in '/root/maturo_project/leap_low_v1/managed_components/micro_ros_espidf_component/micro_ros_src/src/rosidl/rosidl_cli' returned '0': PYTHONPATH=/root/maturo_project/leap_low_v1/managed_components/micro_ros_espidf_component/micro_ros_src/build/rosidl_cli/prefix_override:/root/.espressif/python_env/idf5.5_py3.13_env/lib/python3.13/site-packages/colcon_core/task/python/colcon_distutils_commands:/root/maturo_project/leap_low_v1/managed_components/micro_ros_espidf_component/micro_ros_src/install/lib/python3.13/site-packages:${PYTHONPATH} /root/.espressif/python_env/idf5.5_py3.13_env/bin/python -W ignore:setup.py install is deprecated -W ignore:easy_install command is deprecated setup.py egg_info --egg-base ../../../build/rosidl_cli build --build-base /root/maturo_project/leap_low_v1/managed_components/micro_ros_espidf_component/micro_ros_src/build/rosidl_cli/build install --record /root/maturo_project/leap_low_v1/managed_components/micro_ros_espidf_component/micro_ros_src/build/rosidl_cli/install.log --single-version-externally-managed install_data
