/root/.espressif/python_env/idf5.5_py3.13_env/lib/python3.13/site-packages/setuptools/_distutils/dist.py:289: UserWarning: Unknown distribution option: 'tests_require'
  warnings.warn(msg)
running egg_info
creating ../../../build/sensor_msgs_py/sensor_msgs_py.egg-info
writing ../../../build/sensor_msgs_py/sensor_msgs_py.egg-info/PKG-INFO
writing dependency_links to ../../../build/sensor_msgs_py/sensor_msgs_py.egg-info/dependency_links.txt
writing requirements to ../../../build/sensor_msgs_py/sensor_msgs_py.egg-info/requires.txt
writing top-level names to ../../../build/sensor_msgs_py/sensor_msgs_py.egg-info/top_level.txt
writing manifest file '../../../build/sensor_msgs_py/sensor_msgs_py.egg-info/SOURCES.txt'
reading manifest file '../../../build/sensor_msgs_py/sensor_msgs_py.egg-info/SOURCES.txt'
adding license file 'LICENSE'
writing manifest file '../../../build/sensor_msgs_py/sensor_msgs_py.egg-info/SOURCES.txt'
running build
running build_py
creating /root/maturo_project/leap_low_v1/managed_components/micro_ros_espidf_component/micro_ros_src/build/sensor_msgs_py/build/lib/sensor_msgs_py
copying sensor_msgs_py/point_cloud2.py -> /root/maturo_project/leap_low_v1/managed_components/micro_ros_espidf_component/micro_ros_src/build/sensor_msgs_py/build/lib/sensor_msgs_py
copying sensor_msgs_py/numpy_compat.py -> /root/maturo_project/leap_low_v1/managed_components/micro_ros_espidf_component/micro_ros_src/build/sensor_msgs_py/build/lib/sensor_msgs_py
copying sensor_msgs_py/__init__.py -> /root/maturo_project/leap_low_v1/managed_components/micro_ros_espidf_component/micro_ros_src/build/sensor_msgs_py/build/lib/sensor_msgs_py
running install
running install_lib
creating /root/maturo_project/leap_low_v1/managed_components/micro_ros_espidf_component/micro_ros_src/install/lib/python3.13/site-packages/sensor_msgs_py
copying /root/maturo_project/leap_low_v1/managed_components/micro_ros_espidf_component/micro_ros_src/build/sensor_msgs_py/build/lib/sensor_msgs_py/point_cloud2.py -> /root/maturo_project/leap_low_v1/managed_components/micro_ros_espidf_component/micro_ros_src/install/lib/python3.13/site-packages/sensor_msgs_py
copying /root/maturo_project/leap_low_v1/managed_components/micro_ros_espidf_component/micro_ros_src/build/sensor_msgs_py/build/lib/sensor_msgs_py/numpy_compat.py -> /root/maturo_project/leap_low_v1/managed_components/micro_ros_espidf_component/micro_ros_src/install/lib/python3.13/site-packages/sensor_msgs_py
copying /root/maturo_project/leap_low_v1/managed_components/micro_ros_espidf_component/micro_ros_src/build/sensor_msgs_py/build/lib/sensor_msgs_py/__init__.py -> /root/maturo_project/leap_low_v1/managed_components/micro_ros_espidf_component/micro_ros_src/install/lib/python3.13/site-packages/sensor_msgs_py
byte-compiling /root/maturo_project/leap_low_v1/managed_components/micro_ros_espidf_component/micro_ros_src/install/lib/python3.13/site-packages/sensor_msgs_py/point_cloud2.py to point_cloud2.cpython-313.pyc
byte-compiling /root/maturo_project/leap_low_v1/managed_components/micro_ros_espidf_component/micro_ros_src/install/lib/python3.13/site-packages/sensor_msgs_py/numpy_compat.py to numpy_compat.cpython-313.pyc
byte-compiling /root/maturo_project/leap_low_v1/managed_components/micro_ros_espidf_component/micro_ros_src/install/lib/python3.13/site-packages/sensor_msgs_py/__init__.py to __init__.cpython-313.pyc
running install_data
copying resource/sensor_msgs_py -> /root/maturo_project/leap_low_v1/managed_components/micro_ros_espidf_component/micro_ros_src/install/share/ament_index/resource_index/packages
copying package.xml -> /root/maturo_project/leap_low_v1/managed_components/micro_ros_espidf_component/micro_ros_src/install/share/sensor_msgs_py
running install_egg_info
Copying ../../../build/sensor_msgs_py/sensor_msgs_py.egg-info to /root/maturo_project/leap_low_v1/managed_components/micro_ros_espidf_component/micro_ros_src/install/lib/python3.13/site-packages/sensor_msgs_py-4.9.2-py3.13.egg-info
running install_scripts
writing list of installed files to '/root/maturo_project/leap_low_v1/managed_components/micro_ros_espidf_component/micro_ros_src/build/sensor_msgs_py/install.log'
