[1.392s] Invoking command in '/root/maturo_project/leap_low_v1/managed_components/micro_ros_espidf_component/micro_ros_src/src/common_interfaces/sensor_msgs_py': AMENT_PREFIX_PATH=/root/maturo_project/leap_low_v1/managed_components/micro_ros_espidf_component/micro_ros_src/install:${AMENT_PREFIX_PATH} CMAKE_PREFIX_PATH=/root/maturo_project/leap_low_v1/managed_components/micro_ros_espidf_component/micro_ros_src/install:${CMAKE_PREFIX_PATH} LD_LIBRARY_PATH=/root/maturo_project/leap_low_v1/managed_components/micro_ros_espidf_component/micro_ros_src/install/lib:${LD_LIBRARY_PATH} PATH=/root/maturo_project/leap_low_v1/managed_components/micro_ros_espidf_component/micro_ros_src/install/bin:${PATH} PYTHONPATH=/root/maturo_project/leap_low_v1/managed_components/micro_ros_espidf_component/micro_ros_src/build/sensor_msgs_py/prefix_override:/root/.espressif/python_env/idf5.5_py3.13_env/lib/python3.13/site-packages/colcon_core/task/python/colcon_distutils_commands:/root/maturo_project/leap_low_v1/managed_components/micro_ros_espidf_component/micro_ros_src/install/lib/python3.13/site-packages:/root/maturo_project/leap_low_v1/managed_components/micro_ros_espidf_component/micro_ros_src/install/lib/python3.13/site-packages:${PYTHONPATH} /root/.espressif/python_env/idf5.5_py3.13_env/bin/python -W ignore:setup.py install is deprecated -W ignore:easy_install command is deprecated setup.py egg_info --egg-base ../../../build/sensor_msgs_py build --build-base /root/maturo_project/leap_low_v1/managed_components/micro_ros_espidf_component/micro_ros_src/build/sensor_msgs_py/build install --record /root/maturo_project/leap_low_v1/managed_components/micro_ros_espidf_component/micro_ros_src/build/sensor_msgs_py/install.log --install-scripts $base/lib/sensor_msgs_py --single-version-externally-managed install_data
[1.642s] /root/.espressif/python_env/idf5.5_py3.13_env/lib/python3.13/site-packages/setuptools/_distutils/dist.py:289: UserWarning: Unknown distribution option: 'tests_require'
[1.642s]   warnings.warn(msg)
[1.735s] running egg_info
[1.746s] creating ../../../build/sensor_msgs_py/sensor_msgs_py.egg-info
[1.746s] writing ../../../build/sensor_msgs_py/sensor_msgs_py.egg-info/PKG-INFO
[1.751s] writing dependency_links to ../../../build/sensor_msgs_py/sensor_msgs_py.egg-info/dependency_links.txt
[1.751s] writing requirements to ../../../build/sensor_msgs_py/sensor_msgs_py.egg-info/requires.txt
[1.751s] writing top-level names to ../../../build/sensor_msgs_py/sensor_msgs_py.egg-info/top_level.txt
[1.751s] writing manifest file '../../../build/sensor_msgs_py/sensor_msgs_py.egg-info/SOURCES.txt'
[1.778s] reading manifest file '../../../build/sensor_msgs_py/sensor_msgs_py.egg-info/SOURCES.txt'
[1.778s] adding license file 'LICENSE'
[1.781s] writing manifest file '../../../build/sensor_msgs_py/sensor_msgs_py.egg-info/SOURCES.txt'
[1.781s] running build
[1.781s] running build_py
[1.781s] creating /root/maturo_project/leap_low_v1/managed_components/micro_ros_espidf_component/micro_ros_src/build/sensor_msgs_py/build/lib/sensor_msgs_py
[1.781s] copying sensor_msgs_py/point_cloud2.py -> /root/maturo_project/leap_low_v1/managed_components/micro_ros_espidf_component/micro_ros_src/build/sensor_msgs_py/build/lib/sensor_msgs_py
[1.781s] copying sensor_msgs_py/numpy_compat.py -> /root/maturo_project/leap_low_v1/managed_components/micro_ros_espidf_component/micro_ros_src/build/sensor_msgs_py/build/lib/sensor_msgs_py
[1.782s] copying sensor_msgs_py/__init__.py -> /root/maturo_project/leap_low_v1/managed_components/micro_ros_espidf_component/micro_ros_src/build/sensor_msgs_py/build/lib/sensor_msgs_py
[1.782s] running install
[1.790s] running install_lib
[1.802s] creating /root/maturo_project/leap_low_v1/managed_components/micro_ros_espidf_component/micro_ros_src/install/lib/python3.13/site-packages/sensor_msgs_py
[1.803s] copying /root/maturo_project/leap_low_v1/managed_components/micro_ros_espidf_component/micro_ros_src/build/sensor_msgs_py/build/lib/sensor_msgs_py/point_cloud2.py -> /root/maturo_project/leap_low_v1/managed_components/micro_ros_espidf_component/micro_ros_src/install/lib/python3.13/site-packages/sensor_msgs_py
[1.807s] copying /root/maturo_project/leap_low_v1/managed_components/micro_ros_espidf_component/micro_ros_src/build/sensor_msgs_py/build/lib/sensor_msgs_py/numpy_compat.py -> /root/maturo_project/leap_low_v1/managed_components/micro_ros_espidf_component/micro_ros_src/install/lib/python3.13/site-packages/sensor_msgs_py
[1.807s] copying /root/maturo_project/leap_low_v1/managed_components/micro_ros_espidf_component/micro_ros_src/build/sensor_msgs_py/build/lib/sensor_msgs_py/__init__.py -> /root/maturo_project/leap_low_v1/managed_components/micro_ros_espidf_component/micro_ros_src/install/lib/python3.13/site-packages/sensor_msgs_py
[1.807s] byte-compiling /root/maturo_project/leap_low_v1/managed_components/micro_ros_espidf_component/micro_ros_src/install/lib/python3.13/site-packages/sensor_msgs_py/point_cloud2.py to point_cloud2.cpython-313.pyc
[1.807s] byte-compiling /root/maturo_project/leap_low_v1/managed_components/micro_ros_espidf_component/micro_ros_src/install/lib/python3.13/site-packages/sensor_msgs_py/numpy_compat.py to numpy_compat.cpython-313.pyc
[1.809s] byte-compiling /root/maturo_project/leap_low_v1/managed_components/micro_ros_espidf_component/micro_ros_src/install/lib/python3.13/site-packages/sensor_msgs_py/__init__.py to __init__.cpython-313.pyc
[1.809s] running install_data
[1.810s] copying resource/sensor_msgs_py -> /root/maturo_project/leap_low_v1/managed_components/micro_ros_espidf_component/micro_ros_src/install/share/ament_index/resource_index/packages
[1.810s] copying package.xml -> /root/maturo_project/leap_low_v1/managed_components/micro_ros_espidf_component/micro_ros_src/install/share/sensor_msgs_py
[1.810s] running install_egg_info
[1.824s] Copying ../../../build/sensor_msgs_py/sensor_msgs_py.egg-info to /root/maturo_project/leap_low_v1/managed_components/micro_ros_espidf_component/micro_ros_src/install/lib/python3.13/site-packages/sensor_msgs_py-4.9.2-py3.13.egg-info
[1.825s] running install_scripts
[1.909s] writing list of installed files to '/root/maturo_project/leap_low_v1/managed_components/micro_ros_espidf_component/micro_ros_src/build/sensor_msgs_py/install.log'
[2.014s] Invoked command in '/root/maturo_project/leap_low_v1/managed_components/micro_ros_espidf_component/micro_ros_src/src/common_interfaces/sensor_msgs_py' returned '0': AMENT_PREFIX_PATH=/root/maturo_project/leap_low_v1/managed_components/micro_ros_espidf_component/micro_ros_src/install:${AMENT_PREFIX_PATH} CMAKE_PREFIX_PATH=/root/maturo_project/leap_low_v1/managed_components/micro_ros_espidf_component/micro_ros_src/install:${CMAKE_PREFIX_PATH} LD_LIBRARY_PATH=/root/maturo_project/leap_low_v1/managed_components/micro_ros_espidf_component/micro_ros_src/install/lib:${LD_LIBRARY_PATH} PATH=/root/maturo_project/leap_low_v1/managed_components/micro_ros_espidf_component/micro_ros_src/install/bin:${PATH} PYTHONPATH=/root/maturo_project/leap_low_v1/managed_components/micro_ros_espidf_component/micro_ros_src/build/sensor_msgs_py/prefix_override:/root/.espressif/python_env/idf5.5_py3.13_env/lib/python3.13/site-packages/colcon_core/task/python/colcon_distutils_commands:/root/maturo_project/leap_low_v1/managed_components/micro_ros_espidf_component/micro_ros_src/install/lib/python3.13/site-packages:/root/maturo_project/leap_low_v1/managed_components/micro_ros_espidf_component/micro_ros_src/install/lib/python3.13/site-packages:${PYTHONPATH} /root/.espressif/python_env/idf5.5_py3.13_env/bin/python -W ignore:setup.py install is deprecated -W ignore:easy_install command is deprecated setup.py egg_info --egg-base ../../../build/sensor_msgs_py build --build-base /root/maturo_project/leap_low_v1/managed_components/micro_ros_espidf_component/micro_ros_src/build/sensor_msgs_py/build install --record /root/maturo_project/leap_low_v1/managed_components/micro_ros_espidf_component/micro_ros_src/build/sensor_msgs_py/install.log --install-scripts $base/lib/sensor_msgs_py --single-version-externally-managed install_data
