/root/.espressif/python_env/idf5.5_py3.13_env/lib/python3.13/site-packages/setuptools/_distutils/dist.py:289: UserWarning: Unknown distribution option: 'tests_require'
  warnings.warn(msg)
running egg_info
creating ../../../build/tracetools_trace/tracetools_trace.egg-info
writing ../../../build/tracetools_trace/tracetools_trace.egg-info/PKG-INFO
writing dependency_links to ../../../build/tracetools_trace/tracetools_trace.egg-info/dependency_links.txt
writing entry points to ../../../build/tracetools_trace/tracetools_trace.egg-info/entry_points.txt
writing requirements to ../../../build/tracetools_trace/tracetools_trace.egg-info/requires.txt
writing top-level names to ../../../build/tracetools_trace/tracetools_trace.egg-info/top_level.txt
writing manifest file '../../../build/tracetools_trace/tracetools_trace.egg-info/SOURCES.txt'
reading manifest file '../../../build/tracetools_trace/tracetools_trace.egg-info/SOURCES.txt'
writing manifest file '../../../build/tracetools_trace/tracetools_trace.egg-info/SOURCES.txt'
running build
running build_py
creating /root/maturo_project/leap_low_v1/managed_components/micro_ros_espidf_component/micro_ros_src/build/tracetools_trace/build/lib/tracetools_trace
copying tracetools_trace/trace.py -> /root/maturo_project/leap_low_v1/managed_components/micro_ros_espidf_component/micro_ros_src/build/tracetools_trace/build/lib/tracetools_trace
copying tracetools_trace/__init__.py -> /root/maturo_project/leap_low_v1/managed_components/micro_ros_espidf_component/micro_ros_src/build/tracetools_trace/build/lib/tracetools_trace
creating /root/maturo_project/leap_low_v1/managed_components/micro_ros_espidf_component/micro_ros_src/build/tracetools_trace/build/lib/tracetools_trace/tools
copying tracetools_trace/tools/signals.py -> /root/maturo_project/leap_low_v1/managed_components/micro_ros_espidf_component/micro_ros_src/build/tracetools_trace/build/lib/tracetools_trace/tools
copying tracetools_trace/tools/args.py -> /root/maturo_project/leap_low_v1/managed_components/micro_ros_espidf_component/micro_ros_src/build/tracetools_trace/build/lib/tracetools_trace/tools
copying tracetools_trace/tools/lttng_impl.py -> /root/maturo_project/leap_low_v1/managed_components/micro_ros_espidf_component/micro_ros_src/build/tracetools_trace/build/lib/tracetools_trace/tools
copying tracetools_trace/tools/__init__.py -> /root/maturo_project/leap_low_v1/managed_components/micro_ros_espidf_component/micro_ros_src/build/tracetools_trace/build/lib/tracetools_trace/tools
copying tracetools_trace/tools/tracepoints.py -> /root/maturo_project/leap_low_v1/managed_components/micro_ros_espidf_component/micro_ros_src/build/tracetools_trace/build/lib/tracetools_trace/tools
copying tracetools_trace/tools/path.py -> /root/maturo_project/leap_low_v1/managed_components/micro_ros_espidf_component/micro_ros_src/build/tracetools_trace/build/lib/tracetools_trace/tools
copying tracetools_trace/tools/names.py -> /root/maturo_project/leap_low_v1/managed_components/micro_ros_espidf_component/micro_ros_src/build/tracetools_trace/build/lib/tracetools_trace/tools
copying tracetools_trace/tools/lttng_stub.py -> /root/maturo_project/leap_low_v1/managed_components/micro_ros_espidf_component/micro_ros_src/build/tracetools_trace/build/lib/tracetools_trace/tools
copying tracetools_trace/tools/lttng.py -> /root/maturo_project/leap_low_v1/managed_components/micro_ros_espidf_component/micro_ros_src/build/tracetools_trace/build/lib/tracetools_trace/tools
running install
running install_lib
creating /root/maturo_project/leap_low_v1/managed_components/micro_ros_espidf_component/micro_ros_src/install/lib/python3.13/site-packages/tracetools_trace
copying /root/maturo_project/leap_low_v1/managed_components/micro_ros_espidf_component/micro_ros_src/build/tracetools_trace/build/lib/tracetools_trace/trace.py -> /root/maturo_project/leap_low_v1/managed_components/micro_ros_espidf_component/micro_ros_src/install/lib/python3.13/site-packages/tracetools_trace
copying /root/maturo_project/leap_low_v1/managed_components/micro_ros_espidf_component/micro_ros_src/build/tracetools_trace/build/lib/tracetools_trace/__init__.py -> /root/maturo_project/leap_low_v1/managed_components/micro_ros_espidf_component/micro_ros_src/install/lib/python3.13/site-packages/tracetools_trace
creating /root/maturo_project/leap_low_v1/managed_components/micro_ros_espidf_component/micro_ros_src/install/lib/python3.13/site-packages/tracetools_trace/tools
copying /root/maturo_project/leap_low_v1/managed_components/micro_ros_espidf_component/micro_ros_src/build/tracetools_trace/build/lib/tracetools_trace/tools/signals.py -> /root/maturo_project/leap_low_v1/managed_components/micro_ros_espidf_component/micro_ros_src/install/lib/python3.13/site-packages/tracetools_trace/tools
copying /root/maturo_project/leap_low_v1/managed_components/micro_ros_espidf_component/micro_ros_src/build/tracetools_trace/build/lib/tracetools_trace/tools/args.py -> /root/maturo_project/leap_low_v1/managed_components/micro_ros_espidf_component/micro_ros_src/install/lib/python3.13/site-packages/tracetools_trace/tools
copying /root/maturo_project/leap_low_v1/managed_components/micro_ros_espidf_component/micro_ros_src/build/tracetools_trace/build/lib/tracetools_trace/tools/lttng_impl.py -> /root/maturo_project/leap_low_v1/managed_components/micro_ros_espidf_component/micro_ros_src/install/lib/python3.13/site-packages/tracetools_trace/tools
copying /root/maturo_project/leap_low_v1/managed_components/micro_ros_espidf_component/micro_ros_src/build/tracetools_trace/build/lib/tracetools_trace/tools/__init__.py -> /root/maturo_project/leap_low_v1/managed_components/micro_ros_espidf_component/micro_ros_src/install/lib/python3.13/site-packages/tracetools_trace/tools
copying /root/maturo_project/leap_low_v1/managed_components/micro_ros_espidf_component/micro_ros_src/build/tracetools_trace/build/lib/tracetools_trace/tools/tracepoints.py -> /root/maturo_project/leap_low_v1/managed_components/micro_ros_espidf_component/micro_ros_src/install/lib/python3.13/site-packages/tracetools_trace/tools
copying /root/maturo_project/leap_low_v1/managed_components/micro_ros_espidf_component/micro_ros_src/build/tracetools_trace/build/lib/tracetools_trace/tools/path.py -> /root/maturo_project/leap_low_v1/managed_components/micro_ros_espidf_component/micro_ros_src/install/lib/python3.13/site-packages/tracetools_trace/tools
copying /root/maturo_project/leap_low_v1/managed_components/micro_ros_espidf_component/micro_ros_src/build/tracetools_trace/build/lib/tracetools_trace/tools/names.py -> /root/maturo_project/leap_low_v1/managed_components/micro_ros_espidf_component/micro_ros_src/install/lib/python3.13/site-packages/tracetools_trace/tools
copying /root/maturo_project/leap_low_v1/managed_components/micro_ros_espidf_component/micro_ros_src/build/tracetools_trace/build/lib/tracetools_trace/tools/lttng_stub.py -> /root/maturo_project/leap_low_v1/managed_components/micro_ros_espidf_component/micro_ros_src/install/lib/python3.13/site-packages/tracetools_trace/tools
copying /root/maturo_project/leap_low_v1/managed_components/micro_ros_espidf_component/micro_ros_src/build/tracetools_trace/build/lib/tracetools_trace/tools/lttng.py -> /root/maturo_project/leap_low_v1/managed_components/micro_ros_espidf_component/micro_ros_src/install/lib/python3.13/site-packages/tracetools_trace/tools
byte-compiling /root/maturo_project/leap_low_v1/managed_components/micro_ros_espidf_component/micro_ros_src/install/lib/python3.13/site-packages/tracetools_trace/trace.py to trace.cpython-313.pyc
byte-compiling /root/maturo_project/leap_low_v1/managed_components/micro_ros_espidf_component/micro_ros_src/install/lib/python3.13/site-packages/tracetools_trace/__init__.py to __init__.cpython-313.pyc
byte-compiling /root/maturo_project/leap_low_v1/managed_components/micro_ros_espidf_component/micro_ros_src/install/lib/python3.13/site-packages/tracetools_trace/tools/signals.py to signals.cpython-313.pyc
byte-compiling /root/maturo_project/leap_low_v1/managed_components/micro_ros_espidf_component/micro_ros_src/install/lib/python3.13/site-packages/tracetools_trace/tools/args.py to args.cpython-313.pyc
byte-compiling /root/maturo_project/leap_low_v1/managed_components/micro_ros_espidf_component/micro_ros_src/install/lib/python3.13/site-packages/tracetools_trace/tools/lttng_impl.py to lttng_impl.cpython-313.pyc
byte-compiling /root/maturo_project/leap_low_v1/managed_components/micro_ros_espidf_component/micro_ros_src/install/lib/python3.13/site-packages/tracetools_trace/tools/__init__.py to __init__.cpython-313.pyc
byte-compiling /root/maturo_project/leap_low_v1/managed_components/micro_ros_espidf_component/micro_ros_src/install/lib/python3.13/site-packages/tracetools_trace/tools/tracepoints.py to tracepoints.cpython-313.pyc
byte-compiling /root/maturo_project/leap_low_v1/managed_components/micro_ros_espidf_component/micro_ros_src/install/lib/python3.13/site-packages/tracetools_trace/tools/path.py to path.cpython-313.pyc
byte-compiling /root/maturo_project/leap_low_v1/managed_components/micro_ros_espidf_component/micro_ros_src/install/lib/python3.13/site-packages/tracetools_trace/tools/names.py to names.cpython-313.pyc
byte-compiling /root/maturo_project/leap_low_v1/managed_components/micro_ros_espidf_component/micro_ros_src/install/lib/python3.13/site-packages/tracetools_trace/tools/lttng_stub.py to lttng_stub.cpython-313.pyc
byte-compiling /root/maturo_project/leap_low_v1/managed_components/micro_ros_espidf_component/micro_ros_src/install/lib/python3.13/site-packages/tracetools_trace/tools/lttng.py to lttng.cpython-313.pyc
running install_data
copying package.xml -> /root/maturo_project/leap_low_v1/managed_components/micro_ros_espidf_component/micro_ros_src/install/share/tracetools_trace
copying resource/tracetools_trace -> /root/maturo_project/leap_low_v1/managed_components/micro_ros_espidf_component/micro_ros_src/install/share/ament_index/resource_index/packages
running install_egg_info
Copying ../../../build/tracetools_trace/tracetools_trace.egg-info to /root/maturo_project/leap_low_v1/managed_components/micro_ros_espidf_component/micro_ros_src/install/lib/python3.13/site-packages/tracetools_trace-4.1.1-py3.13.egg-info
running install_scripts
Installing trace script to /root/maturo_project/leap_low_v1/managed_components/micro_ros_espidf_component/micro_ros_src/install/lib/tracetools_trace
writing list of installed files to '/root/maturo_project/leap_low_v1/managed_components/micro_ros_espidf_component/micro_ros_src/build/tracetools_trace/install.log'
