[1.793s] Invoking command in '/root/maturo_project/leap_low_v1/managed_components/micro_ros_espidf_component/micro_ros_src/src/ros2_tracing/tracetools_trace': PYTHONPATH=/root/maturo_project/leap_low_v1/managed_components/micro_ros_espidf_component/micro_ros_src/build/tracetools_trace/prefix_override:/root/.espressif/python_env/idf5.5_py3.13_env/lib/python3.13/site-packages/colcon_core/task/python/colcon_distutils_commands:/root/maturo_project/leap_low_v1/managed_components/micro_ros_espidf_component/micro_ros_src/install/lib/python3.13/site-packages:${PYTHONPATH} /root/.espressif/python_env/idf5.5_py3.13_env/bin/python -W ignore:setup.py install is deprecated -W ignore:easy_install command is deprecated setup.py egg_info --egg-base ../../../build/tracetools_trace build --build-base /root/maturo_project/leap_low_v1/managed_components/micro_ros_espidf_component/micro_ros_src/build/tracetools_trace/build install --record /root/maturo_project/leap_low_v1/managed_components/micro_ros_espidf_component/micro_ros_src/build/tracetools_trace/install.log --install-scripts $base/lib/tracetools_trace --single-version-externally-managed install_data
[2.100s] /root/.espressif/python_env/idf5.5_py3.13_env/lib/python3.13/site-packages/setuptools/_distutils/dist.py:289: UserWarning: Unknown distribution option: 'tests_require'
[2.100s]   warnings.warn(msg)
[2.215s] running egg_info
[2.232s] creating ../../../build/tracetools_trace/tracetools_trace.egg-info
[2.233s] writing ../../../build/tracetools_trace/tracetools_trace.egg-info/PKG-INFO
[2.234s] writing dependency_links to ../../../build/tracetools_trace/tracetools_trace.egg-info/dependency_links.txt
[2.234s] writing entry points to ../../../build/tracetools_trace/tracetools_trace.egg-info/entry_points.txt
[2.235s] writing requirements to ../../../build/tracetools_trace/tracetools_trace.egg-info/requires.txt
[2.235s] writing top-level names to ../../../build/tracetools_trace/tracetools_trace.egg-info/top_level.txt
[2.235s] writing manifest file '../../../build/tracetools_trace/tracetools_trace.egg-info/SOURCES.txt'
[2.283s] reading manifest file '../../../build/tracetools_trace/tracetools_trace.egg-info/SOURCES.txt'
[2.288s] writing manifest file '../../../build/tracetools_trace/tracetools_trace.egg-info/SOURCES.txt'
[2.288s] running build
[2.288s] running build_py
[2.288s] creating /root/maturo_project/leap_low_v1/managed_components/micro_ros_espidf_component/micro_ros_src/build/tracetools_trace/build/lib/tracetools_trace
[2.288s] copying tracetools_trace/trace.py -> /root/maturo_project/leap_low_v1/managed_components/micro_ros_espidf_component/micro_ros_src/build/tracetools_trace/build/lib/tracetools_trace
[2.288s] copying tracetools_trace/__init__.py -> /root/maturo_project/leap_low_v1/managed_components/micro_ros_espidf_component/micro_ros_src/build/tracetools_trace/build/lib/tracetools_trace
[2.288s] creating /root/maturo_project/leap_low_v1/managed_components/micro_ros_espidf_component/micro_ros_src/build/tracetools_trace/build/lib/tracetools_trace/tools
[2.289s] copying tracetools_trace/tools/signals.py -> /root/maturo_project/leap_low_v1/managed_components/micro_ros_espidf_component/micro_ros_src/build/tracetools_trace/build/lib/tracetools_trace/tools
[2.289s] copying tracetools_trace/tools/args.py -> /root/maturo_project/leap_low_v1/managed_components/micro_ros_espidf_component/micro_ros_src/build/tracetools_trace/build/lib/tracetools_trace/tools
[2.289s] copying tracetools_trace/tools/lttng_impl.py -> /root/maturo_project/leap_low_v1/managed_components/micro_ros_espidf_component/micro_ros_src/build/tracetools_trace/build/lib/tracetools_trace/tools
[2.289s] copying tracetools_trace/tools/__init__.py -> /root/maturo_project/leap_low_v1/managed_components/micro_ros_espidf_component/micro_ros_src/build/tracetools_trace/build/lib/tracetools_trace/tools
[2.289s] copying tracetools_trace/tools/tracepoints.py -> /root/maturo_project/leap_low_v1/managed_components/micro_ros_espidf_component/micro_ros_src/build/tracetools_trace/build/lib/tracetools_trace/tools
[2.291s] copying tracetools_trace/tools/path.py -> /root/maturo_project/leap_low_v1/managed_components/micro_ros_espidf_component/micro_ros_src/build/tracetools_trace/build/lib/tracetools_trace/tools
[2.291s] copying tracetools_trace/tools/names.py -> /root/maturo_project/leap_low_v1/managed_components/micro_ros_espidf_component/micro_ros_src/build/tracetools_trace/build/lib/tracetools_trace/tools
[2.292s] copying tracetools_trace/tools/lttng_stub.py -> /root/maturo_project/leap_low_v1/managed_components/micro_ros_espidf_component/micro_ros_src/build/tracetools_trace/build/lib/tracetools_trace/tools
[2.292s] copying tracetools_trace/tools/lttng.py -> /root/maturo_project/leap_low_v1/managed_components/micro_ros_espidf_component/micro_ros_src/build/tracetools_trace/build/lib/tracetools_trace/tools
[2.292s] running install
[2.300s] running install_lib
[2.319s] creating /root/maturo_project/leap_low_v1/managed_components/micro_ros_espidf_component/micro_ros_src/install/lib/python3.13/site-packages/tracetools_trace
[2.319s] copying /root/maturo_project/leap_low_v1/managed_components/micro_ros_espidf_component/micro_ros_src/build/tracetools_trace/build/lib/tracetools_trace/trace.py -> /root/maturo_project/leap_low_v1/managed_components/micro_ros_espidf_component/micro_ros_src/install/lib/python3.13/site-packages/tracetools_trace
[2.319s] copying /root/maturo_project/leap_low_v1/managed_components/micro_ros_espidf_component/micro_ros_src/build/tracetools_trace/build/lib/tracetools_trace/__init__.py -> /root/maturo_project/leap_low_v1/managed_components/micro_ros_espidf_component/micro_ros_src/install/lib/python3.13/site-packages/tracetools_trace
[2.320s] creating /root/maturo_project/leap_low_v1/managed_components/micro_ros_espidf_component/micro_ros_src/install/lib/python3.13/site-packages/tracetools_trace/tools
[2.320s] copying /root/maturo_project/leap_low_v1/managed_components/micro_ros_espidf_component/micro_ros_src/build/tracetools_trace/build/lib/tracetools_trace/tools/signals.py -> /root/maturo_project/leap_low_v1/managed_components/micro_ros_espidf_component/micro_ros_src/install/lib/python3.13/site-packages/tracetools_trace/tools
[2.320s] copying /root/maturo_project/leap_low_v1/managed_components/micro_ros_espidf_component/micro_ros_src/build/tracetools_trace/build/lib/tracetools_trace/tools/args.py -> /root/maturo_project/leap_low_v1/managed_components/micro_ros_espidf_component/micro_ros_src/install/lib/python3.13/site-packages/tracetools_trace/tools
[2.320s] copying /root/maturo_project/leap_low_v1/managed_components/micro_ros_espidf_component/micro_ros_src/build/tracetools_trace/build/lib/tracetools_trace/tools/lttng_impl.py -> /root/maturo_project/leap_low_v1/managed_components/micro_ros_espidf_component/micro_ros_src/install/lib/python3.13/site-packages/tracetools_trace/tools
[2.320s] copying /root/maturo_project/leap_low_v1/managed_components/micro_ros_espidf_component/micro_ros_src/build/tracetools_trace/build/lib/tracetools_trace/tools/__init__.py -> /root/maturo_project/leap_low_v1/managed_components/micro_ros_espidf_component/micro_ros_src/install/lib/python3.13/site-packages/tracetools_trace/tools
[2.320s] copying /root/maturo_project/leap_low_v1/managed_components/micro_ros_espidf_component/micro_ros_src/build/tracetools_trace/build/lib/tracetools_trace/tools/tracepoints.py -> /root/maturo_project/leap_low_v1/managed_components/micro_ros_espidf_component/micro_ros_src/install/lib/python3.13/site-packages/tracetools_trace/tools
[2.323s] copying /root/maturo_project/leap_low_v1/managed_components/micro_ros_espidf_component/micro_ros_src/build/tracetools_trace/build/lib/tracetools_trace/tools/path.py -> /root/maturo_project/leap_low_v1/managed_components/micro_ros_espidf_component/micro_ros_src/install/lib/python3.13/site-packages/tracetools_trace/tools
[2.324s] copying /root/maturo_project/leap_low_v1/managed_components/micro_ros_espidf_component/micro_ros_src/build/tracetools_trace/build/lib/tracetools_trace/tools/names.py -> /root/maturo_project/leap_low_v1/managed_components/micro_ros_espidf_component/micro_ros_src/install/lib/python3.13/site-packages/tracetools_trace/tools
[2.324s] copying /root/maturo_project/leap_low_v1/managed_components/micro_ros_espidf_component/micro_ros_src/build/tracetools_trace/build/lib/tracetools_trace/tools/lttng_stub.py -> /root/maturo_project/leap_low_v1/managed_components/micro_ros_espidf_component/micro_ros_src/install/lib/python3.13/site-packages/tracetools_trace/tools
[2.324s] copying /root/maturo_project/leap_low_v1/managed_components/micro_ros_espidf_component/micro_ros_src/build/tracetools_trace/build/lib/tracetools_trace/tools/lttng.py -> /root/maturo_project/leap_low_v1/managed_components/micro_ros_espidf_component/micro_ros_src/install/lib/python3.13/site-packages/tracetools_trace/tools
[2.324s] byte-compiling /root/maturo_project/leap_low_v1/managed_components/micro_ros_espidf_component/micro_ros_src/install/lib/python3.13/site-packages/tracetools_trace/trace.py to trace.cpython-313.pyc
[2.325s] byte-compiling /root/maturo_project/leap_low_v1/managed_components/micro_ros_espidf_component/micro_ros_src/install/lib/python3.13/site-packages/tracetools_trace/__init__.py to __init__.cpython-313.pyc
[2.325s] byte-compiling /root/maturo_project/leap_low_v1/managed_components/micro_ros_espidf_component/micro_ros_src/install/lib/python3.13/site-packages/tracetools_trace/tools/signals.py to signals.cpython-313.pyc
[2.326s] byte-compiling /root/maturo_project/leap_low_v1/managed_components/micro_ros_espidf_component/micro_ros_src/install/lib/python3.13/site-packages/tracetools_trace/tools/args.py to args.cpython-313.pyc
[2.329s] byte-compiling /root/maturo_project/leap_low_v1/managed_components/micro_ros_espidf_component/micro_ros_src/install/lib/python3.13/site-packages/tracetools_trace/tools/lttng_impl.py to lttng_impl.cpython-313.pyc
[2.333s] byte-compiling /root/maturo_project/leap_low_v1/managed_components/micro_ros_espidf_component/micro_ros_src/install/lib/python3.13/site-packages/tracetools_trace/tools/__init__.py to __init__.cpython-313.pyc
[2.333s] byte-compiling /root/maturo_project/leap_low_v1/managed_components/micro_ros_espidf_component/micro_ros_src/install/lib/python3.13/site-packages/tracetools_trace/tools/tracepoints.py to tracepoints.cpython-313.pyc
[2.333s] byte-compiling /root/maturo_project/leap_low_v1/managed_components/micro_ros_espidf_component/micro_ros_src/install/lib/python3.13/site-packages/tracetools_trace/tools/path.py to path.cpython-313.pyc
[2.334s] byte-compiling /root/maturo_project/leap_low_v1/managed_components/micro_ros_espidf_component/micro_ros_src/install/lib/python3.13/site-packages/tracetools_trace/tools/names.py to names.cpython-313.pyc
[2.335s] byte-compiling /root/maturo_project/leap_low_v1/managed_components/micro_ros_espidf_component/micro_ros_src/install/lib/python3.13/site-packages/tracetools_trace/tools/lttng_stub.py to lttng_stub.cpython-313.pyc
[2.335s] byte-compiling /root/maturo_project/leap_low_v1/managed_components/micro_ros_espidf_component/micro_ros_src/install/lib/python3.13/site-packages/tracetools_trace/tools/lttng.py to lttng.cpython-313.pyc
[2.340s] running install_data
[2.340s] copying package.xml -> /root/maturo_project/leap_low_v1/managed_components/micro_ros_espidf_component/micro_ros_src/install/share/tracetools_trace
[2.340s] copying resource/tracetools_trace -> /root/maturo_project/leap_low_v1/managed_components/micro_ros_espidf_component/micro_ros_src/install/share/ament_index/resource_index/packages
[2.340s] running install_egg_info
[2.355s] Copying ../../../build/tracetools_trace/tracetools_trace.egg-info to /root/maturo_project/leap_low_v1/managed_components/micro_ros_espidf_component/micro_ros_src/install/lib/python3.13/site-packages/tracetools_trace-4.1.1-py3.13.egg-info
[2.356s] running install_scripts
[2.435s] Installing trace script to /root/maturo_project/leap_low_v1/managed_components/micro_ros_espidf_component/micro_ros_src/install/lib/tracetools_trace
[2.436s] writing list of installed files to '/root/maturo_project/leap_low_v1/managed_components/micro_ros_espidf_component/micro_ros_src/build/tracetools_trace/install.log'
[2.548s] Invoked command in '/root/maturo_project/leap_low_v1/managed_components/micro_ros_espidf_component/micro_ros_src/src/ros2_tracing/tracetools_trace' returned '0': PYTHONPATH=/root/maturo_project/leap_low_v1/managed_components/micro_ros_espidf_component/micro_ros_src/build/tracetools_trace/prefix_override:/root/.espressif/python_env/idf5.5_py3.13_env/lib/python3.13/site-packages/colcon_core/task/python/colcon_distutils_commands:/root/maturo_project/leap_low_v1/managed_components/micro_ros_espidf_component/micro_ros_src/install/lib/python3.13/site-packages:${PYTHONPATH} /root/.espressif/python_env/idf5.5_py3.13_env/bin/python -W ignore:setup.py install is deprecated -W ignore:easy_install command is deprecated setup.py egg_info --egg-base ../../../build/tracetools_trace build --build-base /root/maturo_project/leap_low_v1/managed_components/micro_ros_espidf_component/micro_ros_src/build/tracetools_trace/build install --record /root/maturo_project/leap_low_v1/managed_components/micro_ros_espidf_component/micro_ros_src/build/tracetools_trace/install.log --install-scripts $base/lib/tracetools_trace --single-version-externally-managed install_data
