CMake Deprecation Warning at CMakeLists.txt:1 (cmake_minimum_required):
  Compatibility with CMake < 3.10 will be removed from a future version of
  CMake.

  Update the VERSION argument <min> value.  Or, use the <min>...<max> syntax
  to tell CMake that the project requires at least <min> but has been updated
  to work with policies introduced by <max> or earlier.


In file included from /root/maturo_project/leap_low_v1/managed_components/micro_ros_espidf_component/micro_ros_src/build/geometry_msgs/rosidl_typesupport_microxrcedds_c/geometry_msgs/msg/detail/microxrcedds/polygon__type_support_c.c:8:
/root/esp/esp-idf/components/newlib/platform_include/stdio.h:10:2: warning: #include_next is a GCC extension
   10 | #include_next <stdio.h>
      |  ^~~~~~~~~~~~
In file included from /root/maturo_project/leap_low_v1/managed_components/micro_ros_espidf_component/micro_ros_src/build/geometry_msgs/rosidl_typesupport_microxrcedds_c/geometry_msgs/msg/detail/microxrcedds/point32__type_support_c.c:8:
/root/esp/esp-idf/components/newlib/platform_include/stdio.h:10:2: warning: #include_next is a GCC extension
   10 | #include_next <stdio.h>
      |  ^~~~~~~~~~~~
In file included from /root/maturo_project/leap_low_v1/managed_components/micro_ros_espidf_component/micro_ros_src/build/geometry_msgs/rosidl_typesupport_microxrcedds_c/geometry_msgs/msg/detail/microxrcedds/accel_with_covariance_stamped__type_support_c.c:8:
/root/esp/esp-idf/components/newlib/platform_include/stdio.h:10:2: warning: #include_next is a GCC extension
   10 | #include_next <stdio.h>
      |  ^~~~~~~~~~~~
In file included from /root/maturo_project/leap_low_v1/managed_components/micro_ros_espidf_component/micro_ros_src/build/geometry_msgs/rosidl_typesupport_microxrcedds_c/geometry_msgs/msg/detail/microxrcedds/inertia__type_support_c.c:8:
/root/esp/esp-idf/components/newlib/platform_include/stdio.h:10:2: warning: #include_next is a GCC extension
   10 | #include_next <stdio.h>
      |  ^~~~~~~~~~~~
In file included from /root/maturo_project/leap_low_v1/managed_components/micro_ros_espidf_component/micro_ros_src/build/geometry_msgs/rosidl_typesupport_microxrcedds_c/geometry_msgs/msg/detail/microxrcedds/accel_with_covariance__type_support_c.c:8:
/root/esp/esp-idf/components/newlib/platform_include/stdio.h:10:2: warning: #include_next is a GCC extension
   10 | #include_next <stdio.h>
      |  ^~~~~~~~~~~~
In file included from /root/maturo_project/leap_low_v1/managed_components/micro_ros_espidf_component/micro_ros_src/build/geometry_msgs/rosidl_typesupport_microxrcedds_c/geometry_msgs/msg/detail/microxrcedds/accel_stamped__type_support_c.c:8:
/root/esp/esp-idf/components/newlib/platform_include/stdio.h:10:2: warning: #include_next is a GCC extension
   10 | #include_next <stdio.h>
      |  ^~~~~~~~~~~~
In file included from /root/maturo_project/leap_low_v1/managed_components/micro_ros_espidf_component/micro_ros_src/build/geometry_msgs/rosidl_typesupport_microxrcedds_c/geometry_msgs/msg/detail/microxrcedds/point__type_support_c.c:8:
/root/esp/esp-idf/components/newlib/platform_include/stdio.h:10:2: warning: #include_next is a GCC extension
   10 | #include_next <stdio.h>
      |  ^~~~~~~~~~~~
In file included from /root/maturo_project/leap_low_v1/managed_components/micro_ros_espidf_component/micro_ros_src/build/geometry_msgs/rosidl_typesupport_microxrcedds_c/geometry_msgs/msg/detail/microxrcedds/accel__type_support_c.c:8:
/root/esp/esp-idf/components/newlib/platform_include/stdio.h:10:2: warning: #include_next is a GCC extension
   10 | #include_next <stdio.h>
      |  ^~~~~~~~~~~~
In file included from /root/maturo_project/leap_low_v1/managed_components/micro_ros_espidf_component/micro_ros_src/build/geometry_msgs/rosidl_typesupport_microxrcedds_c/geometry_msgs/msg/detail/microxrcedds/inertia_stamped__type_support_c.c:8:
/root/esp/esp-idf/components/newlib/platform_include/stdio.h:10:2: warning: #include_next is a GCC extension
   10 | #include_next <stdio.h>
      |  ^~~~~~~~~~~~
In file included from /root/maturo_project/leap_low_v1/managed_components/micro_ros_espidf_component/micro_ros_src/build/geometry_msgs/rosidl_typesupport_microxrcedds_c/geometry_msgs/msg/detail/microxrcedds/point_stamped__type_support_c.c:8:
/root/esp/esp-idf/components/newlib/platform_include/stdio.h:10:2: warning: #include_next is a GCC extension
   10 | #include_next <stdio.h>
      |  ^~~~~~~~~~~~
In file included from /root/maturo_project/leap_low_v1/managed_components/micro_ros_espidf_component/micro_ros_src/build/geometry_msgs/rosidl_typesupport_microxrcedds_c/geometry_msgs/msg/detail/microxrcedds/pose__type_support_c.c:8:
/root/esp/esp-idf/components/newlib/platform_include/stdio.h:10:2: warning: #include_next is a GCC extension
   10 | #include_next <stdio.h>
      |  ^~~~~~~~~~~~
In file included from /root/maturo_project/leap_low_v1/managed_components/micro_ros_espidf_component/micro_ros_src/build/geometry_msgs/rosidl_typesupport_microxrcedds_c/geometry_msgs/msg/detail/microxrcedds/polygon_instance__type_support_c.c:8:
/root/esp/esp-idf/components/newlib/platform_include/stdio.h:10:2: warning: #include_next is a GCC extension
   10 | #include_next <stdio.h>
      |  ^~~~~~~~~~~~
In file included from /root/maturo_project/leap_low_v1/managed_components/micro_ros_espidf_component/micro_ros_src/build/geometry_msgs/rosidl_typesupport_microxrcedds_c/geometry_msgs/msg/detail/microxrcedds/polygon_instance_stamped__type_support_c.c:8:
/root/esp/esp-idf/components/newlib/platform_include/stdio.h:10:2: warning: #include_next is a GCC extension
   10 | #include_next <stdio.h>
      |  ^~~~~~~~~~~~
In file included from /root/maturo_project/leap_low_v1/managed_components/micro_ros_espidf_component/micro_ros_src/build/geometry_msgs/rosidl_typesupport_microxrcedds_c/geometry_msgs/msg/detail/microxrcedds/polygon_stamped__type_support_c.c:8:
/root/esp/esp-idf/components/newlib/platform_include/stdio.h:10:2: warning: #include_next is a GCC extension
   10 | #include_next <stdio.h>
      |  ^~~~~~~~~~~~
In file included from /root/maturo_project/leap_low_v1/managed_components/micro_ros_espidf_component/micro_ros_src/build/geometry_msgs/rosidl_typesupport_microxrcedds_c/geometry_msgs/msg/detail/microxrcedds/pose_array__type_support_c.c:8:
/root/esp/esp-idf/components/newlib/platform_include/stdio.h:10:2: warning: #include_next is a GCC extension
   10 | #include_next <stdio.h>
      |  ^~~~~~~~~~~~
In file included from /root/maturo_project/leap_low_v1/managed_components/micro_ros_espidf_component/micro_ros_src/build/geometry_msgs/rosidl_typesupport_microxrcedds_c/geometry_msgs/msg/detail/microxrcedds/pose2_d__type_support_c.c:8:
/root/esp/esp-idf/components/newlib/platform_include/stdio.h:10:2: warning: #include_next is a GCC extension
   10 | #include_next <stdio.h>
      |  ^~~~~~~~~~~~
In file included from /root/maturo_project/leap_low_v1/managed_components/micro_ros_espidf_component/micro_ros_src/build/geometry_msgs/rosidl_typesupport_microxrcedds_c/geometry_msgs/msg/detail/microxrcedds/pose_stamped__type_support_c.c:8:
/root/esp/esp-idf/components/newlib/platform_include/stdio.h:10:2: warning: #include_next is a GCC extension
   10 | #include_next <stdio.h>
      |  ^~~~~~~~~~~~
In file included from /root/maturo_project/leap_low_v1/managed_components/micro_ros_espidf_component/micro_ros_src/build/geometry_msgs/rosidl_typesupport_microxrcedds_c/geometry_msgs/msg/detail/microxrcedds/pose_with_covariance_stamped__type_support_c.c:8:
/root/esp/esp-idf/components/newlib/platform_include/stdio.h:10:2: warning: #include_next is a GCC extension
   10 | #include_next <stdio.h>
      |  ^~~~~~~~~~~~
In file included from /root/maturo_project/leap_low_v1/managed_components/micro_ros_espidf_component/micro_ros_src/build/geometry_msgs/rosidl_typesupport_microxrcedds_c/geometry_msgs/msg/detail/microxrcedds/transform_stamped__type_support_c.c:8:
/root/esp/esp-idf/components/newlib/platform_include/stdio.h:10:2: warning: #include_next is a GCC extension
   10 | #include_next <stdio.h>
      |  ^~~~~~~~~~~~
In file included from /root/maturo_project/leap_low_v1/managed_components/micro_ros_espidf_component/micro_ros_src/build/geometry_msgs/rosidl_typesupport_microxrcedds_c/geometry_msgs/msg/detail/microxrcedds/quaternion__type_support_c.c:8:
/root/esp/esp-idf/components/newlib/platform_include/stdio.h:10:2: warning: #include_next is a GCC extension
   10 | #include_next <stdio.h>
      |  ^~~~~~~~~~~~
In file included from /root/maturo_project/leap_low_v1/managed_components/micro_ros_espidf_component/micro_ros_src/build/geometry_msgs/rosidl_typesupport_microxrcedds_c/geometry_msgs/msg/detail/microxrcedds/transform__type_support_c.c:8:
/root/esp/esp-idf/components/newlib/platform_include/stdio.h:10:2: warning: #include_next is a GCC extension
   10 | #include_next <stdio.h>
      |  ^~~~~~~~~~~~
In file included from /root/maturo_project/leap_low_v1/managed_components/micro_ros_espidf_component/micro_ros_src/build/geometry_msgs/rosidl_typesupport_microxrcedds_c/geometry_msgs/msg/detail/microxrcedds/vector3__type_support_c.c:8:
/root/esp/esp-idf/components/newlib/platform_include/stdio.h:10:2: warning: #include_next is a GCC extension
   10 | #include_next <stdio.h>
      |  ^~~~~~~~~~~~
In file included from /root/maturo_project/leap_low_v1/managed_components/micro_ros_espidf_component/micro_ros_src/build/geometry_msgs/rosidl_typesupport_microxrcedds_c/geometry_msgs/msg/detail/microxrcedds/twist__type_support_c.c:8:
/root/esp/esp-idf/components/newlib/platform_include/stdio.h:10:2: warning: #include_next is a GCC extension
   10 | #include_next <stdio.h>
      |  ^~~~~~~~~~~~
In file included from /root/maturo_project/leap_low_v1/managed_components/micro_ros_espidf_component/micro_ros_src/build/geometry_msgs/rosidl_typesupport_microxrcedds_c/geometry_msgs/msg/detail/microxrcedds/quaternion_stamped__type_support_c.c:8:
/root/esp/esp-idf/components/newlib/platform_include/stdio.h:10:2: warning: #include_next is a GCC extension
   10 | #include_next <stdio.h>
      |  ^~~~~~~~~~~~
In file included from /root/maturo_project/leap_low_v1/managed_components/micro_ros_espidf_component/micro_ros_src/build/geometry_msgs/rosidl_typesupport_microxrcedds_c/geometry_msgs/msg/detail/microxrcedds/twist_stamped__type_support_c.c:8:
/root/esp/esp-idf/components/newlib/platform_include/stdio.h:10:2: warning: #include_next is a GCC extension
   10 | #include_next <stdio.h>
      |  ^~~~~~~~~~~~
In file included from /root/maturo_project/leap_low_v1/managed_components/micro_ros_espidf_component/micro_ros_src/build/geometry_msgs/rosidl_typesupport_microxrcedds_c/geometry_msgs/msg/detail/microxrcedds/pose_with_covariance__type_support_c.c:8:
/root/esp/esp-idf/components/newlib/platform_include/stdio.h:10:2: warning: #include_next is a GCC extension
   10 | #include_next <stdio.h>
      |  ^~~~~~~~~~~~
In file included from /root/maturo_project/leap_low_v1/managed_components/micro_ros_espidf_component/micro_ros_src/build/geometry_msgs/rosidl_typesupport_microxrcedds_c/geometry_msgs/msg/detail/microxrcedds/vector3_stamped__type_support_c.c:8:
/root/esp/esp-idf/components/newlib/platform_include/stdio.h:10:2: warning: #include_next is a GCC extension
   10 | #include_next <stdio.h>
      |  ^~~~~~~~~~~~
In file included from /root/maturo_project/leap_low_v1/managed_components/micro_ros_espidf_component/micro_ros_src/build/geometry_msgs/rosidl_typesupport_microxrcedds_c/geometry_msgs/msg/detail/microxrcedds/velocity_stamped__type_support_c.c:8:
/root/esp/esp-idf/components/newlib/platform_include/stdio.h:10:2: warning: #include_next is a GCC extension
   10 | #include_next <stdio.h>
      |  ^~~~~~~~~~~~
In file included from /root/maturo_project/leap_low_v1/managed_components/micro_ros_espidf_component/micro_ros_src/build/geometry_msgs/rosidl_typesupport_microxrcedds_c/geometry_msgs/msg/detail/microxrcedds/twist_with_covariance_stamped__type_support_c.c:8:
/root/esp/esp-idf/components/newlib/platform_include/stdio.h:10:2: warning: #include_next is a GCC extension
   10 | #include_next <stdio.h>
      |  ^~~~~~~~~~~~
In file included from /root/maturo_project/leap_low_v1/managed_components/micro_ros_espidf_component/micro_ros_src/build/geometry_msgs/rosidl_typesupport_microxrcedds_c/geometry_msgs/msg/detail/microxrcedds/velocity_with_covariance_stamped__type_support_c.c:8:
/root/esp/esp-idf/components/newlib/platform_include/stdio.h:10:2: warning: #include_next is a GCC extension
   10 | #include_next <stdio.h>
      |  ^~~~~~~~~~~~
In file included from /root/maturo_project/leap_low_v1/managed_components/micro_ros_espidf_component/micro_ros_src/build/geometry_msgs/rosidl_typesupport_microxrcedds_c/geometry_msgs/msg/detail/microxrcedds/twist_with_covariance__type_support_c.c:8:
/root/esp/esp-idf/components/newlib/platform_include/stdio.h:10:2: warning: #include_next is a GCC extension
   10 | #include_next <stdio.h>
      |  ^~~~~~~~~~~~
In file included from /root/maturo_project/leap_low_v1/managed_components/micro_ros_espidf_component/micro_ros_src/build/geometry_msgs/rosidl_typesupport_microxrcedds_c/geometry_msgs/msg/detail/microxrcedds/wrench__type_support_c.c:8:
/root/esp/esp-idf/components/newlib/platform_include/stdio.h:10:2: warning: #include_next is a GCC extension
   10 | #include_next <stdio.h>
      |  ^~~~~~~~~~~~
In file included from /root/maturo_project/leap_low_v1/managed_components/micro_ros_espidf_component/micro_ros_src/build/geometry_msgs/rosidl_typesupport_microxrcedds_c/geometry_msgs/msg/detail/microxrcedds/wrench_stamped__type_support_c.c:8:
/root/esp/esp-idf/components/newlib/platform_include/stdio.h:10:2: warning: #include_next is a GCC extension
   10 | #include_next <stdio.h>
      |  ^~~~~~~~~~~~
