Not searching for unused variables given on the command line.
-- The C compiler identification is GNU 14.2.0
-- The CXX compiler identification is GNU 14.2.0
-- Detecting C compiler ABI info
-- Detecting C compiler ABI info - done
-- Check for working C compiler: /root/.espressif/tools/xtensa-esp-elf/esp-14.2.0_20251107/xtensa-esp-elf/bin/xtensa-esp32s3-elf-gcc - skipped
-- Detecting C compile features
-- Detecting C compile features - done
-- Detecting CXX compiler ABI info
-- Detecting CXX compiler ABI info - done
-- Check for working CXX compiler: /root/.espressif/tools/xtensa-esp-elf/esp-14.2.0_20251107/xtensa-esp-elf/bin/xtensa-esp32s3-elf-g++ - skipped
-- Detecting CXX compile features
-- Detecting CXX compile features - done
-- Found ament_cmake: 1.3.14 (/root/maturo_project/leap_low_v1/managed_components/micro_ros_espidf_component/micro_ros_dev/install/ament_cmake/share/ament_cmake/cmake)
-- Found Python3: /root/.espressif/python_env/idf5.5_py3.13_env/bin/python3 (found version "3.13.5") found components: Interpreter
-- Found builtin_interfaces: 1.2.3 (/root/maturo_project/leap_low_v1/managed_components/micro_ros_espidf_component/micro_ros_src/install/share/builtin_interfaces/cmake)
-- Using all available rosidl_typesupport_c: rosidl_typesupport_introspection_c;rosidl_typesupport_microxrcedds_c
-- Found rosidl_adapter: 3.1.9 (/root/maturo_project/leap_low_v1/managed_components/micro_ros_espidf_component/micro_ros_src/install/share/rosidl_adapter/cmake)
-- Found rosidl_default_generators: 1.2.1 (/root/maturo_project/leap_low_v1/managed_components/micro_ros_espidf_component/micro_ros_src/install/share/rosidl_default_generators/cmake)
-- Found unique_identifier_msgs: 2.2.1 (/root/maturo_project/leap_low_v1/managed_components/micro_ros_espidf_component/micro_ros_src/install/share/unique_identifier_msgs/cmake)
-- Found ament_cmake_ros: 0.10.0 (/root/maturo_project/leap_low_v1/managed_components/micro_ros_espidf_component/micro_ros_dev/install/ament_cmake_ros/share/ament_cmake_ros/cmake)
-- Using all available rosidl_typesupport_c: rosidl_typesupport_introspection_c;rosidl_typesupport_microxrcedds_c
-- Configuring done (3.1s)
-- Generating done (0.1s)
-- Build files have been written to: /root/maturo_project/leap_low_v1/managed_components/micro_ros_espidf_component/micro_ros_src/build/action_msgs
gmake[1]: Entering directory '/root/maturo_project/leap_low_v1/managed_components/micro_ros_espidf_component/micro_ros_src/build/action_msgs'
[  4%] Generating C code for ROS interfaces
[  8%] Building C object CMakeFiles/action_msgs__rosidl_generator_c.dir/rosidl_generator_c/action_msgs/msg/detail/goal_info__functions.c.obj
[ 12%] Building C object CMakeFiles/action_msgs__rosidl_generator_c.dir/rosidl_generator_c/action_msgs/msg/detail/goal_status__functions.c.obj
[ 16%] Building C object CMakeFiles/action_msgs__rosidl_generator_c.dir/rosidl_generator_c/action_msgs/msg/detail/goal_status_array__functions.c.obj
[ 20%] Building C object CMakeFiles/action_msgs__rosidl_generator_c.dir/rosidl_generator_c/action_msgs/srv/detail/cancel_goal__functions.c.obj
[ 25%] Linking C static library libaction_msgs__rosidl_generator_c.a
[ 25%] Built target action_msgs__rosidl_generator_c
[ 29%] Generating C type support for eProsima Micro XRCE-DDS
[ 33%] Generating C type support dispatch for ROS interfaces
[ 37%] Generating C introspection for ROS interfaces
[ 41%] Building C object CMakeFiles/action_msgs__rosidl_typesupport_microxrcedds_c.dir/rosidl_typesupport_microxrcedds_c/action_msgs/msg/detail/microxrcedds/goal_status_array__type_support_c.c.obj
[ 45%] Building C object CMakeFiles/action_msgs__rosidl_typesupport_microxrcedds_c.dir/rosidl_typesupport_microxrcedds_c/action_msgs/msg/detail/microxrcedds/goal_status__type_support_c.c.obj
[ 54%] Building C object CMakeFiles/action_msgs__rosidl_typesupport_microxrcedds_c.dir/rosidl_typesupport_microxrcedds_c/action_msgs/msg/detail/microxrcedds/goal_info__type_support_c.c.obj
[ 54%] Building C object CMakeFiles/action_msgs__rosidl_typesupport_microxrcedds_c.dir/rosidl_typesupport_microxrcedds_c/action_msgs/srv/detail/microxrcedds/cancel_goal__type_support_c.c.obj
[ 58%] Building CXX object CMakeFiles/action_msgs__rosidl_typesupport_c.dir/rosidl_typesupport_c/action_msgs/msg/goal_status_array__type_support.cpp.obj
[ 62%] Building CXX object CMakeFiles/action_msgs__rosidl_typesupport_c.dir/rosidl_typesupport_c/action_msgs/msg/goal_info__type_support.cpp.obj
[ 66%] Building CXX object CMakeFiles/action_msgs__rosidl_typesupport_c.dir/rosidl_typesupport_c/action_msgs/msg/goal_status__type_support.cpp.obj
[ 70%] Building CXX object CMakeFiles/action_msgs__rosidl_typesupport_c.dir/rosidl_typesupport_c/action_msgs/srv/cancel_goal__type_support.cpp.obj
[ 75%] Linking CXX static library libaction_msgs__rosidl_typesupport_c.a
[ 79%] Linking CXX static library libaction_msgs__rosidl_typesupport_microxrcedds_c.a
[ 79%] Built target action_msgs__rosidl_typesupport_c
[ 79%] Built target action_msgs__rosidl_typesupport_microxrcedds_c
[ 83%] Building C object CMakeFiles/action_msgs__rosidl_typesupport_introspection_c.dir/rosidl_typesupport_introspection_c/action_msgs/msg/detail/goal_info__type_support.c.obj
[ 87%] Building C object CMakeFiles/action_msgs__rosidl_typesupport_introspection_c.dir/rosidl_typesupport_introspection_c/action_msgs/msg/detail/goal_status__type_support.c.obj
[ 91%] Building C object CMakeFiles/action_msgs__rosidl_typesupport_introspection_c.dir/rosidl_typesupport_introspection_c/action_msgs/msg/detail/goal_status_array__type_support.c.obj
[ 95%] Building C object CMakeFiles/action_msgs__rosidl_typesupport_introspection_c.dir/rosidl_typesupport_introspection_c/action_msgs/srv/detail/cancel_goal__type_support.c.obj
[100%] Linking C static library libaction_msgs__rosidl_typesupport_introspection_c.a
[100%] Built target action_msgs__rosidl_typesupport_introspection_c
[100%] Built target action_msgs
gmake[1]: Leaving directory '/root/maturo_project/leap_low_v1/managed_components/micro_ros_espidf_component/micro_ros_src/build/action_msgs'
-- Install configuration: "Release"
-- Installing: /root/maturo_project/leap_low_v1/managed_components/micro_ros_espidf_component/micro_ros_src/install/share/ament_index/resource_index/rosidl_interfaces/action_msgs
-- Installing: /root/maturo_project/leap_low_v1/managed_components/micro_ros_espidf_component/micro_ros_src/install/include/action_msgs/action_msgs
-- Installing: /root/maturo_project/leap_low_v1/managed_components/micro_ros_espidf_component/micro_ros_src/install/include/action_msgs/action_msgs/srv
-- Installing: /root/maturo_project/leap_low_v1/managed_components/micro_ros_espidf_component/micro_ros_src/install/include/action_msgs/action_msgs/srv/detail
-- Installing: /root/maturo_project/leap_low_v1/managed_components/micro_ros_espidf_component/micro_ros_src/install/include/action_msgs/action_msgs/srv/detail/cancel_goal__functions.c
-- Installing: /root/maturo_project/leap_low_v1/managed_components/micro_ros_espidf_component/micro_ros_src/install/include/action_msgs/action_msgs/srv/detail/cancel_goal__functions.h
-- Installing: /root/maturo_project/leap_low_v1/managed_components/micro_ros_espidf_component/micro_ros_src/install/include/action_msgs/action_msgs/srv/detail/cancel_goal__type_support.h
-- Installing: /root/maturo_project/leap_low_v1/managed_components/micro_ros_espidf_component/micro_ros_src/install/include/action_msgs/action_msgs/srv/detail/cancel_goal__struct.h
-- Installing: /root/maturo_project/leap_low_v1/managed_components/micro_ros_espidf_component/micro_ros_src/install/include/action_msgs/action_msgs/srv/cancel_goal.h
-- Installing: /root/maturo_project/leap_low_v1/managed_components/micro_ros_espidf_component/micro_ros_src/install/include/action_msgs/action_msgs/msg
-- Installing: /root/maturo_project/leap_low_v1/managed_components/micro_ros_espidf_component/micro_ros_src/install/include/action_msgs/action_msgs/msg/rosidl_generator_c__visibility_control.h
-- Installing: /root/maturo_project/leap_low_v1/managed_components/micro_ros_espidf_component/micro_ros_src/install/include/action_msgs/action_msgs/msg/detail
-- Installing: /root/maturo_project/leap_low_v1/managed_components/micro_ros_espidf_component/micro_ros_src/install/include/action_msgs/action_msgs/msg/detail/goal_status__functions.c
-- Installing: /root/maturo_project/leap_low_v1/managed_components/micro_ros_espidf_component/micro_ros_src/install/include/action_msgs/action_msgs/msg/detail/goal_info__functions.c
-- Installing: /root/maturo_project/leap_low_v1/managed_components/micro_ros_espidf_component/micro_ros_src/install/include/action_msgs/action_msgs/msg/detail/goal_status_array__functions.c
-- Installing: /root/maturo_project/leap_low_v1/managed_components/micro_ros_espidf_component/micro_ros_src/install/include/action_msgs/action_msgs/msg/detail/goal_info__functions.h
-- Installing: /root/maturo_project/leap_low_v1/managed_components/micro_ros_espidf_component/micro_ros_src/install/include/action_msgs/action_msgs/msg/detail/goal_status_array__type_support.h
-- Installing: /root/maturo_project/leap_low_v1/managed_components/micro_ros_espidf_component/micro_ros_src/install/include/action_msgs/action_msgs/msg/detail/goal_status_array__struct.h
-- Installing: /root/maturo_project/leap_low_v1/managed_components/micro_ros_espidf_component/micro_ros_src/install/include/action_msgs/action_msgs/msg/detail/goal_status__type_support.h
-- Installing: /root/maturo_project/leap_low_v1/managed_components/micro_ros_espidf_component/micro_ros_src/install/include/action_msgs/action_msgs/msg/detail/goal_status_array__functions.h
-- Installing: /root/maturo_project/leap_low_v1/managed_components/micro_ros_espidf_component/micro_ros_src/install/include/action_msgs/action_msgs/msg/detail/goal_status__functions.h
-- Installing: /root/maturo_project/leap_low_v1/managed_components/micro_ros_espidf_component/micro_ros_src/install/include/action_msgs/action_msgs/msg/detail/goal_status__struct.h
-- Installing: /root/maturo_project/leap_low_v1/managed_components/micro_ros_espidf_component/micro_ros_src/install/include/action_msgs/action_msgs/msg/detail/goal_info__type_support.h
-- Installing: /root/maturo_project/leap_low_v1/managed_components/micro_ros_espidf_component/micro_ros_src/install/include/action_msgs/action_msgs/msg/detail/goal_info__struct.h
-- Installing: /root/maturo_project/leap_low_v1/managed_components/micro_ros_espidf_component/micro_ros_src/install/include/action_msgs/action_msgs/msg/goal_status.h
-- Installing: /root/maturo_project/leap_low_v1/managed_components/micro_ros_espidf_component/micro_ros_src/install/include/action_msgs/action_msgs/msg/goal_info.h
-- Installing: /root/maturo_project/leap_low_v1/managed_components/micro_ros_espidf_component/micro_ros_src/install/include/action_msgs/action_msgs/msg/goal_status_array.h
-- Installing: /root/maturo_project/leap_low_v1/managed_components/micro_ros_espidf_component/micro_ros_src/install/share/action_msgs/environment/library_path.sh
-- Installing: /root/maturo_project/leap_low_v1/managed_components/micro_ros_espidf_component/micro_ros_src/install/share/action_msgs/environment/library_path.dsv
-- Installing: /root/maturo_project/leap_low_v1/managed_components/micro_ros_espidf_component/micro_ros_src/install/lib/libaction_msgs__rosidl_generator_c.a
-- Up-to-date: /root/maturo_project/leap_low_v1/managed_components/micro_ros_espidf_component/micro_ros_src/install/include/action_msgs/action_msgs
-- Up-to-date: /root/maturo_project/leap_low_v1/managed_components/micro_ros_espidf_component/micro_ros_src/install/include/action_msgs/action_msgs/srv
-- Up-to-date: /root/maturo_project/leap_low_v1/managed_components/micro_ros_espidf_component/micro_ros_src/install/include/action_msgs/action_msgs/srv/detail
-- Installing: /root/maturo_project/leap_low_v1/managed_components/micro_ros_espidf_component/micro_ros_src/install/include/action_msgs/action_msgs/srv/detail/cancel_goal__type_support.c
-- Installing: /root/maturo_project/leap_low_v1/managed_components/micro_ros_espidf_component/micro_ros_src/install/include/action_msgs/action_msgs/srv/detail/cancel_goal__rosidl_typesupport_introspection_c.h
-- Up-to-date: /root/maturo_project/leap_low_v1/managed_components/micro_ros_espidf_component/micro_ros_src/install/include/action_msgs/action_msgs/msg
-- Installing: /root/maturo_project/leap_low_v1/managed_components/micro_ros_espidf_component/micro_ros_src/install/include/action_msgs/action_msgs/msg/rosidl_typesupport_introspection_c__visibility_control.h
-- Up-to-date: /root/maturo_project/leap_low_v1/managed_components/micro_ros_espidf_component/micro_ros_src/install/include/action_msgs/action_msgs/msg/detail
-- Installing: /root/maturo_project/leap_low_v1/managed_components/micro_ros_espidf_component/micro_ros_src/install/include/action_msgs/action_msgs/msg/detail/goal_status_array__rosidl_typesupport_introspection_c.h
-- Installing: /root/maturo_project/leap_low_v1/managed_components/micro_ros_espidf_component/micro_ros_src/install/include/action_msgs/action_msgs/msg/detail/goal_status__type_support.c
-- Installing: /root/maturo_project/leap_low_v1/managed_components/micro_ros_espidf_component/micro_ros_src/install/include/action_msgs/action_msgs/msg/detail/goal_status__rosidl_typesupport_introspection_c.h
-- Installing: /root/maturo_project/leap_low_v1/managed_components/micro_ros_espidf_component/micro_ros_src/install/include/action_msgs/action_msgs/msg/detail/goal_info__type_support.c
-- Installing: /root/maturo_project/leap_low_v1/managed_components/micro_ros_espidf_component/micro_ros_src/install/include/action_msgs/action_msgs/msg/detail/goal_status_array__type_support.c
-- Installing: /root/maturo_project/leap_low_v1/managed_components/micro_ros_espidf_component/micro_ros_src/install/include/action_msgs/action_msgs/msg/detail/goal_info__rosidl_typesupport_introspection_c.h
-- Installing: /root/maturo_project/leap_low_v1/managed_components/micro_ros_espidf_component/micro_ros_src/install/lib/libaction_msgs__rosidl_typesupport_introspection_c.a
-- Up-to-date: /root/maturo_project/leap_low_v1/managed_components/micro_ros_espidf_component/micro_ros_src/install/include/action_msgs/action_msgs
-- Up-to-date: /root/maturo_project/leap_low_v1/managed_components/micro_ros_espidf_component/micro_ros_src/install/include/action_msgs/action_msgs/srv
-- Up-to-date: /root/maturo_project/leap_low_v1/managed_components/micro_ros_espidf_component/micro_ros_src/install/include/action_msgs/action_msgs/srv/detail
-- Installing: /root/maturo_project/leap_low_v1/managed_components/micro_ros_espidf_component/micro_ros_src/install/include/action_msgs/action_msgs/srv/detail/microxrcedds
-- Installing: /root/maturo_project/leap_low_v1/managed_components/micro_ros_espidf_component/micro_ros_src/install/include/action_msgs/action_msgs/srv/detail/cancel_goal__rosidl_typesupport_microxrcedds_c.h
-- Up-to-date: /root/maturo_project/leap_low_v1/managed_components/micro_ros_espidf_component/micro_ros_src/install/include/action_msgs/action_msgs/msg
-- Installing: /root/maturo_project/leap_low_v1/managed_components/micro_ros_espidf_component/micro_ros_src/install/include/action_msgs/action_msgs/msg/rosidl_typesupport_microxrcedds_c__visibility_control.h
-- Up-to-date: /root/maturo_project/leap_low_v1/managed_components/micro_ros_espidf_component/micro_ros_src/install/include/action_msgs/action_msgs/msg/detail
-- Installing: /root/maturo_project/leap_low_v1/managed_components/micro_ros_espidf_component/micro_ros_src/install/include/action_msgs/action_msgs/msg/detail/microxrcedds
-- Installing: /root/maturo_project/leap_low_v1/managed_components/micro_ros_espidf_component/micro_ros_src/install/include/action_msgs/action_msgs/msg/detail/goal_info__rosidl_typesupport_microxrcedds_c.h
-- Installing: /root/maturo_project/leap_low_v1/managed_components/micro_ros_espidf_component/micro_ros_src/install/include/action_msgs/action_msgs/msg/detail/goal_status__rosidl_typesupport_microxrcedds_c.h
-- Installing: /root/maturo_project/leap_low_v1/managed_components/micro_ros_espidf_component/micro_ros_src/install/include/action_msgs/action_msgs/msg/detail/goal_status_array__rosidl_typesupport_microxrcedds_c.h
-- Installing: /root/maturo_project/leap_low_v1/managed_components/micro_ros_espidf_component/micro_ros_src/install/lib/libaction_msgs__rosidl_typesupport_microxrcedds_c.a
-- Installing: /root/maturo_project/leap_low_v1/managed_components/micro_ros_espidf_component/micro_ros_src/install/lib/libaction_msgs__rosidl_typesupport_c.a
-- Installing: /root/maturo_project/leap_low_v1/managed_components/micro_ros_espidf_component/micro_ros_src/install/share/action_msgs/msg/GoalInfo.idl
-- Installing: /root/maturo_project/leap_low_v1/managed_components/micro_ros_espidf_component/micro_ros_src/install/share/action_msgs/msg/GoalStatus.idl
-- Installing: /root/maturo_project/leap_low_v1/managed_components/micro_ros_espidf_component/micro_ros_src/install/share/action_msgs/msg/GoalStatusArray.idl
-- Installing: /root/maturo_project/leap_low_v1/managed_components/micro_ros_espidf_component/micro_ros_src/install/share/action_msgs/srv/CancelGoal.idl
-- Installing: /root/maturo_project/leap_low_v1/managed_components/micro_ros_espidf_component/micro_ros_src/install/share/action_msgs/msg/GoalInfo.msg
-- Installing: /root/maturo_project/leap_low_v1/managed_components/micro_ros_espidf_component/micro_ros_src/install/share/action_msgs/msg/GoalStatus.msg
-- Installing: /root/maturo_project/leap_low_v1/managed_components/micro_ros_espidf_component/micro_ros_src/install/share/action_msgs/msg/GoalStatusArray.msg
-- Installing: /root/maturo_project/leap_low_v1/managed_components/micro_ros_espidf_component/micro_ros_src/install/share/action_msgs/srv/CancelGoal.srv
-- Installing: /root/maturo_project/leap_low_v1/managed_components/micro_ros_espidf_component/micro_ros_src/install/share/action_msgs/srv/CancelGoal_Request.msg
-- Installing: /root/maturo_project/leap_low_v1/managed_components/micro_ros_espidf_component/micro_ros_src/install/share/action_msgs/srv/CancelGoal_Response.msg
-- Installing: /root/maturo_project/leap_low_v1/managed_components/micro_ros_espidf_component/micro_ros_src/install/share/ament_index/resource_index/package_run_dependencies/action_msgs
-- Installing: /root/maturo_project/leap_low_v1/managed_components/micro_ros_espidf_component/micro_ros_src/install/share/ament_index/resource_index/parent_prefix_path/action_msgs
-- Installing: /root/maturo_project/leap_low_v1/managed_components/micro_ros_espidf_component/micro_ros_src/install/share/action_msgs/environment/ament_prefix_path.sh
-- Installing: /root/maturo_project/leap_low_v1/managed_components/micro_ros_espidf_component/micro_ros_src/install/share/action_msgs/environment/ament_prefix_path.dsv
-- Installing: /root/maturo_project/leap_low_v1/managed_components/micro_ros_espidf_component/micro_ros_src/install/share/action_msgs/environment/path.sh
-- Installing: /root/maturo_project/leap_low_v1/managed_components/micro_ros_espidf_component/micro_ros_src/install/share/action_msgs/environment/path.dsv
-- Installing: /root/maturo_project/leap_low_v1/managed_components/micro_ros_espidf_component/micro_ros_src/install/share/action_msgs/local_setup.bash
-- Installing: /root/maturo_project/leap_low_v1/managed_components/micro_ros_espidf_component/micro_ros_src/install/share/action_msgs/local_setup.sh
-- Installing: /root/maturo_project/leap_low_v1/managed_components/micro_ros_espidf_component/micro_ros_src/install/share/action_msgs/local_setup.zsh
-- Installing: /root/maturo_project/leap_low_v1/managed_components/micro_ros_espidf_component/micro_ros_src/install/share/action_msgs/local_setup.dsv
-- Installing: /root/maturo_project/leap_low_v1/managed_components/micro_ros_espidf_component/micro_ros_src/install/share/action_msgs/package.dsv
-- Installing: /root/maturo_project/leap_low_v1/managed_components/micro_ros_espidf_component/micro_ros_src/install/share/ament_index/resource_index/packages/action_msgs
-- Installing: /root/maturo_project/leap_low_v1/managed_components/micro_ros_espidf_component/micro_ros_src/install/share/action_msgs/cmake/export_action_msgs__rosidl_generator_cExport.cmake
-- Installing: /root/maturo_project/leap_low_v1/managed_components/micro_ros_espidf_component/micro_ros_src/install/share/action_msgs/cmake/export_action_msgs__rosidl_generator_cExport-release.cmake
-- Installing: /root/maturo_project/leap_low_v1/managed_components/micro_ros_espidf_component/micro_ros_src/install/share/action_msgs/cmake/action_msgs__rosidl_typesupport_introspection_cExport.cmake
-- Installing: /root/maturo_project/leap_low_v1/managed_components/micro_ros_espidf_component/micro_ros_src/install/share/action_msgs/cmake/action_msgs__rosidl_typesupport_introspection_cExport-release.cmake
-- Installing: /root/maturo_project/leap_low_v1/managed_components/micro_ros_espidf_component/micro_ros_src/install/share/action_msgs/cmake/action_msgs__rosidl_typesupport_cExport.cmake
-- Installing: /root/maturo_project/leap_low_v1/managed_components/micro_ros_espidf_component/micro_ros_src/install/share/action_msgs/cmake/action_msgs__rosidl_typesupport_cExport-release.cmake
-- Installing: /root/maturo_project/leap_low_v1/managed_components/micro_ros_espidf_component/micro_ros_src/install/share/action_msgs/cmake/rosidl_cmake-extras.cmake
-- Installing: /root/maturo_project/leap_low_v1/managed_components/micro_ros_espidf_component/micro_ros_src/install/share/action_msgs/cmake/ament_cmake_export_dependencies-extras.cmake
-- Installing: /root/maturo_project/leap_low_v1/managed_components/micro_ros_espidf_component/micro_ros_src/install/share/action_msgs/cmake/ament_cmake_export_include_directories-extras.cmake
-- Installing: /root/maturo_project/leap_low_v1/managed_components/micro_ros_espidf_component/micro_ros_src/install/share/action_msgs/cmake/ament_cmake_export_libraries-extras.cmake
-- Installing: /root/maturo_project/leap_low_v1/managed_components/micro_ros_espidf_component/micro_ros_src/install/share/action_msgs/cmake/ament_cmake_export_targets-extras.cmake
-- Installing: /root/maturo_project/leap_low_v1/managed_components/micro_ros_espidf_component/micro_ros_src/install/share/action_msgs/cmake/rosidl_cmake_export_typesupport_targets-extras.cmake
-- Installing: /root/maturo_project/leap_low_v1/managed_components/micro_ros_espidf_component/micro_ros_src/install/share/action_msgs/cmake/rosidl_cmake_export_typesupport_libraries-extras.cmake
-- Installing: /root/maturo_project/leap_low_v1/managed_components/micro_ros_espidf_component/micro_ros_src/install/share/action_msgs/cmake/rosidl_cmake_aggregate_target-extras.cmake
-- Installing: /root/maturo_project/leap_low_v1/managed_components/micro_ros_espidf_component/micro_ros_src/install/share/action_msgs/cmake/action_msgsConfig.cmake
-- Installing: /root/maturo_project/leap_low_v1/managed_components/micro_ros_espidf_component/micro_ros_src/install/share/action_msgs/cmake/action_msgsConfig-version.cmake
-- Installing: /root/maturo_project/leap_low_v1/managed_components/micro_ros_espidf_component/micro_ros_src/install/share/action_msgs/package.xml
