/root/maturo_project/leap_low_v1/managed_components/micro_ros_espidf_component/micro_ros_src/install/lib/python3.13/site-packages/rosidl_cli/cli.py
/root/maturo_project/leap_low_v1/managed_components/micro_ros_espidf_component/micro_ros_src/install/lib/python3.13/site-packages/rosidl_cli/common.py
/root/maturo_project/leap_low_v1/managed_components/micro_ros_espidf_component/micro_ros_src/install/lib/python3.13/site-packages/rosidl_cli/__init__.py
/root/maturo_project/leap_low_v1/managed_components/micro_ros_espidf_component/micro_ros_src/install/lib/python3.13/site-packages/rosidl_cli/extensions.py
/root/maturo_project/leap_low_v1/managed_components/micro_ros_espidf_component/micro_ros_src/install/lib/python3.13/site-packages/rosidl_cli/entry_points.py
/root/maturo_project/leap_low_v1/managed_components/micro_ros_espidf_component/micro_ros_src/install/lib/python3.13/site-packages/rosidl_cli/command/__init__.py
/root/maturo_project/leap_low_v1/managed_components/micro_ros_espidf_component/micro_ros_src/install/lib/python3.13/site-packages/rosidl_cli/command/helpers.py
/root/maturo_project/leap_low_v1/managed_components/micro_ros_espidf_component/micro_ros_src/install/lib/python3.13/site-packages/rosidl_cli/command/translate/api.py
/root/maturo_project/leap_low_v1/managed_components/micro_ros_espidf_component/micro_ros_src/install/lib/python3.13/site-packages/rosidl_cli/command/translate/__init__.py
/root/maturo_project/leap_low_v1/managed_components/micro_ros_espidf_component/micro_ros_src/install/lib/python3.13/site-packages/rosidl_cli/command/translate/extensions.py
/root/maturo_project/leap_low_v1/managed_components/micro_ros_espidf_component/micro_ros_src/install/lib/python3.13/site-packages/rosidl_cli/command/generate/api.py
/root/maturo_project/leap_low_v1/managed_components/micro_ros_espidf_component/micro_ros_src/install/lib/python3.13/site-packages/rosidl_cli/command/generate/__init__.py
/root/maturo_project/leap_low_v1/managed_components/micro_ros_espidf_component/micro_ros_src/install/lib/python3.13/site-packages/rosidl_cli/command/generate/extensions.py
/root/maturo_project/leap_low_v1/managed_components/micro_ros_espidf_component/micro_ros_src/install/lib/python3.13/site-packages/rosidl_cli/__pycache__/cli.cpython-313.pyc
/root/maturo_project/leap_low_v1/managed_components/micro_ros_espidf_component/micro_ros_src/install/lib/python3.13/site-packages/rosidl_cli/__pycache__/common.cpython-313.pyc
/root/maturo_project/leap_low_v1/managed_components/micro_ros_espidf_component/micro_ros_src/install/lib/python3.13/site-packages/rosidl_cli/__pycache__/__init__.cpython-313.pyc
/root/maturo_project/leap_low_v1/managed_components/micro_ros_espidf_component/micro_ros_src/install/lib/python3.13/site-packages/rosidl_cli/__pycache__/extensions.cpython-313.pyc
/root/maturo_project/leap_low_v1/managed_components/micro_ros_espidf_component/micro_ros_src/install/lib/python3.13/site-packages/rosidl_cli/__pycache__/entry_points.cpython-313.pyc
/root/maturo_project/leap_low_v1/managed_components/micro_ros_espidf_component/micro_ros_src/install/lib/python3.13/site-packages/rosidl_cli/command/__pycache__/__init__.cpython-313.pyc
/root/maturo_project/leap_low_v1/managed_components/micro_ros_espidf_component/micro_ros_src/install/lib/python3.13/site-packages/rosidl_cli/command/__pycache__/helpers.cpython-313.pyc
/root/maturo_project/leap_low_v1/managed_components/micro_ros_espidf_component/micro_ros_src/install/lib/python3.13/site-packages/rosidl_cli/command/translate/__pycache__/api.cpython-313.pyc
/root/maturo_project/leap_low_v1/managed_components/micro_ros_espidf_component/micro_ros_src/install/lib/python3.13/site-packages/rosidl_cli/command/translate/__pycache__/__init__.cpython-313.pyc
/root/maturo_project/leap_low_v1/managed_components/micro_ros_espidf_component/micro_ros_src/install/lib/python3.13/site-packages/rosidl_cli/command/translate/__pycache__/extensions.cpython-313.pyc
/root/maturo_project/leap_low_v1/managed_components/micro_ros_espidf_component/micro_ros_src/install/lib/python3.13/site-packages/rosidl_cli/command/generate/__pycache__/api.cpython-313.pyc
/root/maturo_project/leap_low_v1/managed_components/micro_ros_espidf_component/micro_ros_src/install/lib/python3.13/site-packages/rosidl_cli/command/generate/__pycache__/__init__.cpython-313.pyc
/root/maturo_project/leap_low_v1/managed_components/micro_ros_espidf_component/micro_ros_src/install/lib/python3.13/site-packages/rosidl_cli/command/generate/__pycache__/extensions.cpython-313.pyc
/root/maturo_project/leap_low_v1/managed_components/micro_ros_espidf_component/micro_ros_src/install/share/ament_index/resource_index/packages/rosidl_cli
/root/maturo_project/leap_low_v1/managed_components/micro_ros_espidf_component/micro_ros_src/install/share/rosidl_cli/package.xml
/root/maturo_project/leap_low_v1/managed_components/micro_ros_espidf_component/micro_ros_src/install/share/rosidl_cli/package.dsv
/root/maturo_project/leap_low_v1/managed_components/micro_ros_espidf_component/micro_ros_src/install/share/rosidl_cli/environment/rosidl-argcomplete.bash
/root/maturo_project/leap_low_v1/managed_components/micro_ros_espidf_component/micro_ros_src/install/share/rosidl_cli/environment/rosidl-argcomplete.zsh
/root/maturo_project/leap_low_v1/managed_components/micro_ros_espidf_component/micro_ros_src/install/lib/python3.13/site-packages/rosidl_cli-3.1.9-py3.13.egg-info/requires.txt
/root/maturo_project/leap_low_v1/managed_components/micro_ros_espidf_component/micro_ros_src/install/lib/python3.13/site-packages/rosidl_cli-3.1.9-py3.13.egg-info/not-zip-safe
/root/maturo_project/leap_low_v1/managed_components/micro_ros_espidf_component/micro_ros_src/install/lib/python3.13/site-packages/rosidl_cli-3.1.9-py3.13.egg-info/PKG-INFO
/root/maturo_project/leap_low_v1/managed_components/micro_ros_espidf_component/micro_ros_src/install/lib/python3.13/site-packages/rosidl_cli-3.1.9-py3.13.egg-info/top_level.txt
/root/maturo_project/leap_low_v1/managed_components/micro_ros_espidf_component/micro_ros_src/install/lib/python3.13/site-packages/rosidl_cli-3.1.9-py3.13.egg-info/dependency_links.txt
/root/maturo_project/leap_low_v1/managed_components/micro_ros_espidf_component/micro_ros_src/install/lib/python3.13/site-packages/rosidl_cli-3.1.9-py3.13.egg-info/SOURCES.txt
/root/maturo_project/leap_low_v1/managed_components/micro_ros_espidf_component/micro_ros_src/install/lib/python3.13/site-packages/rosidl_cli-3.1.9-py3.13.egg-info/entry_points.txt
/root/maturo_project/leap_low_v1/managed_components/micro_ros_espidf_component/micro_ros_src/install/bin/rosidl
