CMake Deprecation Warning at CMakeLists.txt:1 (cmake_minimum_required):
  Compatibility with CMake < 3.10 will be removed from a future version of
  CMake.

  Update the VERSION argument <min> value.  Or, use the <min>...<max> syntax
  to tell CMake that the project requires at least <min> but has been updated
  to work with policies introduced by <max> or earlier.


In file included from /root/maturo_project/leap_low_v1/managed_components/micro_ros_espidf_component/micro_ros_src/src/rcl/rcl/src/rcl/rmw_implementation_identifier_check.c:20:
/root/esp/esp-idf/components/newlib/platform_include/stdio.h:10:2: warning: #include_next is a GCC extension
   10 | #include_next <stdio.h>
      |  ^~~~~~~~~~~~
/root/maturo_project/leap_low_v1/managed_components/micro_ros_espidf_component/micro_ros_src/src/rcl/rcl/src/rcl/graph.c: In function '__validate_node_name_and_namespace':
/root/maturo_project/leap_low_v1/managed_components/micro_ros_espidf_component/micro_ros_src/src/rcl/rcl/src/rcl/graph.c:56:18: warning: unused variable 'msg' [-Wunused-variable]
   56 |     const char * msg = rmw_namespace_validation_result_string(validation_result);
      |                  ^~~
/root/maturo_project/leap_low_v1/managed_components/micro_ros_espidf_component/micro_ros_src/src/rcl/rcl/src/rcl/graph.c:68:18: warning: unused variable 'msg' [-Wunused-variable]
   68 |     const char * msg = rmw_node_name_validation_result_string(validation_result);
      |                  ^~~
/root/maturo_project/leap_low_v1/managed_components/micro_ros_espidf_component/micro_ros_src/src/rcl/rcl/src/rcl/graph.c: In function '_rcl_wait_for_entities':
/root/maturo_project/leap_low_v1/managed_components/micro_ros_espidf_component/micro_ros_src/src/rcl/rcl/src/rcl/graph.c:524:28: warning: unused variable 'error' [-Wunused-variable]
  524 |     rcutils_error_string_t error = rcutils_get_error_string();
      |                            ^~~~~
/root/maturo_project/leap_low_v1/managed_components/micro_ros_espidf_component/micro_ros_src/src/rcl/rcl/src/rcl/graph.c:558:32: warning: unused variable 'error' [-Wunused-variable]
  558 |         rcutils_error_string_t error = rcutils_get_error_string();
      |                                ^~~~~
/root/maturo_project/leap_low_v1/managed_components/micro_ros_espidf_component/micro_ros_src/src/rcl/rcl/src/rcl/graph.c: In function '__rcl_get_info_by_topic':
/root/maturo_project/leap_low_v1/managed_components/micro_ros_espidf_component/micro_ros_src/src/rcl/rcl/src/rcl/graph.c:657:22: warning: variable 'error_string' set but not used [-Wunused-but-set-variable]
  657 |   rmw_error_string_t error_string;
      |                      ^~~~~~~~~~~~
/root/maturo_project/leap_low_v1/managed_components/micro_ros_espidf_component/micro_ros_src/src/rcl/rcl/src/rcl/init_options.c: In function 'rcl_init_options_copy':
/root/maturo_project/leap_low_v1/managed_components/micro_ros_espidf_component/micro_ros_src/src/rcl/rcl/src/rcl/init_options.c:108:24: warning: unused variable 'error_string' [-Wunused-variable]
  108 |     rmw_error_string_t error_string = rmw_get_error_string();
      |                        ^~~~~~~~~~~~
/root/maturo_project/leap_low_v1/managed_components/micro_ros_espidf_component/micro_ros_src/src/rcl/rcl/src/rcl/node_resolve_name.c: In function 'rcl_resolve_name':
/root/maturo_project/leap_low_v1/managed_components/micro_ros_espidf_component/micro_ros_src/src/rcl/rcl/src/rcl/network_flow_endpoints.c: In function '__validate_network_flow_endpoint_array':
/root/maturo_project/leap_low_v1/managed_components/micro_ros_espidf_component/micro_ros_src/src/rcl/rcl/src/rcl/network_flow_endpoints.c:43:22: warning: variable 'error_string' set but not used [-Wunused-but-set-variable]
   43 |   rmw_error_string_t error_string;
      |                      ^~~~~~~~~~~~
/root/maturo_project/leap_low_v1/managed_components/micro_ros_espidf_component/micro_ros_src/src/rcl/rcl/src/rcl/network_flow_endpoints.c: In function 'rcl_publisher_get_network_flow_endpoints':
/root/maturo_project/leap_low_v1/managed_components/micro_ros_espidf_component/micro_ros_src/src/rcl/rcl/src/rcl/network_flow_endpoints.c:75:22: warning: variable 'error_string' set but not used [-Wunused-but-set-variable]
   75 |   rmw_error_string_t error_string;
      |                      ^~~~~~~~~~~~
/root/maturo_project/leap_low_v1/managed_components/micro_ros_espidf_component/micro_ros_src/src/rcl/rcl/src/rcl/network_flow_endpoints.c: In function 'rcl_subscription_get_network_flow_endpoints':
/root/maturo_project/leap_low_v1/managed_components/micro_ros_espidf_component/micro_ros_src/src/rcl/rcl/src/rcl/network_flow_endpoints.c:106:22: warning: variable 'error_string' set but not used [-Wunused-but-set-variable]
  106 |   rmw_error_string_t error_string;
      |                      ^~~~~~~~~~~~
/root/maturo_project/leap_low_v1/managed_components/micro_ros_espidf_component/micro_ros_src/src/rcl/rcl/src/rcl/node_resolve_name.c:49:28: warning: unused variable 'error' [-Wunused-variable]
   49 |     rcutils_error_string_t error = rcutils_get_error_string();
      |                            ^~~~~
/root/maturo_project/leap_low_v1/managed_components/micro_ros_espidf_component/micro_ros_src/src/rcl/rcl/src/rcl/node_resolve_name.c:97:28: warning: unused variable 'error' [-Wunused-variable]
   97 |     rcutils_error_string_t error = rmw_get_error_string();
      |                            ^~~~~
/root/maturo_project/leap_low_v1/managed_components/micro_ros_espidf_component/micro_ros_src/src/rcl/rcl/src/rcl/node_resolve_name.c:114:28: warning: unused variable 'error' [-Wunused-variable]
  114 |     rcutils_error_string_t error = rcutils_get_error_string();
      |                            ^~~~~
/root/maturo_project/leap_low_v1/managed_components/micro_ros_espidf_component/micro_ros_src/src/rcl/rcl/src/rcl/node_resolve_name.c:33:27: warning: unused parameter 'local_args' [-Wunused-parameter]
   33 |   const rcl_arguments_t * local_args,
      |   ~~~~~~~~~~~~~~~~~~~~~~~~^~~~~~~~~~
/root/maturo_project/leap_low_v1/managed_components/micro_ros_espidf_component/micro_ros_src/src/rcl/rcl/src/rcl/node_resolve_name.c:34:27: warning: unused parameter 'global_args' [-Wunused-parameter]
   34 |   const rcl_arguments_t * global_args,
      |   ~~~~~~~~~~~~~~~~~~~~~~~~^~~~~~~~~~~
/root/maturo_project/leap_low_v1/managed_components/micro_ros_espidf_component/micro_ros_src/src/rcl/rcl/src/rcl/node_resolve_name.c:40:8: warning: unused parameter 'only_expand' [-Wunused-parameter]
   40 |   bool only_expand,
      |        ^
/root/maturo_project/leap_low_v1/managed_components/micro_ros_espidf_component/micro_ros_src/src/rcl/rcl/src/rcl/rmw_implementation_identifier_check.c: In function 'rcl_rmw_implementation_identifier_check':
/root/maturo_project/leap_low_v1/managed_components/micro_ros_espidf_component/micro_ros_src/src/rcl/rcl/src/rcl/rmw_implementation_identifier_check.c:136:34: warning: unused variable 'rmw_error_msg' [-Wunused-variable]
  136 |     const rcutils_error_string_t rmw_error_msg = rcl_get_error_string();
      |                                  ^~~~~~~~~~~~~
In file included from /root/maturo_project/leap_low_v1/managed_components/micro_ros_espidf_component/micro_ros_src/src/rcl/rcl/src/rcl/validate_topic_name.c:22:
/root/maturo_project/leap_low_v1/managed_components/micro_ros_espidf_component/micro_ros_src/src/rcl/rcl/src/rcl/validate_topic_name.c: In function 'rcl_validate_topic_name_with_size':
/root/maturo_project/leap_low_v1/managed_components/micro_ros_espidf_component/micro_ros_src/src/rcl/rcl/src/rcl/validate_topic_name.c:58:25: warning: array subscript has type 'char' [-Wchar-subscripts]
   58 |   if (isdigit(topic_name[0]) != 0) {
      |               ~~~~~~~~~~^~~
/root/maturo_project/leap_low_v1/managed_components/micro_ros_espidf_component/micro_ros_src/src/rcl/rcl/src/rcl/validate_topic_name.c:84:27: warning: array subscript has type 'char' [-Wchar-subscripts]
   84 |         isdigit(topic_name[i]) != 0 &&
      |                 ~~~~~~~~~~^~~
/root/maturo_project/leap_low_v1/managed_components/micro_ros_espidf_component/micro_ros_src/src/rcl/rcl/src/rcl/validate_topic_name.c:179:29: warning: array subscript has type 'char' [-Wchar-subscripts]
  179 |       if (isdigit(topic_name[i + 1]) != 0) {
      |                   ~~~~~~~~~~^~~~~~~
/root/maturo_project/leap_low_v1/managed_components/micro_ros_espidf_component/micro_ros_src/src/rcl/rcl/src/rcl/node.c: In function 'rcl_node_init':
/root/maturo_project/leap_low_v1/managed_components/micro_ros_espidf_component/micro_ros_src/src/rcl/rcl/src/rcl/node.c:166:18: warning: unused variable 'msg' [-Wunused-variable]
  166 |     const char * msg = rmw_node_name_validation_result_string(validation_result);
      |                  ^~~
/root/maturo_project/leap_low_v1/managed_components/micro_ros_espidf_component/micro_ros_src/src/rcl/rcl/src/rcl/node.c:198:18: warning: unused variable 'msg' [-Wunused-variable]
  198 |     const char * msg = rmw_namespace_validation_result_string(validation_result);
      |                  ^~~
