Not searching for unused variables given on the command line.
-- Found ament_cmake: 1.3.14 (/root/maturo_project/leap_low_v1/managed_components/micro_ros_espidf_component/micro_ros_dev/install/ament_cmake/share/ament_cmake/cmake)
-- Found Python3: /root/.espressif/python_env/idf5.5_py3.13_env/bin/python3 (found version "3.13.5") found components: Interpreter
-- Configuring done (2.1s)
-- Generating done (0.0s)
-- Build files have been written to: /root/maturo_project/leap_low_v1/managed_components/micro_ros_espidf_component/micro_ros_src/build/rosidl_parser
gmake[1]: Entering directory '/root/maturo_project/leap_low_v1/managed_components/micro_ros_espidf_component/micro_ros_src/build/rosidl_parser'
Built target ament_cmake_python_copy_rosidl_parser
running egg_info
creating rosidl_parser.egg-info
writing rosidl_parser.egg-info/PKG-INFO
writing dependency_links to rosidl_parser.egg-info/dependency_links.txt
writing top-level names to rosidl_parser.egg-info/top_level.txt
writing manifest file 'rosidl_parser.egg-info/SOURCES.txt'
reading manifest file 'rosidl_parser.egg-info/SOURCES.txt'
writing manifest file 'rosidl_parser.egg-info/SOURCES.txt'
Built target ament_cmake_python_build_rosidl_parser_egg
gmake[1]: Leaving directory '/root/maturo_project/leap_low_v1/managed_components/micro_ros_espidf_component/micro_ros_src/build/rosidl_parser'
-- Install configuration: "Release"
-- Installing: /root/maturo_project/leap_low_v1/managed_components/micro_ros_espidf_component/micro_ros_src/install/share/rosidl_parser/environment/pythonpath.sh
-- Installing: /root/maturo_project/leap_low_v1/managed_components/micro_ros_espidf_component/micro_ros_src/install/share/rosidl_parser/environment/pythonpath.dsv
-- Installing: /root/maturo_project/leap_low_v1/managed_components/micro_ros_espidf_component/micro_ros_src/install/lib/python3.13/site-packages/rosidl_parser-3.1.9-py3.13.egg-info
-- Installing: /root/maturo_project/leap_low_v1/managed_components/micro_ros_espidf_component/micro_ros_src/install/lib/python3.13/site-packages/rosidl_parser-3.1.9-py3.13.egg-info/PKG-INFO
-- Installing: /root/maturo_project/leap_low_v1/managed_components/micro_ros_espidf_component/micro_ros_src/install/lib/python3.13/site-packages/rosidl_parser-3.1.9-py3.13.egg-info/top_level.txt
-- Installing: /root/maturo_project/leap_low_v1/managed_components/micro_ros_espidf_component/micro_ros_src/install/lib/python3.13/site-packages/rosidl_parser-3.1.9-py3.13.egg-info/dependency_links.txt
-- Installing: /root/maturo_project/leap_low_v1/managed_components/micro_ros_espidf_component/micro_ros_src/install/lib/python3.13/site-packages/rosidl_parser-3.1.9-py3.13.egg-info/SOURCES.txt
-- Installing: /root/maturo_project/leap_low_v1/managed_components/micro_ros_espidf_component/micro_ros_src/install/lib/python3.13/site-packages/rosidl_parser
-- Installing: /root/maturo_project/leap_low_v1/managed_components/micro_ros_espidf_component/micro_ros_src/install/lib/python3.13/site-packages/rosidl_parser/parser.py
-- Installing: /root/maturo_project/leap_low_v1/managed_components/micro_ros_espidf_component/micro_ros_src/install/lib/python3.13/site-packages/rosidl_parser/definition.py
-- Installing: /root/maturo_project/leap_low_v1/managed_components/micro_ros_espidf_component/micro_ros_src/install/lib/python3.13/site-packages/rosidl_parser/__init__.py
-- Installing: /root/maturo_project/leap_low_v1/managed_components/micro_ros_espidf_component/micro_ros_src/install/lib/python3.13/site-packages/rosidl_parser/grammar.lark
Listing '/root/maturo_project/leap_low_v1/managed_components/micro_ros_espidf_component/micro_ros_src/install/lib/python3.13/site-packages/rosidl_parser'...
Compiling '/root/maturo_project/leap_low_v1/managed_components/micro_ros_espidf_component/micro_ros_src/install/lib/python3.13/site-packages/rosidl_parser/__init__.py'...
Compiling '/root/maturo_project/leap_low_v1/managed_components/micro_ros_espidf_component/micro_ros_src/install/lib/python3.13/site-packages/rosidl_parser/definition.py'...
Compiling '/root/maturo_project/leap_low_v1/managed_components/micro_ros_espidf_component/micro_ros_src/install/lib/python3.13/site-packages/rosidl_parser/parser.py'...
-- Installing: /root/maturo_project/leap_low_v1/managed_components/micro_ros_espidf_component/micro_ros_src/install/share/ament_index/resource_index/package_run_dependencies/rosidl_parser
-- Installing: /root/maturo_project/leap_low_v1/managed_components/micro_ros_espidf_component/micro_ros_src/install/share/ament_index/resource_index/parent_prefix_path/rosidl_parser
-- Installing: /root/maturo_project/leap_low_v1/managed_components/micro_ros_espidf_component/micro_ros_src/install/share/rosidl_parser/environment/ament_prefix_path.sh
-- Installing: /root/maturo_project/leap_low_v1/managed_components/micro_ros_espidf_component/micro_ros_src/install/share/rosidl_parser/environment/ament_prefix_path.dsv
-- Installing: /root/maturo_project/leap_low_v1/managed_components/micro_ros_espidf_component/micro_ros_src/install/share/rosidl_parser/environment/path.sh
-- Installing: /root/maturo_project/leap_low_v1/managed_components/micro_ros_espidf_component/micro_ros_src/install/share/rosidl_parser/environment/path.dsv
-- Installing: /root/maturo_project/leap_low_v1/managed_components/micro_ros_espidf_component/micro_ros_src/install/share/rosidl_parser/local_setup.bash
-- Installing: /root/maturo_project/leap_low_v1/managed_components/micro_ros_espidf_component/micro_ros_src/install/share/rosidl_parser/local_setup.sh
-- Installing: /root/maturo_project/leap_low_v1/managed_components/micro_ros_espidf_component/micro_ros_src/install/share/rosidl_parser/local_setup.zsh
-- Installing: /root/maturo_project/leap_low_v1/managed_components/micro_ros_espidf_component/micro_ros_src/install/share/rosidl_parser/local_setup.dsv
-- Installing: /root/maturo_project/leap_low_v1/managed_components/micro_ros_espidf_component/micro_ros_src/install/share/rosidl_parser/package.dsv
-- Installing: /root/maturo_project/leap_low_v1/managed_components/micro_ros_espidf_component/micro_ros_src/install/share/ament_index/resource_index/packages/rosidl_parser
-- Installing: /root/maturo_project/leap_low_v1/managed_components/micro_ros_espidf_component/micro_ros_src/install/share/rosidl_parser/cmake/rosidl_parserConfig.cmake
-- Installing: /root/maturo_project/leap_low_v1/managed_components/micro_ros_espidf_component/micro_ros_src/install/share/rosidl_parser/cmake/rosidl_parserConfig-version.cmake
-- Installing: /root/maturo_project/leap_low_v1/managed_components/micro_ros_espidf_component/micro_ros_src/install/share/rosidl_parser/package.xml
-- Installing: /root/maturo_project/leap_low_v1/managed_components/micro_ros_espidf_component/micro_ros_src/install/lib/rosidl_parser/idl2png
