In file included from /root/maturo_project/leap_low_v1/managed_components/micro_ros_espidf_component/micro_ros_src/src/Micro-XRCE-DDS-Client/src/c/util/time.c:3:
/root/esp/esp-idf/components/newlib/platform_include/time.h:11:2: warning: #include_next is a GCC extension
   11 | #include_next <time.h>
      |  ^~~~~~~~~~~~
In file included from /root/esp/esp-idf/components/lwip/port/esp32xx/include/sys/socket.h:15,
                 from /root/maturo_project/leap_low_v1/managed_components/micro_ros_espidf_component/micro_ros_src/src/Micro-XRCE-DDS-Client/src/c/profile/discovery/transport/udp_transport_datagram_posix_nopoll.c:4:
/root/esp/esp-idf/components/lwip/include/lwip/sockets.h:8:2: warning: #include_next is a GCC extension
    8 | #include_next "lwip/sockets.h"
      |  ^~~~~~~~~~~~
In file included from /root/esp/esp-idf/components/lwip/port/esp32xx/include/sys/socket.h:15,
                 from /root/maturo_project/leap_low_v1/managed_components/micro_ros_espidf_component/micro_ros_src/src/Micro-XRCE-DDS-Client/src/c/profile/transport/ip/udp/udp_transport_posix_nopoll.c:5:
/root/esp/esp-idf/components/lwip/include/lwip/sockets.h:8:2: warning: #include_next is a GCC extension
    8 | #include_next "lwip/sockets.h"
      |  ^~~~~~~~~~~~
In file included from /root/esp/esp-idf/components/esp_hw_support/include/esp_intr_alloc.h:11,
                 from /root/esp/esp-idf/components/esp_hw_support/include/esp_cpu.h:21,
                 from /root/esp/esp-idf/components/esp_hw_support/include/spinlock.h:11,
                 from /root/esp/esp-idf/components/freertos/FreeRTOS-Kernel/portable/xtensa/include/freertos/portmacro.h:49,
                 from /root/esp/esp-idf/components/freertos/FreeRTOS-Kernel/include/freertos/portable.h:57,
                 from /root/esp/esp-idf/components/freertos/FreeRTOS-Kernel/include/freertos/FreeRTOS.h:69,
                 from /root/esp/esp-idf/components/esp_system/include/esp_task.h:24,
                 from /root/esp/esp-idf/components/lwip/port/include/lwipopts.h:20,
                 from /root/esp/esp-idf/components/lwip/lwip/src/include/lwip/opt.h:51,
                 from /root/esp/esp-idf/components/lwip/lwip/src/include/lwip/sockets.h:42,
                 from /root/esp/esp-idf/components/lwip/include/lwip/sockets.h:8:
/root/esp/esp-idf/components/newlib/platform_include/stdio.h:10:2: warning: #include_next is a GCC extension
   10 | #include_next <stdio.h>
      |  ^~~~~~~~~~~~
In file included from /root/esp/esp-idf/components/esp_hw_support/include/esp_intr_alloc.h:11,
                 from /root/esp/esp-idf/components/esp_hw_support/include/esp_cpu.h:21,
                 from /root/esp/esp-idf/components/esp_hw_support/include/spinlock.h:11,
                 from /root/esp/esp-idf/components/freertos/FreeRTOS-Kernel/portable/xtensa/include/freertos/portmacro.h:49,
                 from /root/esp/esp-idf/components/freertos/FreeRTOS-Kernel/include/freertos/portable.h:57,
                 from /root/esp/esp-idf/components/freertos/FreeRTOS-Kernel/include/freertos/FreeRTOS.h:69,
                 from /root/esp/esp-idf/components/esp_system/include/esp_task.h:24,
                 from /root/esp/esp-idf/components/lwip/port/include/lwipopts.h:20,
                 from /root/esp/esp-idf/components/lwip/lwip/src/include/lwip/opt.h:51,
                 from /root/esp/esp-idf/components/lwip/lwip/src/include/lwip/inet.h:43,
                 from /root/esp/esp-idf/components/lwip/port/include/arpa/inet.h:10,
                 from /root/maturo_project/leap_low_v1/managed_components/micro_ros_espidf_component/micro_ros_src/src/Micro-XRCE-DDS-Client/src/c/profile/transport/ip/ip_posix.c:18:
/root/esp/esp-idf/components/newlib/platform_include/stdio.h:10:2: warning: #include_next is a GCC extension
   10 | #include_next <stdio.h>
      |  ^~~~~~~~~~~~
In file included from /root/maturo_project/leap_low_v1/managed_components/micro_ros_espidf_component/micro_ros_src/src/Micro-XRCE-DDS-Client/src/c/profile/transport/ip/udp/udp_transport_posix_nopoll.c:6:
/root/esp/esp-idf/components/newlib/platform_include/sys/time.h:21:2: warning: #include_next is a GCC extension
   21 | #include_next <sys/time.h>
      |  ^~~~~~~~~~~~
In file included from /root/esp/esp-idf/components/esp_hw_support/include/esp_intr_alloc.h:11,
                 from /root/esp/esp-idf/components/esp_hw_support/include/esp_cpu.h:21,
                 from /root/esp/esp-idf/components/esp_hw_support/include/spinlock.h:11,
                 from /root/esp/esp-idf/components/freertos/FreeRTOS-Kernel/portable/xtensa/include/freertos/portmacro.h:49,
                 from /root/esp/esp-idf/components/freertos/FreeRTOS-Kernel/include/freertos/portable.h:57,
                 from /root/esp/esp-idf/components/freertos/FreeRTOS-Kernel/include/freertos/FreeRTOS.h:69,
                 from /root/esp/esp-idf/components/esp_system/include/esp_task.h:24,
                 from /root/esp/esp-idf/components/lwip/port/include/lwipopts.h:20,
                 from /root/esp/esp-idf/components/lwip/lwip/src/include/lwip/opt.h:51,
                 from /root/esp/esp-idf/components/lwip/lwip/src/include/lwip/sockets.h:42,
                 from /root/esp/esp-idf/components/lwip/include/lwip/sockets.h:8:
/root/esp/esp-idf/components/newlib/platform_include/stdio.h:10:2: warning: #include_next is a GCC extension
   10 | #include_next <stdio.h>
      |  ^~~~~~~~~~~~
In file included from /root/esp/esp-idf/components/lwip/port/include/netdb.h:14,
                 from /root/maturo_project/leap_low_v1/managed_components/micro_ros_espidf_component/micro_ros_src/src/Micro-XRCE-DDS-Client/src/c/profile/transport/ip/udp/udp_transport_posix_nopoll.c:7:
/root/esp/esp-idf/components/lwip/include/lwip/netdb.h:9:2: warning: #include_next is a GCC extension
    9 | #include_next "lwip/netdb.h"
      |  ^~~~~~~~~~~~
In file included from /root/esp/esp-idf/components/lwip/port/esp32xx/include/sys/socket.h:15,
                 from /root/maturo_project/leap_low_v1/managed_components/micro_ros_espidf_component/micro_ros_src/src/Micro-XRCE-DDS-Client/src/c/profile/transport/ip/ip_posix.c:20:
/root/esp/esp-idf/components/lwip/include/lwip/sockets.h:8:2: warning: #include_next is a GCC extension
    8 | #include_next "lwip/sockets.h"
      |  ^~~~~~~~~~~~
In file included from /root/esp/esp-idf/components/lwip/port/include/netdb.h:14,
                 from /root/maturo_project/leap_low_v1/managed_components/micro_ros_espidf_component/micro_ros_src/src/Micro-XRCE-DDS-Client/src/c/profile/discovery/transport/udp_transport_datagram_posix_nopoll.c:5:
/root/esp/esp-idf/components/lwip/include/lwip/netdb.h:9:2: warning: #include_next is a GCC extension
    9 | #include_next "lwip/netdb.h"
      |  ^~~~~~~~~~~~
