Not searching for unused variables given on the command line.
-- The C compiler identification is GNU 14.2.0
-- Detecting C compiler ABI info
-- Detecting C compiler ABI info - done
-- Check for working C compiler: /root/.espressif/tools/xtensa-esp-elf/esp-14.2.0_20251107/xtensa-esp-elf/bin/xtensa-esp32s3-elf-gcc - skipped
-- Detecting C compile features
-- Detecting C compile features - done
-- Configuring done (0.5s)
-- Generating done (0.0s)
-- Build files have been written to: /root/maturo_project/leap_low_v1/managed_components/micro_ros_espidf_component/micro_ros_src/build/microxrcedds_client
gmake[1]: Entering directory '/root/maturo_project/leap_low_v1/managed_components/micro_ros_espidf_component/micro_ros_src/build/microxrcedds_client'
[  3%] Building C object CMakeFiles/microxrcedds_client.dir/src/c/core/session/stream/output_best_effort_stream.c.obj
[  6%] Building C object CMakeFiles/microxrcedds_client.dir/src/c/core/session/stream/input_reliable_stream.c.obj
[ 10%] Building C object CMakeFiles/microxrcedds_client.dir/src/c/core/session/stream/input_best_effort_stream.c.obj
[ 13%] Building C object CMakeFiles/microxrcedds_client.dir/src/c/core/session/stream/stream_id.c.obj
[ 16%] Building C object CMakeFiles/microxrcedds_client.dir/src/c/core/session/stream/stream_storage.c.obj
[ 23%] Building C object CMakeFiles/microxrcedds_client.dir/src/c/util/time.c.obj
[ 23%] Building C object CMakeFiles/microxrcedds_client.dir/src/c/core/session/session.c.obj
[ 26%] Building C object CMakeFiles/microxrcedds_client.dir/src/c/core/session/stream/output_reliable_stream.c.obj
[ 30%] Building C object CMakeFiles/microxrcedds_client.dir/src/c/core/session/stream/seq_num.c.obj
[ 33%] Building C object CMakeFiles/microxrcedds_client.dir/src/c/core/serialization/xrce_subheader.c.obj
[ 36%] Building C object CMakeFiles/microxrcedds_client.dir/src/c/core/session/object_id.c.obj
[ 40%] Building C object CMakeFiles/microxrcedds_client.dir/src/c/core/session/submessage.c.obj
[ 43%] Building C object CMakeFiles/microxrcedds_client.dir/src/c/core/session/session_info.c.obj
[ 46%] Building C object CMakeFiles/microxrcedds_client.dir/src/c/core/serialization/xrce_types.c.obj
[ 53%] Building C object CMakeFiles/microxrcedds_client.dir/src/c/core/serialization/xrce_header.c.obj
[ 50%] Building C object CMakeFiles/microxrcedds_client.dir/src/c/profile/transport/stream_framing/stream_framing_protocol.c.obj
[ 56%] Building C object CMakeFiles/microxrcedds_client.dir/src/c/core/session/create_entities_ref.c.obj
[ 60%] Building C object CMakeFiles/microxrcedds_client.dir/src/c/core/session/write_access.c.obj
[ 63%] Building C object CMakeFiles/microxrcedds_client.dir/src/c/core/session/read_access.c.obj
[ 66%] Building C object CMakeFiles/microxrcedds_client.dir/src/c/core/session/create_entities_bin.c.obj
[ 70%] Building C object CMakeFiles/microxrcedds_client.dir/src/c/core/session/common_create_entities.c.obj
[ 73%] Building C object CMakeFiles/microxrcedds_client.dir/src/c/util/ping.c.obj
[ 76%] Building C object CMakeFiles/microxrcedds_client.dir/src/c/profile/transport/ip/udp/udp_transport_posix_nopoll.c.obj
[ 80%] Building C object CMakeFiles/microxrcedds_client.dir/src/c/profile/transport/ip/udp/udp_transport.c.obj
[ 86%] Building C object CMakeFiles/microxrcedds_client.dir/src/c/core/session/create_entities_xml.c.obj
[ 90%] Building C object CMakeFiles/microxrcedds_client.dir/src/c/profile/discovery/transport/udp_transport_datagram_posix_nopoll.c.obj
[ 93%] Building C object CMakeFiles/microxrcedds_client.dir/src/c/profile/discovery/discovery.c.obj
[ 83%] Building C object CMakeFiles/microxrcedds_client.dir/src/c/profile/transport/ip/ip_posix.c.obj
[ 96%] Building C object CMakeFiles/microxrcedds_client.dir/src/c/profile/transport/custom/custom_transport.c.obj
In file included from /root/maturo_project/leap_low_v1/managed_components/micro_ros_espidf_component/micro_ros_src/src/Micro-XRCE-DDS-Client/src/c/util/time.c:3:
/root/esp/esp-idf/components/newlib/platform_include/time.h:11:2: warning: #include_next is a GCC extension
   11 | #include_next <time.h>
      |  ^~~~~~~~~~~~
In file included from /root/esp/esp-idf/components/lwip/port/esp32xx/include/sys/socket.h:15,
                 from /root/maturo_project/leap_low_v1/managed_components/micro_ros_espidf_component/micro_ros_src/src/Micro-XRCE-DDS-Client/src/c/profile/discovery/transport/udp_transport_datagram_posix_nopoll.c:4:
/root/esp/esp-idf/components/lwip/include/lwip/sockets.h:8:2: warning: #include_next is a GCC extension
    8 | #include_next "lwip/sockets.h"
      |  ^~~~~~~~~~~~
In file included from /root/esp/esp-idf/components/lwip/port/esp32xx/include/sys/socket.h:15,
                 from /root/maturo_project/leap_low_v1/managed_components/micro_ros_espidf_component/micro_ros_src/src/Micro-XRCE-DDS-Client/src/c/profile/transport/ip/udp/udp_transport_posix_nopoll.c:5:
/root/esp/esp-idf/components/lwip/include/lwip/sockets.h:8:2: warning: #include_next is a GCC extension
    8 | #include_next "lwip/sockets.h"
      |  ^~~~~~~~~~~~
In file included from /root/esp/esp-idf/components/esp_hw_support/include/esp_intr_alloc.h:11,
                 from /root/esp/esp-idf/components/esp_hw_support/include/esp_cpu.h:21,
                 from /root/esp/esp-idf/components/esp_hw_support/include/spinlock.h:11,
                 from /root/esp/esp-idf/components/freertos/FreeRTOS-Kernel/portable/xtensa/include/freertos/portmacro.h:49,
                 from /root/esp/esp-idf/components/freertos/FreeRTOS-Kernel/include/freertos/portable.h:57,
                 from /root/esp/esp-idf/components/freertos/FreeRTOS-Kernel/include/freertos/FreeRTOS.h:69,
                 from /root/esp/esp-idf/components/esp_system/include/esp_task.h:24,
                 from /root/esp/esp-idf/components/lwip/port/include/lwipopts.h:20,
                 from /root/esp/esp-idf/components/lwip/lwip/src/include/lwip/opt.h:51,
                 from /root/esp/esp-idf/components/lwip/lwip/src/include/lwip/sockets.h:42,
                 from /root/esp/esp-idf/components/lwip/include/lwip/sockets.h:8:
/root/esp/esp-idf/components/newlib/platform_include/stdio.h:10:2: warning: #include_next is a GCC extension
   10 | #include_next <stdio.h>
      |  ^~~~~~~~~~~~
In file included from /root/esp/esp-idf/components/esp_hw_support/include/esp_intr_alloc.h:11,
                 from /root/esp/esp-idf/components/esp_hw_support/include/esp_cpu.h:21,
                 from /root/esp/esp-idf/components/esp_hw_support/include/spinlock.h:11,
                 from /root/esp/esp-idf/components/freertos/FreeRTOS-Kernel/portable/xtensa/include/freertos/portmacro.h:49,
                 from /root/esp/esp-idf/components/freertos/FreeRTOS-Kernel/include/freertos/portable.h:57,
                 from /root/esp/esp-idf/components/freertos/FreeRTOS-Kernel/include/freertos/FreeRTOS.h:69,
                 from /root/esp/esp-idf/components/esp_system/include/esp_task.h:24,
                 from /root/esp/esp-idf/components/lwip/port/include/lwipopts.h:20,
                 from /root/esp/esp-idf/components/lwip/lwip/src/include/lwip/opt.h:51,
                 from /root/esp/esp-idf/components/lwip/lwip/src/include/lwip/inet.h:43,
                 from /root/esp/esp-idf/components/lwip/port/include/arpa/inet.h:10,
                 from /root/maturo_project/leap_low_v1/managed_components/micro_ros_espidf_component/micro_ros_src/src/Micro-XRCE-DDS-Client/src/c/profile/transport/ip/ip_posix.c:18:
/root/esp/esp-idf/components/newlib/platform_include/stdio.h:10:2: warning: #include_next is a GCC extension
   10 | #include_next <stdio.h>
      |  ^~~~~~~~~~~~
In file included from /root/maturo_project/leap_low_v1/managed_components/micro_ros_espidf_component/micro_ros_src/src/Micro-XRCE-DDS-Client/src/c/profile/transport/ip/udp/udp_transport_posix_nopoll.c:6:
/root/esp/esp-idf/components/newlib/platform_include/sys/time.h:21:2: warning: #include_next is a GCC extension
   21 | #include_next <sys/time.h>
      |  ^~~~~~~~~~~~
In file included from /root/esp/esp-idf/components/esp_hw_support/include/esp_intr_alloc.h:11,
                 from /root/esp/esp-idf/components/esp_hw_support/include/esp_cpu.h:21,
                 from /root/esp/esp-idf/components/esp_hw_support/include/spinlock.h:11,
                 from /root/esp/esp-idf/components/freertos/FreeRTOS-Kernel/portable/xtensa/include/freertos/portmacro.h:49,
                 from /root/esp/esp-idf/components/freertos/FreeRTOS-Kernel/include/freertos/portable.h:57,
                 from /root/esp/esp-idf/components/freertos/FreeRTOS-Kernel/include/freertos/FreeRTOS.h:69,
                 from /root/esp/esp-idf/components/esp_system/include/esp_task.h:24,
                 from /root/esp/esp-idf/components/lwip/port/include/lwipopts.h:20,
                 from /root/esp/esp-idf/components/lwip/lwip/src/include/lwip/opt.h:51,
                 from /root/esp/esp-idf/components/lwip/lwip/src/include/lwip/sockets.h:42,
                 from /root/esp/esp-idf/components/lwip/include/lwip/sockets.h:8:
/root/esp/esp-idf/components/newlib/platform_include/stdio.h:10:2: warning: #include_next is a GCC extension
   10 | #include_next <stdio.h>
      |  ^~~~~~~~~~~~
In file included from /root/esp/esp-idf/components/lwip/port/include/netdb.h:14,
                 from /root/maturo_project/leap_low_v1/managed_components/micro_ros_espidf_component/micro_ros_src/src/Micro-XRCE-DDS-Client/src/c/profile/transport/ip/udp/udp_transport_posix_nopoll.c:7:
/root/esp/esp-idf/components/lwip/include/lwip/netdb.h:9:2: warning: #include_next is a GCC extension
    9 | #include_next "lwip/netdb.h"
      |  ^~~~~~~~~~~~
In file included from /root/esp/esp-idf/components/lwip/port/esp32xx/include/sys/socket.h:15,
                 from /root/maturo_project/leap_low_v1/managed_components/micro_ros_espidf_component/micro_ros_src/src/Micro-XRCE-DDS-Client/src/c/profile/transport/ip/ip_posix.c:20:
/root/esp/esp-idf/components/lwip/include/lwip/sockets.h:8:2: warning: #include_next is a GCC extension
    8 | #include_next "lwip/sockets.h"
      |  ^~~~~~~~~~~~
In file included from /root/esp/esp-idf/components/lwip/port/include/netdb.h:14,
                 from /root/maturo_project/leap_low_v1/managed_components/micro_ros_espidf_component/micro_ros_src/src/Micro-XRCE-DDS-Client/src/c/profile/discovery/transport/udp_transport_datagram_posix_nopoll.c:5:
/root/esp/esp-idf/components/lwip/include/lwip/netdb.h:9:2: warning: #include_next is a GCC extension
    9 | #include_next "lwip/netdb.h"
      |  ^~~~~~~~~~~~
[100%] Linking C static library libmicroxrcedds_client.a
[100%] Built target microxrcedds_client
gmake[1]: Leaving directory '/root/maturo_project/leap_low_v1/managed_components/micro_ros_espidf_component/micro_ros_src/build/microxrcedds_client'
-- Install configuration: "Release"
-- Installing: /root/maturo_project/leap_low_v1/managed_components/micro_ros_espidf_component/micro_ros_src/install/lib/libmicroxrcedds_client.a
-- Installing: /root/maturo_project/leap_low_v1/managed_components/micro_ros_espidf_component/micro_ros_src/install/include/uxr/client
-- Installing: /root/maturo_project/leap_low_v1/managed_components/micro_ros_espidf_component/micro_ros_src/install/include/uxr/client/profile
-- Installing: /root/maturo_project/leap_low_v1/managed_components/micro_ros_espidf_component/micro_ros_src/install/include/uxr/client/profile/transport
-- Installing: /root/maturo_project/leap_low_v1/managed_components/micro_ros_espidf_component/micro_ros_src/install/include/uxr/client/profile/transport/custom
-- Installing: /root/maturo_project/leap_low_v1/managed_components/micro_ros_espidf_component/micro_ros_src/install/include/uxr/client/profile/transport/custom/custom_transport.h
-- Installing: /root/maturo_project/leap_low_v1/managed_components/micro_ros_espidf_component/micro_ros_src/install/include/uxr/client/profile/transport/can
-- Installing: /root/maturo_project/leap_low_v1/managed_components/micro_ros_espidf_component/micro_ros_src/install/include/uxr/client/profile/transport/can/can_transport.h
-- Installing: /root/maturo_project/leap_low_v1/managed_components/micro_ros_espidf_component/micro_ros_src/install/include/uxr/client/profile/transport/can/can_transport_posix.h
-- Installing: /root/maturo_project/leap_low_v1/managed_components/micro_ros_espidf_component/micro_ros_src/install/include/uxr/client/profile/transport/serial
-- Installing: /root/maturo_project/leap_low_v1/managed_components/micro_ros_espidf_component/micro_ros_src/install/include/uxr/client/profile/transport/serial/serial_transport_rtems_bsd_net.h
-- Installing: /root/maturo_project/leap_low_v1/managed_components/micro_ros_espidf_component/micro_ros_src/install/include/uxr/client/profile/transport/serial/serial_transport.h
-- Installing: /root/maturo_project/leap_low_v1/managed_components/micro_ros_espidf_component/micro_ros_src/install/include/uxr/client/profile/transport/serial/serial_transport_platform.h
-- Installing: /root/maturo_project/leap_low_v1/managed_components/micro_ros_espidf_component/micro_ros_src/install/include/uxr/client/profile/transport/serial/serial_transport_posix.h
-- Installing: /root/maturo_project/leap_low_v1/managed_components/micro_ros_espidf_component/micro_ros_src/install/include/uxr/client/profile/transport/stream_framing
-- Installing: /root/maturo_project/leap_low_v1/managed_components/micro_ros_espidf_component/micro_ros_src/install/include/uxr/client/profile/transport/stream_framing/stream_framing_protocol.h
-- Installing: /root/maturo_project/leap_low_v1/managed_components/micro_ros_espidf_component/micro_ros_src/install/include/uxr/client/profile/transport/ip
-- Installing: /root/maturo_project/leap_low_v1/managed_components/micro_ros_espidf_component/micro_ros_src/install/include/uxr/client/profile/transport/ip/tcp
-- Installing: /root/maturo_project/leap_low_v1/managed_components/micro_ros_espidf_component/micro_ros_src/install/include/uxr/client/profile/transport/ip/tcp/tcp_transport_rtems_bsd_net.h
-- Installing: /root/maturo_project/leap_low_v1/managed_components/micro_ros_espidf_component/micro_ros_src/install/include/uxr/client/profile/transport/ip/tcp/tcp_transport_posix_nopoll.h
-- Installing: /root/maturo_project/leap_low_v1/managed_components/micro_ros_espidf_component/micro_ros_src/install/include/uxr/client/profile/transport/ip/tcp/tcp_transport_posix.h
-- Installing: /root/maturo_project/leap_low_v1/managed_components/micro_ros_espidf_component/micro_ros_src/install/include/uxr/client/profile/transport/ip/tcp/tcp_transport_freertos_plus_tcp.h
-- Installing: /root/maturo_project/leap_low_v1/managed_components/micro_ros_espidf_component/micro_ros_src/install/include/uxr/client/profile/transport/ip/tcp/tcp_transport_windows.h
-- Installing: /root/maturo_project/leap_low_v1/managed_components/micro_ros_espidf_component/micro_ros_src/install/include/uxr/client/profile/transport/ip/tcp/tcp_transport.h
-- Installing: /root/maturo_project/leap_low_v1/managed_components/micro_ros_espidf_component/micro_ros_src/install/include/uxr/client/profile/transport/ip/ip.h
-- Installing: /root/maturo_project/leap_low_v1/managed_components/micro_ros_espidf_component/micro_ros_src/install/include/uxr/client/profile/transport/ip/udp
-- Installing: /root/maturo_project/leap_low_v1/managed_components/micro_ros_espidf_component/micro_ros_src/install/include/uxr/client/profile/transport/ip/udp/udp_transport_posix.h
-- Installing: /root/maturo_project/leap_low_v1/managed_components/micro_ros_espidf_component/micro_ros_src/install/include/uxr/client/profile/transport/ip/udp/udp_transport.h
-- Installing: /root/maturo_project/leap_low_v1/managed_components/micro_ros_espidf_component/micro_ros_src/install/include/uxr/client/profile/transport/ip/udp/udp_transport_rtems_bsd_net.h
-- Installing: /root/maturo_project/leap_low_v1/managed_components/micro_ros_espidf_component/micro_ros_src/install/include/uxr/client/profile/transport/ip/udp/udp_transport_windows.h
-- Installing: /root/maturo_project/leap_low_v1/managed_components/micro_ros_espidf_component/micro_ros_src/install/include/uxr/client/profile/transport/ip/udp/udp_transport_freertos_plus_tcp.h
-- Installing: /root/maturo_project/leap_low_v1/managed_components/micro_ros_espidf_component/micro_ros_src/install/include/uxr/client/profile/transport/ip/udp/udp_transport_posix_nopoll.h
-- Installing: /root/maturo_project/leap_low_v1/managed_components/micro_ros_espidf_component/micro_ros_src/install/include/uxr/client/profile/multithread
-- Installing: /root/maturo_project/leap_low_v1/managed_components/micro_ros_espidf_component/micro_ros_src/install/include/uxr/client/profile/multithread/multithread.h
-- Installing: /root/maturo_project/leap_low_v1/managed_components/micro_ros_espidf_component/micro_ros_src/install/include/uxr/client/profile/discovery
-- Installing: /root/maturo_project/leap_low_v1/managed_components/micro_ros_espidf_component/micro_ros_src/install/include/uxr/client/profile/discovery/discovery.h
-- Installing: /root/maturo_project/leap_low_v1/managed_components/micro_ros_espidf_component/micro_ros_src/install/include/uxr/client/util
-- Installing: /root/maturo_project/leap_low_v1/managed_components/micro_ros_espidf_component/micro_ros_src/install/include/uxr/client/util/ping.h
-- Installing: /root/maturo_project/leap_low_v1/managed_components/micro_ros_espidf_component/micro_ros_src/install/include/uxr/client/util/time.h
-- Installing: /root/maturo_project/leap_low_v1/managed_components/micro_ros_espidf_component/micro_ros_src/install/include/uxr/client/client.h
-- Installing: /root/maturo_project/leap_low_v1/managed_components/micro_ros_espidf_component/micro_ros_src/install/include/uxr/client/transport.h
-- Installing: /root/maturo_project/leap_low_v1/managed_components/micro_ros_espidf_component/micro_ros_src/install/include/uxr/client/core
-- Installing: /root/maturo_project/leap_low_v1/managed_components/micro_ros_espidf_component/micro_ros_src/install/include/uxr/client/core/session
-- Installing: /root/maturo_project/leap_low_v1/managed_components/micro_ros_espidf_component/micro_ros_src/install/include/uxr/client/core/session/time_sync.h
-- Installing: /root/maturo_project/leap_low_v1/managed_components/micro_ros_espidf_component/micro_ros_src/install/include/uxr/client/core/session/stream
-- Installing: /root/maturo_project/leap_low_v1/managed_components/micro_ros_espidf_component/micro_ros_src/install/include/uxr/client/core/session/stream/input_best_effort_stream.h
-- Installing: /root/maturo_project/leap_low_v1/managed_components/micro_ros_espidf_component/micro_ros_src/install/include/uxr/client/core/session/stream/stream_storage.h
-- Installing: /root/maturo_project/leap_low_v1/managed_components/micro_ros_espidf_component/micro_ros_src/install/include/uxr/client/core/session/stream/reliable_stream.h
-- Installing: /root/maturo_project/leap_low_v1/managed_components/micro_ros_espidf_component/micro_ros_src/install/include/uxr/client/core/session/stream/stream_id.h
-- Installing: /root/maturo_project/leap_low_v1/managed_components/micro_ros_espidf_component/micro_ros_src/install/include/uxr/client/core/session/stream/seq_num.h
-- Installing: /root/maturo_project/leap_low_v1/managed_components/micro_ros_espidf_component/micro_ros_src/install/include/uxr/client/core/session/stream/output_best_effort_stream.h
-- Installing: /root/maturo_project/leap_low_v1/managed_components/micro_ros_espidf_component/micro_ros_src/install/include/uxr/client/core/session/stream/output_reliable_stream.h
-- Installing: /root/maturo_project/leap_low_v1/managed_components/micro_ros_espidf_component/micro_ros_src/install/include/uxr/client/core/session/stream/input_reliable_stream.h
-- Installing: /root/maturo_project/leap_low_v1/managed_components/micro_ros_espidf_component/micro_ros_src/install/include/uxr/client/core/session/common_create_entities.h
-- Installing: /root/maturo_project/leap_low_v1/managed_components/micro_ros_espidf_component/micro_ros_src/install/include/uxr/client/core/session/read_access.h
-- Installing: /root/maturo_project/leap_low_v1/managed_components/micro_ros_espidf_component/micro_ros_src/install/include/uxr/client/core/session/write_access.h
-- Installing: /root/maturo_project/leap_low_v1/managed_components/micro_ros_espidf_component/micro_ros_src/install/include/uxr/client/core/session/object_id.h
-- Installing: /root/maturo_project/leap_low_v1/managed_components/micro_ros_espidf_component/micro_ros_src/install/include/uxr/client/core/session/session_info.h
-- Installing: /root/maturo_project/leap_low_v1/managed_components/micro_ros_espidf_component/micro_ros_src/install/include/uxr/client/core/session/create_entities_ref.h
-- Installing: /root/maturo_project/leap_low_v1/managed_components/micro_ros_espidf_component/micro_ros_src/install/include/uxr/client/core/session/create_entities_bin.h
-- Installing: /root/maturo_project/leap_low_v1/managed_components/micro_ros_espidf_component/micro_ros_src/install/include/uxr/client/core/session/session.h
-- Installing: /root/maturo_project/leap_low_v1/managed_components/micro_ros_espidf_component/micro_ros_src/install/include/uxr/client/core/session/create_entities_xml.h
-- Installing: /root/maturo_project/leap_low_v1/managed_components/micro_ros_espidf_component/micro_ros_src/install/include/uxr/client/core/communication
-- Installing: /root/maturo_project/leap_low_v1/managed_components/micro_ros_espidf_component/micro_ros_src/install/include/uxr/client/core/communication/communication.h
-- Installing: /root/maturo_project/leap_low_v1/managed_components/micro_ros_espidf_component/micro_ros_src/install/include/uxr/client/core/type
-- Installing: /root/maturo_project/leap_low_v1/managed_components/micro_ros_espidf_component/micro_ros_src/install/include/uxr/client/core/type/xrce_types.h
-- Installing: /root/maturo_project/leap_low_v1/managed_components/micro_ros_espidf_component/micro_ros_src/install/include/uxr/client/defines.h
-- Installing: /root/maturo_project/leap_low_v1/managed_components/micro_ros_espidf_component/micro_ros_src/install/include/uxr/client/visibility.h
-- Installing: /root/maturo_project/leap_low_v1/managed_components/micro_ros_espidf_component/micro_ros_src/install/include/uxr/client/config.h
-- Installing: /root/maturo_project/leap_low_v1/managed_components/micro_ros_espidf_component/micro_ros_src/install/share/microxrcedds_client/cmake/microxrcedds_clientTargets.cmake
-- Installing: /root/maturo_project/leap_low_v1/managed_components/micro_ros_espidf_component/micro_ros_src/install/share/microxrcedds_client/cmake/microxrcedds_clientTargets-release.cmake
-- Installing: /root/maturo_project/leap_low_v1/managed_components/micro_ros_espidf_component/micro_ros_src/install/share/microxrcedds_client/cmake/microxrcedds_clientConfig.cmake
-- Installing: /root/maturo_project/leap_low_v1/managed_components/micro_ros_espidf_component/micro_ros_src/install/share/microxrcedds_client/cmake/microxrcedds_clientConfigVersion.cmake
